Archive member included to satisfy reference by file (symbol)

/usr/lib/gap_riscv_toolchain/bin/../lib/gcc/riscv32-unknown-elf/7.1.1/rv32imcxgap8/ilp32/libgcc.a(_bswapsi2.o)
                              /home/bitcraze/Desktop/IAA_Labs/lab4/gap8/BUILD/GAP8_V2/GCC_RISCV_FREERTOS//home/bitcraze/projects/gap_sdk/rtos/pmsis/bsp/fs/lfs/lfs.o (__bswapsi2)
/usr/lib/gap_riscv_toolchain/bin/../lib/gcc/riscv32-unknown-elf/7.1.1/rv32imcxgap8/ilp32/libgcc.a(_divdi3.o)
                              /home/bitcraze/Desktop/IAA_Labs/lab4/gap8/BUILD/GAP8_V2/GCC_RISCV_FREERTOS//home/bitcraze/projects/gap_sdk/rtos/freeRTOS/vendors/gwt/pmsis/backend/pmsis_backend_native_task_api.o (__divdi3)
/usr/lib/gap_riscv_toolchain/bin/../lib/gcc/riscv32-unknown-elf/7.1.1/rv32imcxgap8/ilp32/libgcc.a(_udivdi3.o)
                              /home/bitcraze/Desktop/IAA_Labs/lab4/gap8/BUILD/GAP8_V2/GCC_RISCV_FREERTOS//home/bitcraze/projects/gap_sdk/rtos/freeRTOS/vendors/gwt/pmsis/backend/pmsis_backend_native_task_api.o (__udivdi3)
/usr/lib/gap_riscv_toolchain/bin/../lib/gcc/riscv32-unknown-elf/7.1.1/rv32imcxgap8/ilp32/libgcc.a(adddf3.o)
                              /home/bitcraze/Desktop/IAA_Labs/lab4/gap8/BUILD/GAP8_V2/GCC_RISCV_FREERTOS//home/bitcraze/projects/gap_sdk/rtos/freeRTOS/vendors/gwt/libs/printf/printf.o (__adddf3)
/usr/lib/gap_riscv_toolchain/bin/../lib/gcc/riscv32-unknown-elf/7.1.1/rv32imcxgap8/ilp32/libgcc.a(divdf3.o)
                              /home/bitcraze/Desktop/IAA_Labs/lab4/gap8/BUILD/GAP8_V2/GCC_RISCV_FREERTOS//home/bitcraze/projects/gap_sdk/rtos/freeRTOS/vendors/gwt/libs/printf/printf.o (__divdf3)
/usr/lib/gap_riscv_toolchain/bin/../lib/gcc/riscv32-unknown-elf/7.1.1/rv32imcxgap8/ilp32/libgcc.a(eqdf2.o)
                              /home/bitcraze/Desktop/IAA_Labs/lab4/gap8/BUILD/GAP8_V2/GCC_RISCV_FREERTOS//home/bitcraze/projects/gap_sdk/rtos/freeRTOS/vendors/gwt/libs/printf/printf.o (__nedf2)
/usr/lib/gap_riscv_toolchain/bin/../lib/gcc/riscv32-unknown-elf/7.1.1/rv32imcxgap8/ilp32/libgcc.a(gedf2.o)
                              /home/bitcraze/Desktop/IAA_Labs/lab4/gap8/BUILD/GAP8_V2/GCC_RISCV_FREERTOS//home/bitcraze/projects/gap_sdk/rtos/freeRTOS/vendors/gwt/libs/printf/printf.o (__gedf2)
/usr/lib/gap_riscv_toolchain/bin/../lib/gcc/riscv32-unknown-elf/7.1.1/rv32imcxgap8/ilp32/libgcc.a(ledf2.o)
                              /home/bitcraze/Desktop/IAA_Labs/lab4/gap8/BUILD/GAP8_V2/GCC_RISCV_FREERTOS//home/bitcraze/projects/gap_sdk/rtos/freeRTOS/vendors/gwt/libs/printf/printf.o (__ltdf2)
/usr/lib/gap_riscv_toolchain/bin/../lib/gcc/riscv32-unknown-elf/7.1.1/rv32imcxgap8/ilp32/libgcc.a(muldf3.o)
                              /home/bitcraze/Desktop/IAA_Labs/lab4/gap8/BUILD/GAP8_V2/GCC_RISCV_FREERTOS//home/bitcraze/projects/gap_sdk/rtos/freeRTOS/vendors/gwt/libs/printf/printf.o (__muldf3)
/usr/lib/gap_riscv_toolchain/bin/../lib/gcc/riscv32-unknown-elf/7.1.1/rv32imcxgap8/ilp32/libgcc.a(subdf3.o)
                              /home/bitcraze/Desktop/IAA_Labs/lab4/gap8/BUILD/GAP8_V2/GCC_RISCV_FREERTOS//home/bitcraze/projects/gap_sdk/rtos/freeRTOS/vendors/gwt/libs/printf/printf.o (__subdf3)
/usr/lib/gap_riscv_toolchain/bin/../lib/gcc/riscv32-unknown-elf/7.1.1/rv32imcxgap8/ilp32/libgcc.a(fixdfsi.o)
                              /home/bitcraze/Desktop/IAA_Labs/lab4/gap8/BUILD/GAP8_V2/GCC_RISCV_FREERTOS//home/bitcraze/projects/gap_sdk/rtos/freeRTOS/vendors/gwt/libs/printf/printf.o (__fixdfsi)
/usr/lib/gap_riscv_toolchain/bin/../lib/gcc/riscv32-unknown-elf/7.1.1/rv32imcxgap8/ilp32/libgcc.a(fixunsdfsi.o)
                              /home/bitcraze/Desktop/IAA_Labs/lab4/gap8/BUILD/GAP8_V2/GCC_RISCV_FREERTOS//home/bitcraze/projects/gap_sdk/rtos/freeRTOS/vendors/gwt/libs/printf/printf.o (__fixunsdfsi)
/usr/lib/gap_riscv_toolchain/bin/../lib/gcc/riscv32-unknown-elf/7.1.1/rv32imcxgap8/ilp32/libgcc.a(floatsidf.o)
                              /home/bitcraze/Desktop/IAA_Labs/lab4/gap8/BUILD/GAP8_V2/GCC_RISCV_FREERTOS//home/bitcraze/projects/gap_sdk/rtos/freeRTOS/vendors/gwt/libs/printf/printf.o (__floatsidf)
/usr/lib/gap_riscv_toolchain/bin/../lib/gcc/riscv32-unknown-elf/7.1.1/rv32imcxgap8/ilp32/libgcc.a(floatunsidf.o)
                              /home/bitcraze/Desktop/IAA_Labs/lab4/gap8/BUILD/GAP8_V2/GCC_RISCV_FREERTOS//home/bitcraze/projects/gap_sdk/rtos/freeRTOS/vendors/gwt/libs/printf/printf.o (__floatunsidf)
/usr/lib/gap_riscv_toolchain/bin/../lib/gcc/riscv32-unknown-elf/7.1.1/rv32imcxgap8/ilp32/libgcc.a(divsf3.o)
                              /home/bitcraze/Desktop/IAA_Labs/lab4/gap8/BUILD/GAP8_V2/GCC_RISCV_FREERTOS//home/bitcraze/projects/gap_sdk/rtos/freeRTOS/vendors/gwt/gap8/pmsis/drivers/timer/timer.o (__divsf3)
/usr/lib/gap_riscv_toolchain/bin/../lib/gcc/riscv32-unknown-elf/7.1.1/rv32imcxgap8/ilp32/libgcc.a(mulsf3.o)
                              /home/bitcraze/Desktop/IAA_Labs/lab4/gap8/BUILD/GAP8_V2/GCC_RISCV_FREERTOS//home/bitcraze/projects/gap_sdk/rtos/freeRTOS/vendors/gwt/gap8/pmsis/drivers/timer/timer.o (__mulsf3)
[...]
Memory Configuration

Name             Origin             Length             Attributes
FC_tcdm          0x000000001b000000 0x0000000000004000
fc_tcdm_aliased  0x0000000000000004 0x0000000000003ffc
L2               0x000000001c000000 0x0000000000080000
L1_sram          0x0000000010000000 0x0000000000010000
*default*        0x0000000000000000 0xffffffffffffffff

Linker script and memory map

LOAD /home/bitcraze/Desktop/IAA_Labs/lab4/gap8/BUILD/GAP8_V2/GCC_RISCV_FREERTOS/stm_gap8_cpx.o
LOAD /home/bitcraze/Desktop/IAA_Labs/lab4/gap8/BUILD/GAP8_V2/GCC_RISCV_FREERTOS/lib/cpx/src/com.o
LOAD /home/bitcraze/Desktop/IAA_Labs/lab4/gap8/BUILD/GAP8_V2/GCC_RISCV_FREERTOS/lib/cpx/src/cpx.o
LOAD /home/bitcraze/Desktop/IAA_Labs/lab4/gap8/BUILD/GAP8_V2/GCC_RISCV_FREERTOS//home/bitcraze/projects/gap_sdk/rtos/freeRTOS/vendors/gwt/gap8/src/device/gap8_iet.o
LOAD /home/bitcraze/Desktop/IAA_Labs/lab4/gap8/BUILD/GAP8_V2/GCC_RISCV_FREERTOS//home/bitcraze/projects/gap_sdk/rtos/freeRTOS/vendors/gwt/gap8/src/device/startup_gap8.o
LOAD /home/bitcraze/Desktop/IAA_Labs/lab4/gap8/BUILD/GAP8_V2/GCC_RISCV_FREERTOS//home/bitcraze/projects/gap_sdk/rtos/freeRTOS/vendors/gwt/gap8/pmsis/cluster/drivers/cluster_synchronisation/cluster_core.o
LOAD /home/bitcraze/Desktop/IAA_Labs/lab4/gap8/BUILD/GAP8_V2/GCC_RISCV_FREERTOS//home/bitcraze/projects/gap_sdk/rtos/freeRTOS/vendors/gwt/gap8/pmsis/util/asm_util.o
LOAD /home/bitcraze/Desktop/IAA_Labs/lab4/gap8/BUILD/GAP8_V2/GCC_RISCV_FREERTOS//home/bitcraze/projects/gap_sdk/rtos/freeRTOS/freertos_kernel/portable/GCC/RI5CY-GAP8/port_asm.o
LOAD /home/bitcraze/Desktop/IAA_Labs/lab4/gap8/BUILD/GAP8_V2/GCC_RISCV_FREERTOS//home/bitcraze/projects/gap_sdk/rtos/freeRTOS/vendors/gwt/gap8/src/device/gap8_it.o
LOAD /home/bitcraze/Desktop/IAA_Labs/lab4/gap8/BUILD/GAP8_V2/GCC_RISCV_FREERTOS//home/bitcraze/projects/gap_sdk/rtos/freeRTOS/vendors/gwt/gap8/src/device/system_gap8.o
LOAD /home/bitcraze/Desktop/IAA_Labs/lab4/gap8/BUILD/GAP8_V2/GCC_RISCV_FREERTOS//home/bitcraze/projects/gap_sdk/rtos/freeRTOS/vendors/gwt/gap8/src/driver/gap_io.o
LOAD /home/bitcraze/Desktop/IAA_Labs/lab4/gap8/BUILD/GAP8_V2/GCC_RISCV_FREERTOS//home/bitcraze/projects/gap_sdk/rtos/freeRTOS/vendors/gwt/libs/src/stdlib.o
LOAD /home/bitcraze/Desktop/IAA_Labs/lab4/gap8/BUILD/GAP8_V2/GCC_RISCV_FREERTOS//home/bitcraze/projects/gap_sdk/rtos/freeRTOS/vendors/gwt/libs/src/string.o
LOAD /home/bitcraze/Desktop/IAA_Labs/lab4/gap8/BUILD/GAP8_V2/GCC_RISCV_FREERTOS//home/bitcraze/projects/gap_sdk/rtos/freeRTOS/vendors/gwt/libs/src/errno.o
LOAD /home/bitcraze/Desktop/IAA_Labs/lab4/gap8/BUILD/GAP8_V2/GCC_RISCV_FREERTOS//home/bitcraze/projects/gap_sdk/rtos/freeRTOS/vendors/gwt/gap8/pmsis/cluster/malloc/cl_malloc.o
LOAD /home/bitcraze/Desktop/IAA_Labs/lab4/gap8/BUILD/GAP8_V2/GCC_RISCV_FREERTOS//home/bitcraze/projects/gap_sdk/rtos/freeRTOS/vendors/gwt/gap8/pmsis/cluster/drivers/cluster_synchronisation/cl_to_fc_delegate.o
LOAD /home/bitcraze/Desktop/IAA_Labs/lab4/gap8/BUILD/GAP8_V2/GCC_RISCV_FREERTOS//home/bitcraze/projects/gap_sdk/rtos/freeRTOS/vendors/gwt/gap8/pmsis/cluster/drivers/cluster_synchronisation/fc_to_cl_delegate.o
LOAD /home/bitcraze/Desktop/IAA_Labs/lab4/gap8/BUILD/GAP8_V2/GCC_RISCV_FREERTOS//home/bitcraze/projects/gap_sdk/rtos/freeRTOS/vendors/gwt/gap8/pmsis/cluster/drivers/cluster_team/cl_team.o
LOAD /home/bitcraze/Desktop/IAA_Labs/lab4/gap8/BUILD/GAP8_V2/GCC_RISCV_FREERTOS//home/bitcraze/projects/gap_sdk/rtos/freeRTOS/vendors/gwt/gap8/pmsis/cluster/drivers/delegate/hyperbus/hyperbus_cl_internal.o
LOAD /home/bitcraze/Desktop/IAA_Labs/lab4/gap8/BUILD/GAP8_V2/GCC_RISCV_FREERTOS//home/bitcraze/projects/gap_sdk/rtos/freeRTOS/vendors/gwt/gap8/pmsis/cluster/drivers/delegate/uart/uart_cl_internal.o
LOAD /home/bitcraze/Desktop/IAA_Labs/lab4/gap8/BUILD/GAP8_V2/GCC_RISCV_FREERTOS//home/bitcraze/projects/gap_sdk/rtos/freeRTOS/vendors/gwt/gap8/pmsis/cluster/drivers/dma/cl_dma_irq.o
LOAD /home/bitcraze/Desktop/IAA_Labs/lab4/gap8/BUILD/GAP8_V2/GCC_RISCV_FREERTOS//home/bitcraze/projects/gap_sdk/rtos/freeRTOS/vendors/gwt/gap8/pmsis/drivers/fc_event/fc_event.o
LOAD /home/bitcraze/Desktop/IAA_Labs/lab4/gap8/BUILD/GAP8_V2/GCC_RISCV_FREERTOS//home/bitcraze/projects/gap_sdk/rtos/freeRTOS/vendors/gwt/gap8/pmsis/drivers/fll/fll.o
LOAD /home/bitcraze/Desktop/IAA_Labs/lab4/gap8/BUILD/GAP8_V2/GCC_RISCV_FREERTOS//home/bitcraze/projects/gap_sdk/rtos/freeRTOS/vendors/gwt/gap8/pmsis/drivers/gpio/gpio.o
LOAD /home/bitcraze/Desktop/IAA_Labs/lab4/gap8/BUILD/GAP8_V2/GCC_RISCV_FREERTOS//home/bitcraze/projects/gap_sdk/rtos/freeRTOS/vendors/gwt/gap8/pmsis/drivers/pad/pad.o
LOAD /home/bitcraze/Desktop/IAA_Labs/lab4/gap8/BUILD/GAP8_V2/GCC_RISCV_FREERTOS//home/bitcraze/projects/gap_sdk/rtos/freeRTOS/vendors/gwt/gap8/pmsis/drivers/pmu/pmu.o
LOAD /home/bitcraze/Desktop/IAA_Labs/lab4/gap8/BUILD/GAP8_V2/GCC_RISCV_FREERTOS//home/bitcraze/projects/gap_sdk/rtos/freeRTOS/vendors/gwt/gap8/pmsis/drivers/pmu/pmu_internal.o
LOAD /home/bitcraze/Desktop/IAA_Labs/lab4/gap8/BUILD/GAP8_V2/GCC_RISCV_FREERTOS//home/bitcraze/projects/gap_sdk/rtos/freeRTOS/vendors/gwt/gap8/pmsis/drivers/pwm/pwm.o
LOAD /home/bitcraze/Desktop/IAA_Labs/lab4/gap8/BUILD/GAP8_V2/GCC_RISCV_FREERTOS//home/bitcraze/projects/gap_sdk/rtos/freeRTOS/vendors/gwt/gap8/pmsis/drivers/pwm/pwm_internal.o
LOAD /home/bitcraze/Desktop/IAA_Labs/lab4/gap8/BUILD/GAP8_V2/GCC_RISCV_FREERTOS//home/bitcraze/projects/gap_sdk/rtos/freeRTOS/vendors/gwt/gap8/pmsis/drivers/rtc/rtc.o
LOAD /home/bitcraze/Desktop/IAA_Labs/lab4/gap8/BUILD/GAP8_V2/GCC_RISCV_FREERTOS//home/bitcraze/projects/gap_sdk/rtos/freeRTOS/vendors/gwt/gap8/pmsis/drivers/rtc/rtc_internal.o
LOAD /home/bitcraze/Desktop/IAA_Labs/lab4/gap8/BUILD/GAP8_V2/GCC_RISCV_FREERTOS//home/bitcraze/projects/gap_sdk/rtos/freeRTOS/vendors/gwt/gap8/pmsis/drivers/timer/timer.o
LOAD /home/bitcraze/Desktop/IAA_Labs/lab4/gap8/BUILD/GAP8_V2/GCC_RISCV_FREERTOS//home/bitcraze/projects/gap_sdk/rtos/freeRTOS/vendors/gwt/gap8/pmsis/drivers/udma/hyperbus/hyperbus.o
LOAD /home/bitcraze/Desktop/IAA_Labs/lab4/gap8/BUILD/GAP8_V2/GCC_RISCV_FREERTOS//home/bitcraze/projects/gap_sdk/rtos/freeRTOS/vendors/gwt/gap8/pmsis/drivers/udma/hyperbus/hyperbus_internal.o
LOAD /home/bitcraze/Desktop/IAA_Labs/lab4/gap8/BUILD/GAP8_V2/GCC_RISCV_FREERTOS//home/bitcraze/projects/gap_sdk/rtos/freeRTOS/vendors/gwt/gap8/pmsis/drivers/udma/cpi/cpi.o
LOAD /home/bitcraze/Desktop/IAA_Labs/lab4/gap8/BUILD/GAP8_V2/GCC_RISCV_FREERTOS//home/bitcraze/projects/gap_sdk/rtos/freeRTOS/vendors/gwt/gap8/pmsis/drivers/udma/cpi/cpi_internal.o
LOAD /home/bitcraze/Desktop/IAA_Labs/lab4/gap8/BUILD/GAP8_V2/GCC_RISCV_FREERTOS//home/bitcraze/projects/gap_sdk/rtos/freeRTOS/vendors/gwt/gap8/pmsis/drivers/udma/dmacpy/dmacpy.o
LOAD /home/bitcraze/Desktop/IAA_Labs/lab4/gap8/BUILD/GAP8_V2/GCC_RISCV_FREERTOS//home/bitcraze/projects/gap_sdk/rtos/freeRTOS/vendors/gwt/gap8/pmsis/drivers/udma/dmacpy/dmacpy_internal.o
LOAD /home/bitcraze/Desktop/IAA_Labs/lab4/gap8/BUILD/GAP8_V2/GCC_RISCV_FREERTOS//home/bitcraze/projects/gap_sdk/rtos/freeRTOS/vendors/gwt/gap8/pmsis/drivers/udma/i2c/i2c.o
LOAD /home/bitcraze/Desktop/IAA_Labs/lab4/gap8/BUILD/GAP8_V2/GCC_RISCV_FREERTOS//home/bitcraze/projects/gap_sdk/rtos/freeRTOS/vendors/gwt/gap8/pmsis/drivers/udma/i2c/i2c_internal.o
LOAD /home/bitcraze/Desktop/IAA_Labs/lab4/gap8/BUILD/GAP8_V2/GCC_RISCV_FREERTOS//home/bitcraze/projects/gap_sdk/rtos/freeRTOS/vendors/gwt/gap8/pmsis/drivers/udma/i2s/i2s.o
LOAD /home/bitcraze/Desktop/IAA_Labs/lab4/gap8/BUILD/GAP8_V2/GCC_RISCV_FREERTOS//home/bitcraze/projects/gap_sdk/rtos/freeRTOS/vendors/gwt/gap8/pmsis/drivers/udma/i2s/i2s_internal.o
LOAD /home/bitcraze/Desktop/IAA_Labs/lab4/gap8/BUILD/GAP8_V2/GCC_RISCV_FREERTOS//home/bitcraze/projects/gap_sdk/rtos/freeRTOS/vendors/gwt/gap8/pmsis/drivers/udma/spi/spi.o
LOAD /home/bitcraze/Desktop/IAA_Labs/lab4/gap8/BUILD/GAP8_V2/GCC_RISCV_FREERTOS//home/bitcraze/projects/gap_sdk/rtos/freeRTOS/vendors/gwt/gap8/pmsis/drivers/udma/spi/spi_internal.o
LOAD /home/bitcraze/Desktop/IAA_Labs/lab4/gap8/BUILD/GAP8_V2/GCC_RISCV_FREERTOS//home/bitcraze/projects/gap_sdk/rtos/freeRTOS/vendors/gwt/gap8/pmsis/drivers/udma/uart/uart.o
LOAD /home/bitcraze/Desktop/IAA_Labs/lab4/gap8/BUILD/GAP8_V2/GCC_RISCV_FREERTOS//home/bitcraze/projects/gap_sdk/rtos/freeRTOS/vendors/gwt/gap8/pmsis/drivers/udma/uart/uart_internal.o
LOAD /home/bitcraze/Desktop/IAA_Labs/lab4/gap8/BUILD/GAP8_V2/GCC_RISCV_FREERTOS//home/bitcraze/projects/gap_sdk/rtos/pmsis/bsp/flash/flash.o
LOAD /home/bitcraze/Desktop/IAA_Labs/lab4/gap8/BUILD/GAP8_V2/GCC_RISCV_FREERTOS//home/bitcraze/projects/gap_sdk/rtos/pmsis/bsp/partition/partition.o
LOAD /home/bitcraze/Desktop/IAA_Labs/lab4/gap8/BUILD/GAP8_V2/GCC_RISCV_FREERTOS//home/bitcraze/projects/gap_sdk/rtos/pmsis/bsp/partition/flash_partition.o
LOAD /home/bitcraze/Desktop/IAA_Labs/lab4/gap8/BUILD/GAP8_V2/GCC_RISCV_FREERTOS//home/bitcraze/projects/gap_sdk/rtos/pmsis/bsp/crc/md5.o
LOAD /home/bitcraze/Desktop/IAA_Labs/lab4/gap8/BUILD/GAP8_V2/GCC_RISCV_FREERTOS//home/bitcraze/projects/gap_sdk/rtos/pmsis/bsp/fs/fs.o
LOAD /home/bitcraze/Desktop/IAA_Labs/lab4/gap8/BUILD/GAP8_V2/GCC_RISCV_FREERTOS//home/bitcraze/projects/gap_sdk/rtos/pmsis/bsp/fs/lfs/lfs.o
LOAD /home/bitcraze/Desktop/IAA_Labs/lab4/gap8/BUILD/GAP8_V2/GCC_RISCV_FREERTOS//home/bitcraze/projects/gap_sdk/rtos/pmsis/bsp/fs/lfs/lfs_util.o
LOAD /home/bitcraze/Desktop/IAA_Labs/lab4/gap8/BUILD/GAP8_V2/GCC_RISCV_FREERTOS//home/bitcraze/projects/gap_sdk/rtos/pmsis/bsp/fs/lfs/pi_lfs.o
LOAD /home/bitcraze/Desktop/IAA_Labs/lab4/gap8/BUILD/GAP8_V2/GCC_RISCV_FREERTOS//home/bitcraze/projects/gap_sdk/rtos/pmsis/bsp/fs/read_fs/read_fs.o
LOAD /home/bitcraze/Desktop/IAA_Labs/lab4/gap8/BUILD/GAP8_V2/GCC_RISCV_FREERTOS//home/bitcraze/projects/gap_sdk/rtos/pmsis/bsp/fs/host_fs/host_fs.o
LOAD /home/bitcraze/Desktop/IAA_Labs/lab4/gap8/BUILD/GAP8_V2/GCC_RISCV_FREERTOS//home/bitcraze/projects/gap_sdk/rtos/pmsis/bsp/ota/ota.o
LOAD /home/bitcraze/Desktop/IAA_Labs/lab4/gap8/BUILD/GAP8_V2/GCC_RISCV_FREERTOS//home/bitcraze/projects/gap_sdk/rtos/pmsis/bsp/ota/ota_utility.o
LOAD /home/bitcraze/Desktop/IAA_Labs/lab4/gap8/BUILD/GAP8_V2/GCC_RISCV_FREERTOS//home/bitcraze/projects/gap_sdk/rtos/pmsis/bsp/ota/updater.o
LOAD /home/bitcraze/Desktop/IAA_Labs/lab4/gap8/BUILD/GAP8_V2/GCC_RISCV_FREERTOS//home/bitcraze/projects/gap_sdk/rtos/pmsis/bsp/bootloader/bootloader_utility.o
LOAD /home/bitcraze/Desktop/IAA_Labs/lab4/gap8/BUILD/GAP8_V2/GCC_RISCV_FREERTOS//home/bitcraze/projects/gap_sdk/rtos/pmsis/bsp/bsp/ai_deck.o
LOAD /home/bitcraze/Desktop/IAA_Labs/lab4/gap8/BUILD/GAP8_V2/GCC_RISCV_FREERTOS//home/bitcraze/projects/gap_sdk/rtos/pmsis/bsp/camera/camera.o
LOAD /home/bitcraze/Desktop/IAA_Labs/lab4/gap8/BUILD/GAP8_V2/GCC_RISCV_FREERTOS//home/bitcraze/projects/gap_sdk/rtos/pmsis/bsp/camera/himax/himax.o
LOAD /home/bitcraze/Desktop/IAA_Labs/lab4/gap8/BUILD/GAP8_V2/GCC_RISCV_FREERTOS//home/bitcraze/projects/gap_sdk/rtos/pmsis/bsp/flash/hyperflash/hyperflash.o
LOAD /home/bitcraze/Desktop/IAA_Labs/lab4/gap8/BUILD/GAP8_V2/GCC_RISCV_FREERTOS//home/bitcraze/projects/gap_sdk/rtos/pmsis/bsp/ram/hyperram/hyperram.o
LOAD /home/bitcraze/Desktop/IAA_Labs/lab4/gap8/BUILD/GAP8_V2/GCC_RISCV_FREERTOS//home/bitcraze/projects/gap_sdk/rtos/pmsis/bsp/ram/spiram/spiram.o
LOAD /home/bitcraze/Desktop/IAA_Labs/lab4/gap8/BUILD/GAP8_V2/GCC_RISCV_FREERTOS//home/bitcraze/projects/gap_sdk/rtos/pmsis/bsp/flash/spiflash/spiflash.o
LOAD /home/bitcraze/Desktop/IAA_Labs/lab4/gap8/BUILD/GAP8_V2/GCC_RISCV_FREERTOS//home/bitcraze/projects/gap_sdk/rtos/pmsis/bsp/ram/ram.o
LOAD /home/bitcraze/Desktop/IAA_Labs/lab4/gap8/BUILD/GAP8_V2/GCC_RISCV_FREERTOS//home/bitcraze/projects/gap_sdk/rtos/pmsis/bsp/ram/alloc_extern.o
LOAD /home/bitcraze/Desktop/IAA_Labs/lab4/gap8/BUILD/GAP8_V2/GCC_RISCV_FREERTOS//home/bitcraze/projects/gap_sdk/rtos/freeRTOS/vendors/gwt/pmsis/rtos/pi_log.o
LOAD /home/bitcraze/Desktop/IAA_Labs/lab4/gap8/BUILD/GAP8_V2/GCC_RISCV_FREERTOS//home/bitcraze/projects/gap_sdk/rtos/freeRTOS/vendors/gwt/pmsis/rtos/event_kernel/event_kernel.o
LOAD /home/bitcraze/Desktop/IAA_Labs/lab4/gap8/BUILD/GAP8_V2/GCC_RISCV_FREERTOS//home/bitcraze/projects/gap_sdk/rtos/freeRTOS/vendors/gwt/pmsis/rtos/mem_slab/mem_slab.o
LOAD /home/bitcraze/Desktop/IAA_Labs/lab4/gap8/BUILD/GAP8_V2/GCC_RISCV_FREERTOS//home/bitcraze/projects/gap_sdk/rtos/freeRTOS/vendors/gwt/pmsis/rtos/malloc/cl_l1_malloc.o
LOAD /home/bitcraze/Desktop/IAA_Labs/lab4/gap8/BUILD/GAP8_V2/GCC_RISCV_FREERTOS//home/bitcraze/projects/gap_sdk/rtos/freeRTOS/vendors/gwt/pmsis/rtos/malloc/fc_l1_malloc.o
LOAD /home/bitcraze/Desktop/IAA_Labs/lab4/gap8/BUILD/GAP8_V2/GCC_RISCV_FREERTOS//home/bitcraze/projects/gap_sdk/rtos/freeRTOS/vendors/gwt/pmsis/rtos/malloc/l2_malloc.o
LOAD /home/bitcraze/Desktop/IAA_Labs/lab4/gap8/BUILD/GAP8_V2/GCC_RISCV_FREERTOS//home/bitcraze/projects/gap_sdk/rtos/freeRTOS/vendors/gwt/pmsis/rtos/malloc/malloc_external.o
LOAD /home/bitcraze/Desktop/IAA_Labs/lab4/gap8/BUILD/GAP8_V2/GCC_RISCV_FREERTOS//home/bitcraze/projects/gap_sdk/rtos/freeRTOS/vendors/gwt/pmsis/rtos/malloc/malloc_internal.o
LOAD /home/bitcraze/Desktop/IAA_Labs/lab4/gap8/BUILD/GAP8_V2/GCC_RISCV_FREERTOS//home/bitcraze/projects/gap_sdk/rtos/freeRTOS/vendors/gwt/pmsis/rtos/malloc/pi_malloc.o
LOAD /home/bitcraze/Desktop/IAA_Labs/lab4/gap8/BUILD/GAP8_V2/GCC_RISCV_FREERTOS//home/bitcraze/projects/gap_sdk/rtos/freeRTOS/vendors/gwt/pmsis/rtos/os/device.o
LOAD /home/bitcraze/Desktop/IAA_Labs/lab4/gap8/BUILD/GAP8_V2/GCC_RISCV_FREERTOS//home/bitcraze/projects/gap_sdk/rtos/freeRTOS/vendors/gwt/pmsis/rtos/os/pmsis_task.o
LOAD /home/bitcraze/Desktop/IAA_Labs/lab4/gap8/BUILD/GAP8_V2/GCC_RISCV_FREERTOS//home/bitcraze/projects/gap_sdk/rtos/freeRTOS/vendors/gwt/pmsis/backend/pmsis_backend_native_task_api.o
LOAD /home/bitcraze/Desktop/IAA_Labs/lab4/gap8/BUILD/GAP8_V2/GCC_RISCV_FREERTOS//home/bitcraze/projects/gap_sdk/rtos/freeRTOS/freertos_kernel/portable/GCC/RI5CY-GAP8/port.o
LOAD /home/bitcraze/Desktop/IAA_Labs/lab4/gap8/BUILD/GAP8_V2/GCC_RISCV_FREERTOS//home/bitcraze/projects/gap_sdk/rtos/freeRTOS/vendors/gwt/libs/printf/printf.o
LOAD /home/bitcraze/Desktop/IAA_Labs/lab4/gap8/BUILD/GAP8_V2/GCC_RISCV_FREERTOS//home/bitcraze/projects/gap_sdk/rtos/freeRTOS/freertos_kernel/list.o
LOAD /home/bitcraze/Desktop/IAA_Labs/lab4/gap8/BUILD/GAP8_V2/GCC_RISCV_FREERTOS//home/bitcraze/projects/gap_sdk/rtos/freeRTOS/freertos_kernel/queue.o
LOAD /home/bitcraze/Desktop/IAA_Labs/lab4/gap8/BUILD/GAP8_V2/GCC_RISCV_FREERTOS//home/bitcraze/projects/gap_sdk/rtos/freeRTOS/freertos_kernel/tasks.o
LOAD /home/bitcraze/Desktop/IAA_Labs/lab4/gap8/BUILD/GAP8_V2/GCC_RISCV_FREERTOS//home/bitcraze/projects/gap_sdk/rtos/freeRTOS/freertos_kernel/timers.o
LOAD /home/bitcraze/Desktop/IAA_Labs/lab4/gap8/BUILD/GAP8_V2/GCC_RISCV_FREERTOS//home/bitcraze/projects/gap_sdk/rtos/freeRTOS/freertos_kernel/event_groups.o
LOAD /home/bitcraze/Desktop/IAA_Labs/lab4/gap8/BUILD/GAP8_V2/GCC_RISCV_FREERTOS//home/bitcraze/projects/gap_sdk/rtos/freeRTOS/freertos_kernel/stream_buffer.o
LOAD /home/bitcraze/Desktop/IAA_Labs/lab4/gap8/BUILD/GAP8_V2/GCC_RISCV_FREERTOS//home/bitcraze/projects/gap_sdk/rtos/freeRTOS/demos/gwt/config/gap8/FreeRTOS_util.o
LOAD /usr/lib/gap_riscv_toolchain/bin/../lib/gcc/riscv32-unknown-elf/7.1.1/rv32imcxgap8/ilp32/libgcc.a
                0x0000000000000000                __DYNAMIC = 0x0
                0x0000000000001000                __STACK_FC_SIZE = 0x1000
                0x0000000000000400                __STACK_IRQ_SIZE = 0x400

.l1FcTiny       0x000000001b000000        0x0
                0x000000001b000000                . = ALIGN (0x4)
                0x000000001b000000                __l1FcShared_start = .
 *(.l1FcTiny)
 *(.l1FcTiny.*)
                0x000000001b000000                . = ALIGN (0x4)
                0x000000001b000000                __l1FcShared_end = .
                0x0000000000000000                __l1FcShared_size = (__l1FcShared_end - __l1FcShared_start)

.fcTcdmTiny     0x0000000000000004        0xc load address 0x000000001b000000
 *(.fcTcdmTiny)
 .fcTcdmTiny    0x0000000000000004        0xc /home/bitcraze/Desktop/IAA_Labs/lab4/gap8/BUILD/GAP8_V2/GCC_RISCV_FREERTOS//home/bitcraze/projects/gap_sdk/rtos/freeRTOS/vendors/gwt/gap8/pmsis/drivers/udma/hyperbus/hyperbus_internal.o
                0x0000000000000004                __global_hyper_fifo_head
                0x0000000000000008                __global_hyper_driver_fifo
                0x000000000000000c                __global_hyper_fifo_tail
 *(.fcTcdmTiny.*)

.fcTcdm
 *(.fcTcdm)
 *(.fcTcdm.*)

.fcTcdm_g       0x000000001b00000c      0x5bc
                0x000000001b000010                . = ALIGN (0x8)
 *fill*         0x000000001b00000c        0x4 
                0x000000001b000010                __fc_tcdm_g_start = .
 *(.fcTcdm_g)
 .fcTcdm_g      0x000000001b000010      0x264 /home/bitcraze/Desktop/IAA_Labs/lab4/gap8/BUILD/GAP8_V2/GCC_RISCV_FREERTOS//home/bitcraze/projects/gap_sdk/rtos/freeRTOS/vendors/gwt/gap8/pmsis/cluster/drivers/cluster_synchronisation/cl_to_fc_delegate.o
                0x000000001b000010                delegate_task_mask
                0x000000001b000014                delegate_task
 .fcTcdm_g      0x000000001b000274       0xe4 /home/bitcraze/Desktop/IAA_Labs/lab4/gap8/BUILD/GAP8_V2/GCC_RISCV_FREERTOS//home/bitcraze/projects/gap_sdk/rtos/freeRTOS/vendors/gwt/gap8/pmsis/drivers/fc_event/fc_event.o
 .fcTcdm_g      0x000000001b000358        0x4 /home/bitcraze/Desktop/IAA_Labs/lab4/gap8/BUILD/GAP8_V2/GCC_RISCV_FREERTOS//home/bitcraze/projects/gap_sdk/rtos/freeRTOS/vendors/gwt/pmsis/rtos/event_kernel/event_kernel.o
                0x000000001b000358                default_sched
 .fcTcdm_g      0x000000001b00035c       0x10 /home/bitcraze/Desktop/IAA_Labs/lab4/gap8/BUILD/GAP8_V2/GCC_RISCV_FREERTOS//home/bitcraze/projects/gap_sdk/rtos/freeRTOS/vendors/gwt/pmsis/backend/pmsis_backend_native_task_api.o
                0x000000001b00035c                delayed_task
                0x000000001b000364                timer_task
 .fcTcdm_g      0x000000001b00036c      0x258 /home/bitcraze/Desktop/IAA_Labs/lab4/gap8/BUILD/GAP8_V2/GCC_RISCV_FREERTOS//home/bitcraze/projects/gap_sdk/rtos/freeRTOS/demos/gwt/config/gap8/FreeRTOS_util.o
 *(.fcTcdm_g.*)
                0x000000001b0005c8                . = ALIGN (0x8)
 *fill*         0x000000001b0005c4        0x4 
                0x000000001b0005c8                __fc_tcdm_g_end = .

.stack_irq      0x000000001b0005c8      0x400
                0x000000001b0005c8                . = ALIGN (0x4)
                0x000000001b0005c8                __stack_irq_end__ = .
                0x000000001b0009c8                . = (. + __STACK_IRQ_SIZE)
 *fill*         0x000000001b0005c8      0x400 
                0x000000001b0009c8                __stack_irq_start__ = .

.heapfcram      0x000000001b0009c8     0x1000
                0x000000001b0009c8                . = ALIGN (0x8)
 *(.heapfcram)
 *(.heapfcram.*)
                0x000000001b0009c8                . = ALIGN (0x8)
                0x000000001b0009c8                __heapfcram_start = .
                0x000000001b0009c8                __stack_fc_end__ = .
                0x000000001b0019c8                . = (. + __STACK_FC_SIZE)
 *fill*         0x000000001b0009c8     0x1000 
                0x000000001b0019c8                __stack_fc_start__ = .
                0x0000000000003638                __heapfcram_size = ((ORIGIN (FC_tcdm) + LENGTH (FC_tcdm)) - __heapfcram_start)

.vectors_irq    0x000000001c000000       0x94
                0x000000001c000000                . = ALIGN (0x100)
                0x000000001c000000                __irq_vector_base_m__ = .
 *(.vectors_irq)
 .vectors_irq   0x000000001c000000       0x94 /home/bitcraze/Desktop/IAA_Labs/lab4/gap8/BUILD/GAP8_V2/GCC_RISCV_FREERTOS//home/bitcraze/projects/gap_sdk/rtos/freeRTOS/vendors/gwt/gap8/src/device/startup_gap8.o
                0x000000001c000090                __rt_debug_struct_ptr

.text           0x000000001c000094     0xa0e4
                0x000000001c000094                . = ALIGN (0x4)
                0x000000001c000094                _stext = .
 *(.text.reset)
 .text.reset    0x000000001c000094       0x7e /home/bitcraze/Desktop/IAA_Labs/lab4/gap8/BUILD/GAP8_V2/GCC_RISCV_FREERTOS//home/bitcraze/projects/gap_sdk/rtos/freeRTOS/vendors/gwt/gap8/src/device/startup_gap8.o
                0x000000001c000094                reset_handler
 *(.text)
 .text          0x000000001c000112      0x2c8 /home/bitcraze/Desktop/IAA_Labs/lab4/gap8/BUILD/GAP8_V2/GCC_RISCV_FREERTOS//home/bitcraze/projects/gap_sdk/rtos/freeRTOS/vendors/gwt/gap8/src/device/gap8_iet.o
                0x000000001c000112                default_handler
                0x000000001c000116                cluster_notify_fc_handler
                0x000000001c00014e                pendSV_handler
                0x000000001c0001be                systick_handler
                0x000000001c00023a                hi_res_timer_handler
                0x000000001c000272                fc_event_handler
                0x000000001c0002aa                fc_hyper_handler
                0x000000001c000358                dma_irq_handler
                0x000000001c000380                ecall_handler
                0x000000001c0003d2                ill_ins_handler
 .text          0x000000001c0003da      0x126 /home/bitcraze/Desktop/IAA_Labs/lab4/gap8/BUILD/GAP8_V2/GCC_RISCV_FREERTOS//home/bitcraze/projects/gap_sdk/rtos/freeRTOS/vendors/gwt/gap8/pmsis/cluster/drivers/cluster_synchronisation/cluster_core.o
                0x000000001c0003da                cluster_exec_loop
                0x000000001c0004f2                cl_slave_stack_setup
 .text          0x000000001c000500       0xd8 /home/bitcraze/Desktop/IAA_Labs/lab4/gap8/BUILD/GAP8_V2/GCC_RISCV_FREERTOS//home/bitcraze/projects/gap_sdk/rtos/freeRTOS/vendors/gwt/gap8/pmsis/util/asm_util.o
                0x000000001c000500                ASM_FUNC_SAVE_MINIMAL_CONTEXT
                0x000000001c000544                ASM_FUNC_RESTORE_MINIMAL_CONTEXT
                0x000000001c000588                ASM_FUNC_SAVE_SAVE_CONTEXT
                0x000000001c0005a2                ASM_FUNC_RESTORE_SAVE_CONTEXT
                0x000000001c0005bc                ASM_FUNC_SAVE_CSR_CONTEXT
                0x000000001c0005ca                ASM_FUNC_RESTORE_CSR_CONTEXT
 .text          0x000000001c0005d8       0x8e /home/bitcraze/Desktop/IAA_Labs/lab4/gap8/BUILD/GAP8_V2/GCC_RISCV_FREERTOS//home/bitcraze/projects/gap_sdk/rtos/freeRTOS/freertos_kernel/portable/GCC/RI5CY-GAP8/port_asm.o
                0x000000001c0005d8                xPortStartScheduler
 .text          0x000000001c000666       0x4e /home/bitcraze/Desktop/IAA_Labs/lab4/gap8/BUILD/GAP8_V2/GCC_RISCV_FREERTOS//home/bitcraze/projects/gap_sdk/rtos/freeRTOS/vendors/gwt/gap8/pmsis/drivers/fc_event/fc_event.o
                0x000000001c000666                fc_soc_event_handler
 .text          0x000000001c0006b4      0x168 /home/bitcraze/Desktop/IAA_Labs/lab4/gap8/BUILD/GAP8_V2/GCC_RISCV_FREERTOS//home/bitcraze/projects/gap_sdk/rtos/freeRTOS/vendors/gwt/gap8/pmsis/drivers/udma/hyperbus/hyperbus_internal.o
                0x000000001c0006b4                hyper_handler
 .text          0x000000001c00081c      0x5fe /usr/lib/gap_riscv_toolchain/bin/../lib/gcc/riscv32-unknown-elf/7.1.1/rv32imcxgap8/ilp32/libgcc.a(adddf3.o)
                0x000000001c00081c                __adddf3
 .text          0x000000001c000e1a      0x4d2 /usr/lib/gap_riscv_toolchain/bin/../lib/gcc/riscv32-unknown-elf/7.1.1/rv32imcxgap8/ilp32/libgcc.a(divdf3.o)
                0x000000001c000e1a                __divdf3
 .text          0x000000001c0012ec       0x60 /usr/lib/gap_riscv_toolchain/bin/../lib/gcc/riscv32-unknown-elf/7.1.1/rv32imcxgap8/ilp32/libgcc.a(eqdf2.o)
                0x000000001c0012ec                __eqdf2
                0x000000001c0012ec                __nedf2
 .text          0x000000001c00134c       0xae /usr/lib/gap_riscv_toolchain/bin/../lib/gcc/riscv32-unknown-elf/7.1.1/rv32imcxgap8/ilp32/libgcc.a(gedf2.o)
                0x000000001c00134c                __gtdf2
                0x000000001c00134c                __gedf2
 .text          0x000000001c0013fa       0xae /usr/lib/gap_riscv_toolchain/bin/../lib/gcc/riscv32-unknown-elf/7.1.1/rv32imcxgap8/ilp32/libgcc.a(ledf2.o)
                0x000000001c0013fa                __ltdf2
                0x000000001c0013fa                __ledf2
 .text          0x000000001c0014a8      0x43a /usr/lib/gap_riscv_toolchain/bin/../lib/gcc/riscv32-unknown-elf/7.1.1/rv32imcxgap8/ilp32/libgcc.a(muldf3.o)
                0x000000001c0014a8                __muldf3
 .text          0x000000001c0018e2      0x612 /usr/lib/gap_riscv_toolchain/bin/../lib/gcc/riscv32-unknown-elf/7.1.1/rv32imcxgap8/ilp32/libgcc.a(subdf3.o)
                0x000000001c0018e2                __subdf3
 .text          0x000000001c001ef4       0x5c /usr/lib/gap_riscv_toolchain/bin/../lib/gcc/riscv32-unknown-elf/7.1.1/rv32imcxgap8/ilp32/libgcc.a(fixdfsi.o)
                0x000000001c001ef4                __fixdfsi
 .text          0x000000001c001f50       0x52 /usr/lib/gap_riscv_toolchain/bin/../lib/gcc/riscv32-unknown-elf/7.1.1/rv32imcxgap8/ilp32/libgcc.a(fixunsdfsi.o)
                0x000000001c001f50                __fixunsdfsi
 .text          0x000000001c001fa2       0x58 /usr/lib/gap_riscv_toolchain/bin/../lib/gcc/riscv32-unknown-elf/7.1.1/rv32imcxgap8/ilp32/libgcc.a(floatsidf.o)
                0x000000001c001fa2                __floatsidf
 .text          0x000000001c001ffa       0x4c /usr/lib/gap_riscv_toolchain/bin/../lib/gcc/riscv32-unknown-elf/7.1.1/rv32imcxgap8/ilp32/libgcc.a(floatunsidf.o)
                0x000000001c001ffa                __floatunsidf
 *(.text.*)
 .text.start_example
                0x000000001c002046       0x60 /home/bitcraze/Desktop/IAA_Labs/lab4/gap8/BUILD/GAP8_V2/GCC_RISCV_FREERTOS/stm_gap8_cpx.o
                0x000000001c002046                start_example
 .text.startup.main
                0x000000001c0020a6        0xc /home/bitcraze/Desktop/IAA_Labs/lab4/gap8/BUILD/GAP8_V2/GCC_RISCV_FREERTOS/stm_gap8_cpx.o
                0x000000001c0020a6                main
 .text.vDataReadyISR
                0x000000001c0020b2       0x2a /home/bitcraze/Desktop/IAA_Labs/lab4/gap8/BUILD/GAP8_V2/GCC_RISCV_FREERTOS/lib/cpx/src/com.o
                0x000000001c0020b2                vDataReadyISR
 .text.com_task
                0x000000001c0020dc      0x180 /home/bitcraze/Desktop/IAA_Labs/lab4/gap8/BUILD/GAP8_V2/GCC_RISCV_FREERTOS/lib/cpx/src/com.o
                0x000000001c0020dc                com_task
 .text.com_init
                0x000000001c00225c      0x17c /home/bitcraze/Desktop/IAA_Labs/lab4/gap8/BUILD/GAP8_V2/GCC_RISCV_FREERTOS/lib/cpx/src/com.o
                0x000000001c00225c                com_init
 .text.com_read
                0x000000001c0023d8       0x10 /home/bitcraze/Desktop/IAA_Labs/lab4/gap8/BUILD/GAP8_V2/GCC_RISCV_FREERTOS/lib/cpx/src/com.o
                0x000000001c0023d8                com_read
 .text.com_write
                0x000000001c0023e8       0x32 /home/bitcraze/Desktop/IAA_Labs/lab4/gap8/BUILD/GAP8_V2/GCC_RISCV_FREERTOS/lib/cpx/src/com.o
                0x000000001c0023e8                com_write
 .text.cpx_rx_task
                0x000000001c00241a       0xb4 /home/bitcraze/Desktop/IAA_Labs/lab4/gap8/BUILD/GAP8_V2/GCC_RISCV_FREERTOS/lib/cpx/src/cpx.o
 .text.cpxEnableFunction
                0x000000001c0024ce       0x2a /home/bitcraze/Desktop/IAA_Labs/lab4/gap8/BUILD/GAP8_V2/GCC_RISCV_FREERTOS/lib/cpx/src/cpx.o
                0x000000001c0024ce                cpxEnableFunction
 .text.cpxReceivePacketBlocking
                0x000000001c0024f8       0x14 /home/bitcraze/Desktop/IAA_Labs/lab4/gap8/BUILD/GAP8_V2/GCC_RISCV_FREERTOS/lib/cpx/src/cpx.o
                0x000000001c0024f8                cpxReceivePacketBlocking
 .text.cpxSendPacketBlocking
                0x000000001c00250c       0x68 /home/bitcraze/Desktop/IAA_Labs/lab4/gap8/BUILD/GAP8_V2/GCC_RISCV_FREERTOS/lib/cpx/src/cpx.o
                0x000000001c00250c                cpxSendPacketBlocking
 .text.cpxPrintToConsole
                0x000000001c002574       0xe8 /home/bitcraze/Desktop/IAA_Labs/lab4/gap8/BUILD/GAP8_V2/GCC_RISCV_FREERTOS/lib/cpx/src/cpx.o
                0x000000001c002574                cpxPrintToConsole
 .text.cpxInitRoute
                0x000000001c00265c       0x12 /home/bitcraze/Desktop/IAA_Labs/lab4/gap8/BUILD/GAP8_V2/GCC_RISCV_FREERTOS/lib/cpx/src/cpx.o
                0x000000001c00265c                cpxInitRoute
 .text.cpxInit  0x000000001c00266e       0x64 /home/bitcraze/Desktop/IAA_Labs/lab4/gap8/BUILD/GAP8_V2/GCC_RISCV_FREERTOS/lib/cpx/src/cpx.o
                0x000000001c00266e                cpxInit
 .text._procid  0x000000001c0026d2        0xa /home/bitcraze/Desktop/IAA_Labs/lab4/gap8/BUILD/GAP8_V2/GCC_RISCV_FREERTOS//home/bitcraze/projects/gap_sdk/rtos/freeRTOS/vendors/gwt/gap8/src/device/gap8_it.o
                0x000000001c0026d2                _procid
 .text._clusterid
                0x000000001c0026dc        0x8 /home/bitcraze/Desktop/IAA_Labs/lab4/gap8/BUILD/GAP8_V2/GCC_RISCV_FREERTOS//home/bitcraze/projects/gap_sdk/rtos/freeRTOS/vendors/gwt/gap8/src/device/gap8_it.o
                0x000000001c0026dc                _clusterid
 .text._isr_default
                0x000000001c0026e4        0xe /home/bitcraze/Desktop/IAA_Labs/lab4/gap8/BUILD/GAP8_V2/GCC_RISCV_FREERTOS//home/bitcraze/projects/gap_sdk/rtos/freeRTOS/vendors/gwt/gap8/src/device/gap8_it.o
                0x000000001c0026e4                _isr_default
 .text.vSetPendSV
                0x000000001c0026f2        0xa /home/bitcraze/Desktop/IAA_Labs/lab4/gap8/BUILD/GAP8_V2/GCC_RISCV_FREERTOS//home/bitcraze/projects/gap_sdk/rtos/freeRTOS/vendors/gwt/gap8/src/device/gap8_it.o
                0x000000001c0026f2                vSetPendSV
 .text._ill_insn_print
                0x000000001c0026fc        0xa /home/bitcraze/Desktop/IAA_Labs/lab4/gap8/BUILD/GAP8_V2/GCC_RISCV_FREERTOS//home/bitcraze/projects/gap_sdk/rtos/freeRTOS/vendors/gwt/gap8/src/device/gap8_it.o
                0x000000001c0026fc                _ill_insn_print
 .text.system_init
                0x000000001c002706       0x5c /home/bitcraze/Desktop/IAA_Labs/lab4/gap8/BUILD/GAP8_V2/GCC_RISCV_FREERTOS//home/bitcraze/projects/gap_sdk/rtos/freeRTOS/vendors/gwt/gap8/src/device/system_gap8.o
                0x000000001c002706                system_init
 .text.system_setup_systick
                0x000000001c002762       0x38 /home/bitcraze/Desktop/IAA_Labs/lab4/gap8/BUILD/GAP8_V2/GCC_RISCV_FREERTOS//home/bitcraze/projects/gap_sdk/rtos/freeRTOS/vendors/gwt/gap8/src/device/system_gap8.o
                0x000000001c002762                system_setup_systick
 .text.system_core_clock_update
                0x000000001c00279a       0x54 /home/bitcraze/Desktop/IAA_Labs/lab4/gap8/BUILD/GAP8_V2/GCC_RISCV_FREERTOS//home/bitcraze/projects/gap_sdk/rtos/freeRTOS/vendors/gwt/gap8/src/device/system_gap8.o
                0x000000001c00279a                system_core_clock_update
 .text.system_core_clock_get
                0x000000001c0027ee        0xa /home/bitcraze/Desktop/IAA_Labs/lab4/gap8/BUILD/GAP8_V2/GCC_RISCV_FREERTOS//home/bitcraze/projects/gap_sdk/rtos/freeRTOS/vendors/gwt/gap8/src/device/system_gap8.o
                0x000000001c0027ee                system_core_clock_get
 .text.system_exit
                0x000000001c0027f8       0x6e /home/bitcraze/Desktop/IAA_Labs/lab4/gap8/BUILD/GAP8_V2/GCC_RISCV_FREERTOS//home/bitcraze/projects/gap_sdk/rtos/freeRTOS/vendors/gwt/gap8/src/device/system_gap8.o
                0x000000001c0027f8                system_exit
 .text.__uart_putc_cluster_req
                0x000000001c002866       0x48 /home/bitcraze/Desktop/IAA_Labs/lab4/gap8/BUILD/GAP8_V2/GCC_RISCV_FREERTOS//home/bitcraze/projects/gap_sdk/rtos/freeRTOS/vendors/gwt/gap8/src/driver/gap_io.o
 .text.printf_uart_init
                0x000000001c0028ae       0x5e /home/bitcraze/Desktop/IAA_Labs/lab4/gap8/BUILD/GAP8_V2/GCC_RISCV_FREERTOS//home/bitcraze/projects/gap_sdk/rtos/freeRTOS/vendors/gwt/gap8/src/driver/gap_io.o
                0x000000001c0028ae                printf_uart_init
 .text._putchar
                0x000000001c00290c      0x126 /home/bitcraze/Desktop/IAA_Labs/lab4/gap8/BUILD/GAP8_V2/GCC_RISCV_FREERTOS//home/bitcraze/projects/gap_sdk/rtos/freeRTOS/vendors/gwt/gap8/src/driver/gap_io.o
                0x000000001c00290c                _putchar
 .text.system_exit_printf_flush
                0x000000001c002a32       0x96 /home/bitcraze/Desktop/IAA_Labs/lab4/gap8/BUILD/GAP8_V2/GCC_RISCV_FREERTOS//home/bitcraze/projects/gap_sdk/rtos/freeRTOS/vendors/gwt/gap8/src/driver/gap_io.o
                0x000000001c002a32                system_exit_printf_flush
 .text.exit     0x000000001c002ac8        0x8 /home/bitcraze/Desktop/IAA_Labs/lab4/gap8/BUILD/GAP8_V2/GCC_RISCV_FREERTOS//home/bitcraze/projects/gap_sdk/rtos/freeRTOS/vendors/gwt/libs/src/stdlib.o
                0x000000001c002ac8                exit
 .text.memcpy   0x000000001c002ad0      0x10a /home/bitcraze/Desktop/IAA_Labs/lab4/gap8/BUILD/GAP8_V2/GCC_RISCV_FREERTOS//home/bitcraze/projects/gap_sdk/rtos/freeRTOS/vendors/gwt/libs/src/string.o
                0x000000001c002ad0                memcpy
 .text.memset   0x000000001c002bda       0xb6 /home/bitcraze/Desktop/IAA_Labs/lab4/gap8/BUILD/GAP8_V2/GCC_RISCV_FREERTOS//home/bitcraze/projects/gap_sdk/rtos/freeRTOS/vendors/gwt/libs/src/string.o
                0x000000001c002bda                memset
 .text.cl_notify_fc_event_handler
                0x000000001c002c90       0x9c /home/bitcraze/Desktop/IAA_Labs/lab4/gap8/BUILD/GAP8_V2/GCC_RISCV_FREERTOS//home/bitcraze/projects/gap_sdk/rtos/freeRTOS/vendors/gwt/gap8/pmsis/cluster/drivers/cluster_synchronisation/cl_to_fc_delegate.o
                0x000000001c002c90                cl_notify_fc_event_handler
 .text.pi_cl_send_task_to_fc
                0x000000001c002d2c       0x42 /home/bitcraze/Desktop/IAA_Labs/lab4/gap8/BUILD/GAP8_V2/GCC_RISCV_FREERTOS//home/bitcraze/projects/gap_sdk/rtos/freeRTOS/vendors/gwt/gap8/pmsis/cluster/drivers/cluster_synchronisation/cl_to_fc_delegate.o
                0x000000001c002d2c                pi_cl_send_task_to_fc
 .text.cl_task_finish
                0x000000001c002d6e       0x78 /home/bitcraze/Desktop/IAA_Labs/lab4/gap8/BUILD/GAP8_V2/GCC_RISCV_FREERTOS//home/bitcraze/projects/gap_sdk/rtos/freeRTOS/vendors/gwt/gap8/pmsis/cluster/drivers/cluster_synchronisation/fc_to_cl_delegate.o
                0x000000001c002d6e                cl_task_finish
 .text.pi_cl_dma_2d_handler
                0x000000001c002de6       0x94 /home/bitcraze/Desktop/IAA_Labs/lab4/gap8/BUILD/GAP8_V2/GCC_RISCV_FREERTOS//home/bitcraze/projects/gap_sdk/rtos/freeRTOS/vendors/gwt/gap8/pmsis/cluster/drivers/dma/cl_dma_irq.o
                0x000000001c002de6                pi_cl_dma_2d_handler
 .text.fc_event_null_event
                0x000000001c002e7a        0x2 /home/bitcraze/Desktop/IAA_Labs/lab4/gap8/BUILD/GAP8_V2/GCC_RISCV_FREERTOS//home/bitcraze/projects/gap_sdk/rtos/freeRTOS/vendors/gwt/gap8/pmsis/drivers/fc_event/fc_event.o
 .text.pi_fc_event_handler_init
                0x000000001c002e7c       0x30 /home/bitcraze/Desktop/IAA_Labs/lab4/gap8/BUILD/GAP8_V2/GCC_RISCV_FREERTOS//home/bitcraze/projects/gap_sdk/rtos/freeRTOS/vendors/gwt/gap8/pmsis/drivers/fc_event/fc_event.o
                0x000000001c002e7c                pi_fc_event_handler_init
 .text.pi_fc_event_handler_set
                0x000000001c002eac       0x10 /home/bitcraze/Desktop/IAA_Labs/lab4/gap8/BUILD/GAP8_V2/GCC_RISCV_FREERTOS//home/bitcraze/projects/gap_sdk/rtos/freeRTOS/vendors/gwt/gap8/pmsis/drivers/fc_event/fc_event.o
                0x000000001c002eac                pi_fc_event_handler_set
 .text.pi_fc_event_handler_clear
                0x000000001c002ebc       0x18 /home/bitcraze/Desktop/IAA_Labs/lab4/gap8/BUILD/GAP8_V2/GCC_RISCV_FREERTOS//home/bitcraze/projects/gap_sdk/rtos/freeRTOS/vendors/gwt/gap8/pmsis/drivers/fc_event/fc_event.o
                0x000000001c002ebc                pi_fc_event_handler_clear
 .text.pi_fll_init
                0x000000001c002ed4       0xd2 /home/bitcraze/Desktop/IAA_Labs/lab4/gap8/BUILD/GAP8_V2/GCC_RISCV_FREERTOS//home/bitcraze/projects/gap_sdk/rtos/freeRTOS/vendors/gwt/gap8/pmsis/drivers/fll/fll.o
                0x000000001c002ed4                pi_fll_init
 .text.pi_fll_frequency_get
                0x000000001c002fa6       0x46 /home/bitcraze/Desktop/IAA_Labs/lab4/gap8/BUILD/GAP8_V2/GCC_RISCV_FREERTOS//home/bitcraze/projects/gap_sdk/rtos/freeRTOS/vendors/gwt/gap8/pmsis/drivers/fll/fll.o
                0x000000001c002fa6                pi_fll_frequency_get
 .text.pi_freq_callback_add
                0x000000001c002fec       0x28 /home/bitcraze/Desktop/IAA_Labs/lab4/gap8/BUILD/GAP8_V2/GCC_RISCV_FREERTOS//home/bitcraze/projects/gap_sdk/rtos/freeRTOS/vendors/gwt/gap8/pmsis/drivers/fll/fll.o
                0x000000001c002fec                pi_freq_callback_add
 .text.pi_freq_callback_remove
                0x000000001c003014       0x46 /home/bitcraze/Desktop/IAA_Labs/lab4/gap8/BUILD/GAP8_V2/GCC_RISCV_FREERTOS//home/bitcraze/projects/gap_sdk/rtos/freeRTOS/vendors/gwt/gap8/pmsis/drivers/fll/fll.o
                0x000000001c003014                pi_freq_callback_remove
 .text.gpio_handler
                0x000000001c00305a       0xa0 /home/bitcraze/Desktop/IAA_Labs/lab4/gap8/BUILD/GAP8_V2/GCC_RISCV_FREERTOS//home/bitcraze/projects/gap_sdk/rtos/freeRTOS/vendors/gwt/gap8/pmsis/drivers/gpio/gpio.o
 .text.pi_gpio_conf_init
                0x000000001c0030fa        0xa /home/bitcraze/Desktop/IAA_Labs/lab4/gap8/BUILD/GAP8_V2/GCC_RISCV_FREERTOS//home/bitcraze/projects/gap_sdk/rtos/freeRTOS/vendors/gwt/gap8/pmsis/drivers/gpio/gpio.o
                0x000000001c0030fa                pi_gpio_conf_init
 .text.pi_gpio_open
                0x000000001c003104       0xae /home/bitcraze/Desktop/IAA_Labs/lab4/gap8/BUILD/GAP8_V2/GCC_RISCV_FREERTOS//home/bitcraze/projects/gap_sdk/rtos/freeRTOS/vendors/gwt/gap8/pmsis/drivers/gpio/gpio.o
                0x000000001c003104                pi_gpio_open
 .text.pi_gpio_pin_configure
                0x000000001c0031b2       0xde /home/bitcraze/Desktop/IAA_Labs/lab4/gap8/BUILD/GAP8_V2/GCC_RISCV_FREERTOS//home/bitcraze/projects/gap_sdk/rtos/freeRTOS/vendors/gwt/gap8/pmsis/drivers/gpio/gpio.o
                0x000000001c0031b2                pi_gpio_pin_configure
 .text.pi_gpio_pin_write
                0x000000001c003290       0x36 /home/bitcraze/Desktop/IAA_Labs/lab4/gap8/BUILD/GAP8_V2/GCC_RISCV_FREERTOS//home/bitcraze/projects/gap_sdk/rtos/freeRTOS/vendors/gwt/gap8/pmsis/drivers/gpio/gpio.o
                0x000000001c003290                pi_gpio_pin_write
 .text.pi_gpio_pin_read
                0x000000001c0032c6       0x4a /home/bitcraze/Desktop/IAA_Labs/lab4/gap8/BUILD/GAP8_V2/GCC_RISCV_FREERTOS//home/bitcraze/projects/gap_sdk/rtos/freeRTOS/vendors/gwt/gap8/pmsis/drivers/gpio/gpio.o
                0x000000001c0032c6                pi_gpio_pin_read
 .text.pi_gpio_pin_notif_configure
                0x000000001c003310       0x72 /home/bitcraze/Desktop/IAA_Labs/lab4/gap8/BUILD/GAP8_V2/GCC_RISCV_FREERTOS//home/bitcraze/projects/gap_sdk/rtos/freeRTOS/vendors/gwt/gap8/pmsis/drivers/gpio/gpio.o
                0x000000001c003310                pi_gpio_pin_notif_configure
 .text.pi_gpio_callback_add
                0x000000001c003382       0x22 /home/bitcraze/Desktop/IAA_Labs/lab4/gap8/BUILD/GAP8_V2/GCC_RISCV_FREERTOS//home/bitcraze/projects/gap_sdk/rtos/freeRTOS/vendors/gwt/gap8/pmsis/drivers/gpio/gpio.o
                0x000000001c003382                pi_gpio_callback_add
 .text.pi_pad_set_function
                0x000000001c0033a4       0x38 /home/bitcraze/Desktop/IAA_Labs/lab4/gap8/BUILD/GAP8_V2/GCC_RISCV_FREERTOS//home/bitcraze/projects/gap_sdk/rtos/freeRTOS/vendors/gwt/gap8/pmsis/drivers/pad/pad.o
                0x000000001c0033a4                pi_pad_set_function
 .text.pi_pad_init
                0x000000001c0033dc       0x26 /home/bitcraze/Desktop/IAA_Labs/lab4/gap8/BUILD/GAP8_V2/GCC_RISCV_FREERTOS//home/bitcraze/projects/gap_sdk/rtos/freeRTOS/vendors/gwt/gap8/pmsis/drivers/pad/pad.o
                0x000000001c0033dc                pi_pad_init
 .text.__pi_pmu_handler
                0x000000001c003402       0x1e /home/bitcraze/Desktop/IAA_Labs/lab4/gap8/BUILD/GAP8_V2/GCC_RISCV_FREERTOS//home/bitcraze/projects/gap_sdk/rtos/freeRTOS/vendors/gwt/gap8/pmsis/drivers/pmu/pmu_internal.o
 .text.__pi_pmu_init
                0x000000001c003420       0xf8 /home/bitcraze/Desktop/IAA_Labs/lab4/gap8/BUILD/GAP8_V2/GCC_RISCV_FREERTOS//home/bitcraze/projects/gap_sdk/rtos/freeRTOS/vendors/gwt/gap8/pmsis/drivers/pmu/pmu_internal.o
                0x000000001c003420                __pi_pmu_init
 .text.pi_timer_init
                0x000000001c003518       0x34 /home/bitcraze/Desktop/IAA_Labs/lab4/gap8/BUILD/GAP8_V2/GCC_RISCV_FREERTOS//home/bitcraze/projects/gap_sdk/rtos/freeRTOS/vendors/gwt/gap8/pmsis/drivers/timer/timer.o
                0x000000001c003518                pi_timer_init
 .text.pi_timer_stop
                0x000000001c00354c       0x28 /home/bitcraze/Desktop/IAA_Labs/lab4/gap8/BUILD/GAP8_V2/GCC_RISCV_FREERTOS//home/bitcraze/projects/gap_sdk/rtos/freeRTOS/vendors/gwt/gap8/pmsis/drivers/timer/timer.o
                0x000000001c00354c                pi_timer_stop
 .text.__pi_hyper_copy_aligned.isra.6
                0x000000001c003574       0x48 /home/bitcraze/Desktop/IAA_Labs/lab4/gap8/BUILD/GAP8_V2/GCC_RISCV_FREERTOS//home/bitcraze/projects/gap_sdk/rtos/freeRTOS/vendors/gwt/gap8/pmsis/drivers/udma/hyperbus/hyperbus_internal.o
 .text.__pi_hyper_copy_misaligned
                0x000000001c0035bc      0x2ee /home/bitcraze/Desktop/IAA_Labs/lab4/gap8/BUILD/GAP8_V2/GCC_RISCV_FREERTOS//home/bitcraze/projects/gap_sdk/rtos/freeRTOS/vendors/gwt/gap8/pmsis/drivers/udma/hyperbus/hyperbus_internal.o
 .text.pi_spi_open
                0x000000001c0038aa       0x1c /home/bitcraze/Desktop/IAA_Labs/lab4/gap8/BUILD/GAP8_V2/GCC_RISCV_FREERTOS//home/bitcraze/projects/gap_sdk/rtos/freeRTOS/vendors/gwt/gap8/pmsis/drivers/udma/spi/spi.o
                0x000000001c0038aa                pi_spi_open
 .text.pi_spi_transfer
                0x000000001c0038c6       0x48 /home/bitcraze/Desktop/IAA_Labs/lab4/gap8/BUILD/GAP8_V2/GCC_RISCV_FREERTOS//home/bitcraze/projects/gap_sdk/rtos/freeRTOS/vendors/gwt/gap8/pmsis/drivers/udma/spi/spi.o
                0x000000001c0038c6                pi_spi_transfer
 .text.__pi_spi_freq_cb
                0x000000001c00390e       0x84 /home/bitcraze/Desktop/IAA_Labs/lab4/gap8/BUILD/GAP8_V2/GCC_RISCV_FREERTOS//home/bitcraze/projects/gap_sdk/rtos/freeRTOS/vendors/gwt/gap8/pmsis/drivers/udma/spi/spi_internal.o
                0x000000001c00390e                __pi_spi_freq_cb
 .text.pi_spi_conf_init
                0x000000001c003992       0x26 /home/bitcraze/Desktop/IAA_Labs/lab4/gap8/BUILD/GAP8_V2/GCC_RISCV_FREERTOS//home/bitcraze/projects/gap_sdk/rtos/freeRTOS/vendors/gwt/gap8/pmsis/drivers/udma/spi/spi_internal.o
                0x000000001c003992                pi_spi_conf_init
 .text.__pi_spi_open
                0x000000001c0039b8      0x300 /home/bitcraze/Desktop/IAA_Labs/lab4/gap8/BUILD/GAP8_V2/GCC_RISCV_FREERTOS//home/bitcraze/projects/gap_sdk/rtos/freeRTOS/vendors/gwt/gap8/pmsis/drivers/udma/spi/spi_internal.o
                0x000000001c0039b8                __pi_spi_open
 .text.__pi_spi_receive_async
                0x000000001c003cb8      0x110 /home/bitcraze/Desktop/IAA_Labs/lab4/gap8/BUILD/GAP8_V2/GCC_RISCV_FREERTOS//home/bitcraze/projects/gap_sdk/rtos/freeRTOS/vendors/gwt/gap8/pmsis/drivers/udma/spi/spi_internal.o
                0x000000001c003cb8                __pi_spi_receive_async
 .text.__pi_spi_send_async
                0x000000001c003dc8      0x146 /home/bitcraze/Desktop/IAA_Labs/lab4/gap8/BUILD/GAP8_V2/GCC_RISCV_FREERTOS//home/bitcraze/projects/gap_sdk/rtos/freeRTOS/vendors/gwt/gap8/pmsis/drivers/udma/spi/spi_internal.o
                0x000000001c003dc8                __pi_spi_send_async
 .text.__pi_spi_xfer_async
                0x000000001c003f0e      0x138 /home/bitcraze/Desktop/IAA_Labs/lab4/gap8/BUILD/GAP8_V2/GCC_RISCV_FREERTOS//home/bitcraze/projects/gap_sdk/rtos/freeRTOS/vendors/gwt/gap8/pmsis/drivers/udma/spi/spi_internal.o
                0x000000001c003f0e                __pi_spi_xfer_async
 .text.__pi_spi_copy_async
                0x000000001c004046      0x792 /home/bitcraze/Desktop/IAA_Labs/lab4/gap8/BUILD/GAP8_V2/GCC_RISCV_FREERTOS//home/bitcraze/projects/gap_sdk/rtos/freeRTOS/vendors/gwt/gap8/pmsis/drivers/udma/spi/spi_internal.o
                0x000000001c004046                __pi_spi_copy_async
 .text.__pi_spi_copy_async_2d
                0x000000001c0047d8      0x700 /home/bitcraze/Desktop/IAA_Labs/lab4/gap8/BUILD/GAP8_V2/GCC_RISCV_FREERTOS//home/bitcraze/projects/gap_sdk/rtos/freeRTOS/vendors/gwt/gap8/pmsis/drivers/udma/spi/spi_internal.o
                0x000000001c0047d8                __pi_spi_copy_async_2d
 .text.spim_eot_handler
                0x000000001c004ed8      0x872 /home/bitcraze/Desktop/IAA_Labs/lab4/gap8/BUILD/GAP8_V2/GCC_RISCV_FREERTOS//home/bitcraze/projects/gap_sdk/rtos/freeRTOS/vendors/gwt/gap8/pmsis/drivers/udma/spi/spi_internal.o
                0x000000001c004ed8                spim_eot_handler
 .text.spim_tx_handler
                0x000000001c00574a       0x3e /home/bitcraze/Desktop/IAA_Labs/lab4/gap8/BUILD/GAP8_V2/GCC_RISCV_FREERTOS//home/bitcraze/projects/gap_sdk/rtos/freeRTOS/vendors/gwt/gap8/pmsis/drivers/udma/spi/spi_internal.o
                0x000000001c00574a                spim_tx_handler
 .text.spim_rx_handler
                0x000000001c005788       0x3a /home/bitcraze/Desktop/IAA_Labs/lab4/gap8/BUILD/GAP8_V2/GCC_RISCV_FREERTOS//home/bitcraze/projects/gap_sdk/rtos/freeRTOS/vendors/gwt/gap8/pmsis/drivers/udma/spi/spi_internal.o
                0x000000001c005788                spim_rx_handler
 .text.pi_uart_conf_init
                0x000000001c0057c2        0x2 /home/bitcraze/Desktop/IAA_Labs/lab4/gap8/BUILD/GAP8_V2/GCC_RISCV_FREERTOS//home/bitcraze/projects/gap_sdk/rtos/freeRTOS/vendors/gwt/gap8/pmsis/drivers/udma/uart/uart.o
                0x000000001c0057c2                pi_uart_conf_init
 .text.pi_uart_open
                0x000000001c0057c4        0x6 /home/bitcraze/Desktop/IAA_Labs/lab4/gap8/BUILD/GAP8_V2/GCC_RISCV_FREERTOS//home/bitcraze/projects/gap_sdk/rtos/freeRTOS/vendors/gwt/gap8/pmsis/drivers/udma/uart/uart.o
                0x000000001c0057c4                pi_uart_open
 .text.pi_uart_close
                0x000000001c0057ca       0x1e /home/bitcraze/Desktop/IAA_Labs/lab4/gap8/BUILD/GAP8_V2/GCC_RISCV_FREERTOS//home/bitcraze/projects/gap_sdk/rtos/freeRTOS/vendors/gwt/gap8/pmsis/drivers/udma/uart/uart.o
                0x000000001c0057ca                pi_uart_close
 .text.pi_uart_write
                0x000000001c0057e8       0x4c /home/bitcraze/Desktop/IAA_Labs/lab4/gap8/BUILD/GAP8_V2/GCC_RISCV_FREERTOS//home/bitcraze/projects/gap_sdk/rtos/freeRTOS/vendors/gwt/gap8/pmsis/drivers/udma/uart/uart.o
                0x000000001c0057e8                pi_uart_write
 .text.__pi_uart_freq_cb
                0x000000001c005834       0xa6 /home/bitcraze/Desktop/IAA_Labs/lab4/gap8/BUILD/GAP8_V2/GCC_RISCV_FREERTOS//home/bitcraze/projects/gap_sdk/rtos/freeRTOS/vendors/gwt/gap8/pmsis/drivers/udma/uart/uart_internal.o
 .text.__pi_uart_handler
                0x000000001c0058da       0xca /home/bitcraze/Desktop/IAA_Labs/lab4/gap8/BUILD/GAP8_V2/GCC_RISCV_FREERTOS//home/bitcraze/projects/gap_sdk/rtos/freeRTOS/vendors/gwt/gap8/pmsis/drivers/udma/uart/uart_internal.o
 .text.__pi_uart_conf_init
                0x000000001c0059a4       0x18 /home/bitcraze/Desktop/IAA_Labs/lab4/gap8/BUILD/GAP8_V2/GCC_RISCV_FREERTOS//home/bitcraze/projects/gap_sdk/rtos/freeRTOS/vendors/gwt/gap8/pmsis/drivers/udma/uart/uart_internal.o
                0x000000001c0059a4                __pi_uart_conf_init
 .text.__pi_uart_open
                0x000000001c0059bc      0x1ee /home/bitcraze/Desktop/IAA_Labs/lab4/gap8/BUILD/GAP8_V2/GCC_RISCV_FREERTOS//home/bitcraze/projects/gap_sdk/rtos/freeRTOS/vendors/gwt/gap8/pmsis/drivers/udma/uart/uart_internal.o
                0x000000001c0059bc                __pi_uart_open
 .text.__pi_uart_close
                0x000000001c005baa      0x142 /home/bitcraze/Desktop/IAA_Labs/lab4/gap8/BUILD/GAP8_V2/GCC_RISCV_FREERTOS//home/bitcraze/projects/gap_sdk/rtos/freeRTOS/vendors/gwt/gap8/pmsis/drivers/udma/uart/uart_internal.o
                0x000000001c005baa                __pi_uart_close
 .text.__pi_uart_copy
                0x000000001c005cec       0xb0 /home/bitcraze/Desktop/IAA_Labs/lab4/gap8/BUILD/GAP8_V2/GCC_RISCV_FREERTOS//home/bitcraze/projects/gap_sdk/rtos/freeRTOS/vendors/gwt/gap8/pmsis/drivers/udma/uart/uart_internal.o
                0x000000001c005cec                __pi_uart_copy
 .text.pi_bsp_init
                0x000000001c005d9c       0x3c /home/bitcraze/Desktop/IAA_Labs/lab4/gap8/BUILD/GAP8_V2/GCC_RISCV_FREERTOS//home/bitcraze/projects/gap_sdk/rtos/pmsis/bsp/bsp/ai_deck.o
                0x000000001c005d9c                pi_bsp_init
 .text.pmsis_event_push
                0x000000001c005dd8       0x4e /home/bitcraze/Desktop/IAA_Labs/lab4/gap8/BUILD/GAP8_V2/GCC_RISCV_FREERTOS//home/bitcraze/projects/gap_sdk/rtos/freeRTOS/vendors/gwt/pmsis/rtos/event_kernel/event_kernel.o
                0x000000001c005dd8                pmsis_event_push
 .text.pmsis_event_kernel_init
                0x000000001c005e26       0x78 /home/bitcraze/Desktop/IAA_Labs/lab4/gap8/BUILD/GAP8_V2/GCC_RISCV_FREERTOS//home/bitcraze/projects/gap_sdk/rtos/freeRTOS/vendors/gwt/pmsis/rtos/event_kernel/event_kernel.o
                0x000000001c005e26                pmsis_event_kernel_init
 .text.pmsis_event_kernel_main
                0x000000001c005e9e       0xa2 /home/bitcraze/Desktop/IAA_Labs/lab4/gap8/BUILD/GAP8_V2/GCC_RISCV_FREERTOS//home/bitcraze/projects/gap_sdk/rtos/freeRTOS/vendors/gwt/pmsis/rtos/event_kernel/event_kernel.o
                0x000000001c005e9e                pmsis_event_kernel_main
 .text.pmsis_event_get_default_scheduler
                0x000000001c005f40        0xa /home/bitcraze/Desktop/IAA_Labs/lab4/gap8/BUILD/GAP8_V2/GCC_RISCV_FREERTOS//home/bitcraze/projects/gap_sdk/rtos/freeRTOS/vendors/gwt/pmsis/rtos/event_kernel/event_kernel.o
                0x000000001c005f40                pmsis_event_get_default_scheduler
 .text.pmsis_event_set_default_scheduler
                0x000000001c005f4a        0xa /home/bitcraze/Desktop/IAA_Labs/lab4/gap8/BUILD/GAP8_V2/GCC_RISCV_FREERTOS//home/bitcraze/projects/gap_sdk/rtos/freeRTOS/vendors/gwt/pmsis/rtos/event_kernel/event_kernel.o
                0x000000001c005f4a                pmsis_event_set_default_scheduler
 .text.pi_cl_l1_free
                0x000000001c005f54       0x20 /home/bitcraze/Desktop/IAA_Labs/lab4/gap8/BUILD/GAP8_V2/GCC_RISCV_FREERTOS//home/bitcraze/projects/gap_sdk/rtos/freeRTOS/vendors/gwt/pmsis/rtos/malloc/cl_l1_malloc.o
                0x000000001c005f54                pi_cl_l1_free
 .text.pi_fc_l1_malloc
                0x000000001c005f74       0x22 /home/bitcraze/Desktop/IAA_Labs/lab4/gap8/BUILD/GAP8_V2/GCC_RISCV_FREERTOS//home/bitcraze/projects/gap_sdk/rtos/freeRTOS/vendors/gwt/pmsis/rtos/malloc/fc_l1_malloc.o
                0x000000001c005f74                pi_fc_l1_malloc
 .text.pi_fc_l1_free
                0x000000001c005f96       0x24 /home/bitcraze/Desktop/IAA_Labs/lab4/gap8/BUILD/GAP8_V2/GCC_RISCV_FREERTOS//home/bitcraze/projects/gap_sdk/rtos/freeRTOS/vendors/gwt/pmsis/rtos/malloc/fc_l1_malloc.o
                0x000000001c005f96                pi_fc_l1_free
 .text.pi_fc_l1_malloc_init
                0x000000001c005fba       0x20 /home/bitcraze/Desktop/IAA_Labs/lab4/gap8/BUILD/GAP8_V2/GCC_RISCV_FREERTOS//home/bitcraze/projects/gap_sdk/rtos/freeRTOS/vendors/gwt/pmsis/rtos/malloc/fc_l1_malloc.o
                0x000000001c005fba                pi_fc_l1_malloc_init
 .text.pi_l2_malloc
                0x000000001c005fda       0x5a /home/bitcraze/Desktop/IAA_Labs/lab4/gap8/BUILD/GAP8_V2/GCC_RISCV_FREERTOS//home/bitcraze/projects/gap_sdk/rtos/freeRTOS/vendors/gwt/pmsis/rtos/malloc/l2_malloc.o
                0x000000001c005fda                pi_l2_malloc
 .text.pi_l2_free
                0x000000001c006034       0x3a /home/bitcraze/Desktop/IAA_Labs/lab4/gap8/BUILD/GAP8_V2/GCC_RISCV_FREERTOS//home/bitcraze/projects/gap_sdk/rtos/freeRTOS/vendors/gwt/pmsis/rtos/malloc/l2_malloc.o
                0x000000001c006034                pi_l2_free
 .text.pi_l2_malloc_init
                0x000000001c00606e       0x20 /home/bitcraze/Desktop/IAA_Labs/lab4/gap8/BUILD/GAP8_V2/GCC_RISCV_FREERTOS//home/bitcraze/projects/gap_sdk/rtos/freeRTOS/vendors/gwt/pmsis/rtos/malloc/l2_malloc.o
                0x000000001c00606e                pi_l2_malloc_init
 .text.__malloc_init
                0x000000001c00608e       0x20 /home/bitcraze/Desktop/IAA_Labs/lab4/gap8/BUILD/GAP8_V2/GCC_RISCV_FREERTOS//home/bitcraze/projects/gap_sdk/rtos/freeRTOS/vendors/gwt/pmsis/rtos/malloc/malloc_internal.o
                0x000000001c00608e                __malloc_init
 .text.__malloc
                0x000000001c0060ae       0x4a /home/bitcraze/Desktop/IAA_Labs/lab4/gap8/BUILD/GAP8_V2/GCC_RISCV_FREERTOS//home/bitcraze/projects/gap_sdk/rtos/freeRTOS/vendors/gwt/pmsis/rtos/malloc/malloc_internal.o
                0x000000001c0060ae                __malloc
 .text.__malloc_free
                0x000000001c0060f8       0x5c /home/bitcraze/Desktop/IAA_Labs/lab4/gap8/BUILD/GAP8_V2/GCC_RISCV_FREERTOS//home/bitcraze/projects/gap_sdk/rtos/freeRTOS/vendors/gwt/pmsis/rtos/malloc/malloc_internal.o
                0x000000001c0060f8                __malloc_free
 .text.pi_malloc_init
                0x000000001c006154       0x1c /home/bitcraze/Desktop/IAA_Labs/lab4/gap8/BUILD/GAP8_V2/GCC_RISCV_FREERTOS//home/bitcraze/projects/gap_sdk/rtos/freeRTOS/vendors/gwt/pmsis/rtos/malloc/pi_malloc.o
                0x000000001c006154                pi_malloc_init
 .text.pi_malloc
                0x000000001c006170       0x2c /home/bitcraze/Desktop/IAA_Labs/lab4/gap8/BUILD/GAP8_V2/GCC_RISCV_FREERTOS//home/bitcraze/projects/gap_sdk/rtos/freeRTOS/vendors/gwt/pmsis/rtos/malloc/pi_malloc.o
                0x000000001c006170                pi_malloc
 .text.pi_free  0x000000001c00619c       0x1c /home/bitcraze/Desktop/IAA_Labs/lab4/gap8/BUILD/GAP8_V2/GCC_RISCV_FREERTOS//home/bitcraze/projects/gap_sdk/rtos/freeRTOS/vendors/gwt/pmsis/rtos/malloc/pi_malloc.o
                0x000000001c00619c                pi_free
 .text.pi_open_from_conf
                0x000000001c0061b8        0x4 /home/bitcraze/Desktop/IAA_Labs/lab4/gap8/BUILD/GAP8_V2/GCC_RISCV_FREERTOS//home/bitcraze/projects/gap_sdk/rtos/freeRTOS/vendors/gwt/pmsis/rtos/os/device.o
                0x000000001c0061b8                pi_open_from_conf
 .text.__pi_task_block
                0x000000001c0061bc       0x2e /home/bitcraze/Desktop/IAA_Labs/lab4/gap8/BUILD/GAP8_V2/GCC_RISCV_FREERTOS//home/bitcraze/projects/gap_sdk/rtos/freeRTOS/vendors/gwt/pmsis/rtos/os/pmsis_task.o
                0x000000001c0061bc                __pi_task_block
 .text.__pi_task_destroy
                0x000000001c0061ea        0x6 /home/bitcraze/Desktop/IAA_Labs/lab4/gap8/BUILD/GAP8_V2/GCC_RISCV_FREERTOS//home/bitcraze/projects/gap_sdk/rtos/freeRTOS/vendors/gwt/pmsis/rtos/os/pmsis_task.o
                0x000000001c0061ea                __pi_task_destroy
 .text.__pi_task_wait_on
                0x000000001c0061f0       0x30 /home/bitcraze/Desktop/IAA_Labs/lab4/gap8/BUILD/GAP8_V2/GCC_RISCV_FREERTOS//home/bitcraze/projects/gap_sdk/rtos/freeRTOS/vendors/gwt/pmsis/rtos/os/pmsis_task.o
                0x000000001c0061f0                __pi_task_wait_on
 .text.__pi_task_push_locked
                0x000000001c006220       0x8a /home/bitcraze/Desktop/IAA_Labs/lab4/gap8/BUILD/GAP8_V2/GCC_RISCV_FREERTOS//home/bitcraze/projects/gap_sdk/rtos/freeRTOS/vendors/gwt/pmsis/rtos/os/pmsis_task.o
                0x000000001c006220                __pi_task_push_locked
 .text.pi_task_release
                0x000000001c0062aa       0x4e /home/bitcraze/Desktop/IAA_Labs/lab4/gap8/BUILD/GAP8_V2/GCC_RISCV_FREERTOS//home/bitcraze/projects/gap_sdk/rtos/freeRTOS/vendors/gwt/pmsis/rtos/os/pmsis_task.o
                0x000000001c0062aa                pi_task_release
 .text.pi_cl_pi_task_wait
                0x000000001c0062f8       0x28 /home/bitcraze/Desktop/IAA_Labs/lab4/gap8/BUILD/GAP8_V2/GCC_RISCV_FREERTOS//home/bitcraze/projects/gap_sdk/rtos/freeRTOS/vendors/gwt/pmsis/rtos/os/pmsis_task.o
                0x000000001c0062f8                pi_cl_pi_task_wait
 .text.__os_native_kickoff
                0x000000001c006320       0x9a /home/bitcraze/Desktop/IAA_Labs/lab4/gap8/BUILD/GAP8_V2/GCC_RISCV_FREERTOS//home/bitcraze/projects/gap_sdk/rtos/freeRTOS/vendors/gwt/pmsis/backend/pmsis_backend_native_task_api.o
                0x000000001c006320                __os_native_kickoff
 .text.__pi_task_timer_irq
                0x000000001c0063ba       0x6c /home/bitcraze/Desktop/IAA_Labs/lab4/gap8/BUILD/GAP8_V2/GCC_RISCV_FREERTOS//home/bitcraze/projects/gap_sdk/rtos/freeRTOS/vendors/gwt/pmsis/backend/pmsis_backend_native_task_api.o
                0x000000001c0063ba                __pi_task_timer_irq
 .text.pi_task_delayed_increment_push
                0x000000001c006426       0x7a /home/bitcraze/Desktop/IAA_Labs/lab4/gap8/BUILD/GAP8_V2/GCC_RISCV_FREERTOS//home/bitcraze/projects/gap_sdk/rtos/freeRTOS/vendors/gwt/pmsis/backend/pmsis_backend_native_task_api.o
                0x000000001c006426                pi_task_delayed_increment_push
 .text.pxPortInitialiseStack
                0x000000001c0064a0       0x38 /home/bitcraze/Desktop/IAA_Labs/lab4/gap8/BUILD/GAP8_V2/GCC_RISCV_FREERTOS//home/bitcraze/projects/gap_sdk/rtos/freeRTOS/freertos_kernel/portable/GCC/RI5CY-GAP8/port.o
                0x000000001c0064a0                pxPortInitialiseStack
 .text.prvSetupTimerInterrupt
                0x000000001c0064d8        0x8 /home/bitcraze/Desktop/IAA_Labs/lab4/gap8/BUILD/GAP8_V2/GCC_RISCV_FREERTOS//home/bitcraze/projects/gap_sdk/rtos/freeRTOS/freertos_kernel/portable/GCC/RI5CY-GAP8/port.o
                0x000000001c0064d8                prvSetupTimerInterrupt
 .text.vPortEnter_Critical
                0x000000001c0064e0       0x14 /home/bitcraze/Desktop/IAA_Labs/lab4/gap8/BUILD/GAP8_V2/GCC_RISCV_FREERTOS//home/bitcraze/projects/gap_sdk/rtos/freeRTOS/freertos_kernel/portable/GCC/RI5CY-GAP8/port.o
                0x000000001c0064e0                vPortEnter_Critical
 .text.vPortExit_Critical
                0x000000001c0064f4       0x1c /home/bitcraze/Desktop/IAA_Labs/lab4/gap8/BUILD/GAP8_V2/GCC_RISCV_FREERTOS//home/bitcraze/projects/gap_sdk/rtos/freeRTOS/freertos_kernel/portable/GCC/RI5CY-GAP8/port.o
                0x000000001c0064f4                vPortExit_Critical
 .text.uPortSet_Interrupt_Mask_From_ISR
                0x000000001c006510        0x6 /home/bitcraze/Desktop/IAA_Labs/lab4/gap8/BUILD/GAP8_V2/GCC_RISCV_FREERTOS//home/bitcraze/projects/gap_sdk/rtos/freeRTOS/freertos_kernel/portable/GCC/RI5CY-GAP8/port.o
                0x000000001c006510                uPortSet_Interrupt_Mask_From_ISR
 .text.vPortClear_Interrupt_Mask_From_ISR
                0x000000001c006516        0x6 /home/bitcraze/Desktop/IAA_Labs/lab4/gap8/BUILD/GAP8_V2/GCC_RISCV_FREERTOS//home/bitcraze/projects/gap_sdk/rtos/freeRTOS/freertos_kernel/portable/GCC/RI5CY-GAP8/port.o
                0x000000001c006516                vPortClear_Interrupt_Mask_From_ISR
 .text._out_buffer
                0x000000001c00651c        0xa /home/bitcraze/Desktop/IAA_Labs/lab4/gap8/BUILD/GAP8_V2/GCC_RISCV_FREERTOS//home/bitcraze/projects/gap_sdk/rtos/freeRTOS/vendors/gwt/libs/printf/printf.o
 .text._out_null
                0x000000001c006526        0x2 /home/bitcraze/Desktop/IAA_Labs/lab4/gap8/BUILD/GAP8_V2/GCC_RISCV_FREERTOS//home/bitcraze/projects/gap_sdk/rtos/freeRTOS/vendors/gwt/libs/printf/printf.o
 .text._out_char
                0x000000001c006528        0x8 /home/bitcraze/Desktop/IAA_Labs/lab4/gap8/BUILD/GAP8_V2/GCC_RISCV_FREERTOS//home/bitcraze/projects/gap_sdk/rtos/freeRTOS/vendors/gwt/libs/printf/printf.o
 .text._ntoa_long
                0x000000001c006530      0x34c /home/bitcraze/Desktop/IAA_Labs/lab4/gap8/BUILD/GAP8_V2/GCC_RISCV_FREERTOS//home/bitcraze/projects/gap_sdk/rtos/freeRTOS/vendors/gwt/libs/printf/printf.o
 .text._etoa    0x000000001c00687c      0x68e /home/bitcraze/Desktop/IAA_Labs/lab4/gap8/BUILD/GAP8_V2/GCC_RISCV_FREERTOS//home/bitcraze/projects/gap_sdk/rtos/freeRTOS/vendors/gwt/libs/printf/printf.o
 .text._ftoa.part.1
                0x000000001c006f0a      0x53a /home/bitcraze/Desktop/IAA_Labs/lab4/gap8/BUILD/GAP8_V2/GCC_RISCV_FREERTOS//home/bitcraze/projects/gap_sdk/rtos/freeRTOS/vendors/gwt/libs/printf/printf.o
 .text._vsnprintf
                0x000000001c007444      0x7dc /home/bitcraze/Desktop/IAA_Labs/lab4/gap8/BUILD/GAP8_V2/GCC_RISCV_FREERTOS//home/bitcraze/projects/gap_sdk/rtos/freeRTOS/vendors/gwt/libs/printf/printf.o
 .text.printf_  0x000000001c007c20       0x32 /home/bitcraze/Desktop/IAA_Labs/lab4/gap8/BUILD/GAP8_V2/GCC_RISCV_FREERTOS//home/bitcraze/projects/gap_sdk/rtos/freeRTOS/vendors/gwt/libs/printf/printf.o
                0x000000001c007c20                printf_
 .text.vsnprintf_
                0x000000001c007c52       0x14 /home/bitcraze/Desktop/IAA_Labs/lab4/gap8/BUILD/GAP8_V2/GCC_RISCV_FREERTOS//home/bitcraze/projects/gap_sdk/rtos/freeRTOS/vendors/gwt/libs/printf/printf.o
                0x000000001c007c52                vsnprintf_
 .text.vListInitialise
                0x000000001c007c66       0x14 /home/bitcraze/Desktop/IAA_Labs/lab4/gap8/BUILD/GAP8_V2/GCC_RISCV_FREERTOS//home/bitcraze/projects/gap_sdk/rtos/freeRTOS/freertos_kernel/list.o
                0x000000001c007c66                vListInitialise
 .text.vListInitialiseItem
                0x000000001c007c7a        0x6 /home/bitcraze/Desktop/IAA_Labs/lab4/gap8/BUILD/GAP8_V2/GCC_RISCV_FREERTOS//home/bitcraze/projects/gap_sdk/rtos/freeRTOS/freertos_kernel/list.o
                0x000000001c007c7a                vListInitialiseItem
 .text.vListInsertEnd
                0x000000001c007c80       0x18 /home/bitcraze/Desktop/IAA_Labs/lab4/gap8/BUILD/GAP8_V2/GCC_RISCV_FREERTOS//home/bitcraze/projects/gap_sdk/rtos/freeRTOS/freertos_kernel/list.o
                0x000000001c007c80                vListInsertEnd
 .text.vListInsert
                0x000000001c007c98       0x2e /home/bitcraze/Desktop/IAA_Labs/lab4/gap8/BUILD/GAP8_V2/GCC_RISCV_FREERTOS//home/bitcraze/projects/gap_sdk/rtos/freeRTOS/freertos_kernel/list.o
                0x000000001c007c98                vListInsert
 .text.uxListRemove
                0x000000001c007cc6       0x22 /home/bitcraze/Desktop/IAA_Labs/lab4/gap8/BUILD/GAP8_V2/GCC_RISCV_FREERTOS//home/bitcraze/projects/gap_sdk/rtos/freeRTOS/freertos_kernel/list.o
                0x000000001c007cc6                uxListRemove
 .text.xQueueGenericCreateStatic
                0x000000001c007ce8       0x6a /home/bitcraze/Desktop/IAA_Labs/lab4/gap8/BUILD/GAP8_V2/GCC_RISCV_FREERTOS//home/bitcraze/projects/gap_sdk/rtos/freeRTOS/freertos_kernel/queue.o
                0x000000001c007ce8                xQueueGenericCreateStatic
 .text.xQueueGenericCreate
                0x000000001c007d52       0x7c /home/bitcraze/Desktop/IAA_Labs/lab4/gap8/BUILD/GAP8_V2/GCC_RISCV_FREERTOS//home/bitcraze/projects/gap_sdk/rtos/freeRTOS/freertos_kernel/queue.o
                0x000000001c007d52                xQueueGenericCreate
 .text.xQueueGenericSend
                0x000000001c007dce      0x35e /home/bitcraze/Desktop/IAA_Labs/lab4/gap8/BUILD/GAP8_V2/GCC_RISCV_FREERTOS//home/bitcraze/projects/gap_sdk/rtos/freeRTOS/freertos_kernel/queue.o
                0x000000001c007dce                xQueueGenericSend
 .text.xQueueCreateMutex
                0x000000001c00812c       0x80 /home/bitcraze/Desktop/IAA_Labs/lab4/gap8/BUILD/GAP8_V2/GCC_RISCV_FREERTOS//home/bitcraze/projects/gap_sdk/rtos/freeRTOS/freertos_kernel/queue.o
                0x000000001c00812c                xQueueCreateMutex
 .text.xQueueGenericSendFromISR
                0x000000001c0081ac      0x108 /home/bitcraze/Desktop/IAA_Labs/lab4/gap8/BUILD/GAP8_V2/GCC_RISCV_FREERTOS//home/bitcraze/projects/gap_sdk/rtos/freeRTOS/freertos_kernel/queue.o
                0x000000001c0081ac                xQueueGenericSendFromISR
 .text.xQueueReceive
                0x000000001c0082b4      0x2b6 /home/bitcraze/Desktop/IAA_Labs/lab4/gap8/BUILD/GAP8_V2/GCC_RISCV_FREERTOS//home/bitcraze/projects/gap_sdk/rtos/freeRTOS/freertos_kernel/queue.o
                0x000000001c0082b4                xQueueReceive
 .text.xQueueSemaphoreTake
                0x000000001c00856a      0x2ea /home/bitcraze/Desktop/IAA_Labs/lab4/gap8/BUILD/GAP8_V2/GCC_RISCV_FREERTOS//home/bitcraze/projects/gap_sdk/rtos/freeRTOS/freertos_kernel/queue.o
                0x000000001c00856a                xQueueSemaphoreTake
 .text.uxQueueMessagesWaiting
                0x000000001c008854       0x1c /home/bitcraze/Desktop/IAA_Labs/lab4/gap8/BUILD/GAP8_V2/GCC_RISCV_FREERTOS//home/bitcraze/projects/gap_sdk/rtos/freeRTOS/freertos_kernel/queue.o
                0x000000001c008854                uxQueueMessagesWaiting
 .text.vQueueAddToRegistry
                0x000000001c008870       0x58 /home/bitcraze/Desktop/IAA_Labs/lab4/gap8/BUILD/GAP8_V2/GCC_RISCV_FREERTOS//home/bitcraze/projects/gap_sdk/rtos/freeRTOS/freertos_kernel/queue.o
                0x000000001c008870                vQueueAddToRegistry
 .text.vQueueWaitForMessageRestricted
                0x000000001c0088c8       0xea /home/bitcraze/Desktop/IAA_Labs/lab4/gap8/BUILD/GAP8_V2/GCC_RISCV_FREERTOS//home/bitcraze/projects/gap_sdk/rtos/freeRTOS/freertos_kernel/queue.o
                0x000000001c0088c8                vQueueWaitForMessageRestricted
 .text.prvAddNewTaskToReadyList
                0x000000001c0089b2      0x15c /home/bitcraze/Desktop/IAA_Labs/lab4/gap8/BUILD/GAP8_V2/GCC_RISCV_FREERTOS//home/bitcraze/projects/gap_sdk/rtos/freeRTOS/freertos_kernel/tasks.o
 .text.prvIdleTask
                0x000000001c008b0e       0x90 /home/bitcraze/Desktop/IAA_Labs/lab4/gap8/BUILD/GAP8_V2/GCC_RISCV_FREERTOS//home/bitcraze/projects/gap_sdk/rtos/freeRTOS/freertos_kernel/tasks.o
 .text.xTaskIncrementTick.part.6
                0x000000001c008b9e      0x168 /home/bitcraze/Desktop/IAA_Labs/lab4/gap8/BUILD/GAP8_V2/GCC_RISCV_FREERTOS//home/bitcraze/projects/gap_sdk/rtos/freeRTOS/freertos_kernel/tasks.o
 .text.xTaskCreateStatic
                0x000000001c008d06      0x186 /home/bitcraze/Desktop/IAA_Labs/lab4/gap8/BUILD/GAP8_V2/GCC_RISCV_FREERTOS//home/bitcraze/projects/gap_sdk/rtos/freeRTOS/freertos_kernel/tasks.o
                0x000000001c008d06                xTaskCreateStatic
 .text.xTaskCreate
                0x000000001c008e8c      0x1aa /home/bitcraze/Desktop/IAA_Labs/lab4/gap8/BUILD/GAP8_V2/GCC_RISCV_FREERTOS//home/bitcraze/projects/gap_sdk/rtos/freeRTOS/freertos_kernel/tasks.o
                0x000000001c008e8c                xTaskCreate
 .text.vTaskStartScheduler
                0x000000001c009036       0xf4 /home/bitcraze/Desktop/IAA_Labs/lab4/gap8/BUILD/GAP8_V2/GCC_RISCV_FREERTOS//home/bitcraze/projects/gap_sdk/rtos/freeRTOS/freertos_kernel/tasks.o
                0x000000001c009036                vTaskStartScheduler
 .text.vTaskSuspendAll
                0x000000001c00912a       0x10 /home/bitcraze/Desktop/IAA_Labs/lab4/gap8/BUILD/GAP8_V2/GCC_RISCV_FREERTOS//home/bitcraze/projects/gap_sdk/rtos/freeRTOS/freertos_kernel/tasks.o
                0x000000001c00912a                vTaskSuspendAll
 .text.xTaskResumeAll
                0x000000001c00913a      0x13e /home/bitcraze/Desktop/IAA_Labs/lab4/gap8/BUILD/GAP8_V2/GCC_RISCV_FREERTOS//home/bitcraze/projects/gap_sdk/rtos/freeRTOS/freertos_kernel/tasks.o
                0x000000001c00913a                xTaskResumeAll
 .text.xTaskGetTickCount
                0x000000001c009278        0xa /home/bitcraze/Desktop/IAA_Labs/lab4/gap8/BUILD/GAP8_V2/GCC_RISCV_FREERTOS//home/bitcraze/projects/gap_sdk/rtos/freeRTOS/freertos_kernel/tasks.o
                0x000000001c009278                xTaskGetTickCount
 .text.xTaskIncrementTick
                0x000000001c009282       0x20 /home/bitcraze/Desktop/IAA_Labs/lab4/gap8/BUILD/GAP8_V2/GCC_RISCV_FREERTOS//home/bitcraze/projects/gap_sdk/rtos/freeRTOS/freertos_kernel/tasks.o
                0x000000001c009282                xTaskIncrementTick
 .text.vTaskSwitchContext
                0x000000001c0092a2       0xb2 /home/bitcraze/Desktop/IAA_Labs/lab4/gap8/BUILD/GAP8_V2/GCC_RISCV_FREERTOS//home/bitcraze/projects/gap_sdk/rtos/freeRTOS/freertos_kernel/tasks.o
                0x000000001c0092a2                vTaskSwitchContext
 .text.vTaskPlaceOnEventList
                0x000000001c009354       0x9c /home/bitcraze/Desktop/IAA_Labs/lab4/gap8/BUILD/GAP8_V2/GCC_RISCV_FREERTOS//home/bitcraze/projects/gap_sdk/rtos/freeRTOS/freertos_kernel/tasks.o
                0x000000001c009354                vTaskPlaceOnEventList
 .text.vTaskPlaceOnUnorderedEventList
                0x000000001c0093f0       0xac /home/bitcraze/Desktop/IAA_Labs/lab4/gap8/BUILD/GAP8_V2/GCC_RISCV_FREERTOS//home/bitcraze/projects/gap_sdk/rtos/freeRTOS/freertos_kernel/tasks.o
                0x000000001c0093f0                vTaskPlaceOnUnorderedEventList
 .text.vTaskPlaceOnEventListRestricted
                0x000000001c00949c       0xaa /home/bitcraze/Desktop/IAA_Labs/lab4/gap8/BUILD/GAP8_V2/GCC_RISCV_FREERTOS//home/bitcraze/projects/gap_sdk/rtos/freeRTOS/freertos_kernel/tasks.o
                0x000000001c00949c                vTaskPlaceOnEventListRestricted
 .text.xTaskRemoveFromEventList
                0x000000001c009546       0x8e /home/bitcraze/Desktop/IAA_Labs/lab4/gap8/BUILD/GAP8_V2/GCC_RISCV_FREERTOS//home/bitcraze/projects/gap_sdk/rtos/freeRTOS/freertos_kernel/tasks.o
                0x000000001c009546                xTaskRemoveFromEventList
 .text.vTaskRemoveFromUnorderedEventList
                0x000000001c0095d4       0x74 /home/bitcraze/Desktop/IAA_Labs/lab4/gap8/BUILD/GAP8_V2/GCC_RISCV_FREERTOS//home/bitcraze/projects/gap_sdk/rtos/freeRTOS/freertos_kernel/tasks.o
                0x000000001c0095d4                vTaskRemoveFromUnorderedEventList
 .text.vTaskInternalSetTimeOutState
                0x000000001c009648       0x16 /home/bitcraze/Desktop/IAA_Labs/lab4/gap8/BUILD/GAP8_V2/GCC_RISCV_FREERTOS//home/bitcraze/projects/gap_sdk/rtos/freeRTOS/freertos_kernel/tasks.o
                0x000000001c009648                vTaskInternalSetTimeOutState
 .text.xTaskCheckForTimeOut
                0x000000001c00965e       0x84 /home/bitcraze/Desktop/IAA_Labs/lab4/gap8/BUILD/GAP8_V2/GCC_RISCV_FREERTOS//home/bitcraze/projects/gap_sdk/rtos/freeRTOS/freertos_kernel/tasks.o
                0x000000001c00965e                xTaskCheckForTimeOut
 .text.vTaskMissedYield
                0x000000001c0096e2        0xc /home/bitcraze/Desktop/IAA_Labs/lab4/gap8/BUILD/GAP8_V2/GCC_RISCV_FREERTOS//home/bitcraze/projects/gap_sdk/rtos/freeRTOS/freertos_kernel/tasks.o
                0x000000001c0096e2                vTaskMissedYield
 .text.xTaskGetCurrentTaskHandle
                0x000000001c0096ee        0xa /home/bitcraze/Desktop/IAA_Labs/lab4/gap8/BUILD/GAP8_V2/GCC_RISCV_FREERTOS//home/bitcraze/projects/gap_sdk/rtos/freeRTOS/freertos_kernel/tasks.o
                0x000000001c0096ee                xTaskGetCurrentTaskHandle
 .text.xTaskGetSchedulerState
                0x000000001c0096f8       0x1c /home/bitcraze/Desktop/IAA_Labs/lab4/gap8/BUILD/GAP8_V2/GCC_RISCV_FREERTOS//home/bitcraze/projects/gap_sdk/rtos/freeRTOS/freertos_kernel/tasks.o
                0x000000001c0096f8                xTaskGetSchedulerState
 .text.xTaskPriorityInherit
                0x000000001c009714       0xb0 /home/bitcraze/Desktop/IAA_Labs/lab4/gap8/BUILD/GAP8_V2/GCC_RISCV_FREERTOS//home/bitcraze/projects/gap_sdk/rtos/freeRTOS/freertos_kernel/tasks.o
                0x000000001c009714                xTaskPriorityInherit
 .text.xTaskPriorityDisinherit
                0x000000001c0097c4       0x70 /home/bitcraze/Desktop/IAA_Labs/lab4/gap8/BUILD/GAP8_V2/GCC_RISCV_FREERTOS//home/bitcraze/projects/gap_sdk/rtos/freeRTOS/freertos_kernel/tasks.o
                0x000000001c0097c4                xTaskPriorityDisinherit
 .text.vTaskPriorityDisinheritAfterTimeout
                0x000000001c009834       0x94 /home/bitcraze/Desktop/IAA_Labs/lab4/gap8/BUILD/GAP8_V2/GCC_RISCV_FREERTOS//home/bitcraze/projects/gap_sdk/rtos/freeRTOS/freertos_kernel/tasks.o
                0x000000001c009834                vTaskPriorityDisinheritAfterTimeout
 .text.uxTaskResetEventItemValue
                0x000000001c0098c8       0x1a /home/bitcraze/Desktop/IAA_Labs/lab4/gap8/BUILD/GAP8_V2/GCC_RISCV_FREERTOS//home/bitcraze/projects/gap_sdk/rtos/freeRTOS/freertos_kernel/tasks.o
                0x000000001c0098c8                uxTaskResetEventItemValue
 .text.pvTaskIncrementMutexHeldCount
                0x000000001c0098e2       0x18 /home/bitcraze/Desktop/IAA_Labs/lab4/gap8/BUILD/GAP8_V2/GCC_RISCV_FREERTOS//home/bitcraze/projects/gap_sdk/rtos/freeRTOS/freertos_kernel/tasks.o
                0x000000001c0098e2                pvTaskIncrementMutexHeldCount
 .text.ulTaskGenericNotifyTake
                0x000000001c0098fa       0xf8 /home/bitcraze/Desktop/IAA_Labs/lab4/gap8/BUILD/GAP8_V2/GCC_RISCV_FREERTOS//home/bitcraze/projects/gap_sdk/rtos/freeRTOS/freertos_kernel/tasks.o
                0x000000001c0098fa                ulTaskGenericNotifyTake
 .text.vTaskGenericNotifyGiveFromISR
                0x000000001c0099f2       0xc0 /home/bitcraze/Desktop/IAA_Labs/lab4/gap8/BUILD/GAP8_V2/GCC_RISCV_FREERTOS//home/bitcraze/projects/gap_sdk/rtos/freeRTOS/freertos_kernel/tasks.o
                0x000000001c0099f2                vTaskGenericNotifyGiveFromISR
 .text.prvTimerTask
                0x000000001c009ab2      0x35e /home/bitcraze/Desktop/IAA_Labs/lab4/gap8/BUILD/GAP8_V2/GCC_RISCV_FREERTOS//home/bitcraze/projects/gap_sdk/rtos/freeRTOS/freertos_kernel/timers.o
 .text.xTimerCreateTimerTask
                0x000000001c009e10       0xc2 /home/bitcraze/Desktop/IAA_Labs/lab4/gap8/BUILD/GAP8_V2/GCC_RISCV_FREERTOS//home/bitcraze/projects/gap_sdk/rtos/freeRTOS/freertos_kernel/timers.o
                0x000000001c009e10                xTimerCreateTimerTask
 .text.xTimerPendFunctionCallFromISR
                0x000000001c009ed2       0x28 /home/bitcraze/Desktop/IAA_Labs/lab4/gap8/BUILD/GAP8_V2/GCC_RISCV_FREERTOS//home/bitcraze/projects/gap_sdk/rtos/freeRTOS/freertos_kernel/timers.o
                0x000000001c009ed2                xTimerPendFunctionCallFromISR
 .text.xEventGroupCreate
                0x000000001c009efa       0x26 /home/bitcraze/Desktop/IAA_Labs/lab4/gap8/BUILD/GAP8_V2/GCC_RISCV_FREERTOS//home/bitcraze/projects/gap_sdk/rtos/freeRTOS/freertos_kernel/event_groups.o
                0x000000001c009efa                xEventGroupCreate
 .text.xEventGroupWaitBits
                0x000000001c009f20       0xdc /home/bitcraze/Desktop/IAA_Labs/lab4/gap8/BUILD/GAP8_V2/GCC_RISCV_FREERTOS//home/bitcraze/projects/gap_sdk/rtos/freeRTOS/freertos_kernel/event_groups.o
                0x000000001c009f20                xEventGroupWaitBits
 .text.xEventGroupSetBits
                0x000000001c009ffc       0x9a /home/bitcraze/Desktop/IAA_Labs/lab4/gap8/BUILD/GAP8_V2/GCC_RISCV_FREERTOS//home/bitcraze/projects/gap_sdk/rtos/freeRTOS/freertos_kernel/event_groups.o
                0x000000001c009ffc                xEventGroupSetBits
 .text.vEventGroupSetBitsCallback
                0x000000001c00a096       0x96 /home/bitcraze/Desktop/IAA_Labs/lab4/gap8/BUILD/GAP8_V2/GCC_RISCV_FREERTOS//home/bitcraze/projects/gap_sdk/rtos/freeRTOS/freertos_kernel/event_groups.o
                0x000000001c00a096                vEventGroupSetBitsCallback
 .text.vApplicationIdleHook
                0x000000001c00a12c       0x16 /home/bitcraze/Desktop/IAA_Labs/lab4/gap8/BUILD/GAP8_V2/GCC_RISCV_FREERTOS//home/bitcraze/projects/gap_sdk/rtos/freeRTOS/demos/gwt/config/gap8/FreeRTOS_util.o
                0x000000001c00a12c                vApplicationIdleHook
 .text.vApplicationGetIdleTaskMemory
                0x000000001c00a142       0x18 /home/bitcraze/Desktop/IAA_Labs/lab4/gap8/BUILD/GAP8_V2/GCC_RISCV_FREERTOS//home/bitcraze/projects/gap_sdk/rtos/freeRTOS/demos/gwt/config/gap8/FreeRTOS_util.o
                0x000000001c00a142                vApplicationGetIdleTaskMemory
 .text.vApplicationGetTimerTaskMemory
                0x000000001c00a15a       0x1c /home/bitcraze/Desktop/IAA_Labs/lab4/gap8/BUILD/GAP8_V2/GCC_RISCV_FREERTOS//home/bitcraze/projects/gap_sdk/rtos/freeRTOS/demos/gwt/config/gap8/FreeRTOS_util.o
                0x000000001c00a15a                vApplicationGetTimerTaskMemory
                0x000000001c00a178                . = ALIGN (0x4)
 *fill*         0x000000001c00a176        0x2 
                0x000000001c00a178                __cluster_text_start = .
 *(.cluster.text)
 *(.cluster.text.*)
                0x000000001c00a178                __cluster_text_end = .
                0x000000001c00a178                _etext = .
 *(.lit)
 *(.shdata)
                0x000000001c00a178                _endtext = .

.ctors          0x000000001c00a178        0x0
                0x000000001c00a178                . = ALIGN (0x4)
                0x000000001c00a178                __CTOR_LIST__ = .
 *crtbegin.o(.ctors)
 *crtbegin?.o(.ctors)
 *(EXCLUDE_FILE(*crtend.o *crtend?.o) .ctors)
 *(SORT(.ctors.*))
 *(.ctors)
                0x000000001c00a178                __CTOR_END__ = .

.dtors          0x000000001c00a178        0x0
                0x000000001c00a178                . = ALIGN (0x4)
                0x000000001c00a178                __DTOR_LIST__ = .
 *crtbegin.o(.dtors)
 *crtbegin?.o(.dtors)
 *(EXCLUDE_FILE(*crtend.o *crtend?.o) .dtors)
 *(SORT(.dtors.*))
 *(.dtors)
                0x000000001c00a178                __DTOR_END__ = .

.preinit_array  0x000000001c00a178        0x0
                [!provide]                        PROVIDE (__preinit_array_start, .)
 *(.preinit_array*)
                [!provide]                        PROVIDE (__preinit_array_end, .)

.init_array     0x000000001c00a178        0x0
                [!provide]                        PROVIDE (__init_array_start, .)
 *(SORT(.init_array.*))
 *(.init_array*)
                [!provide]                        PROVIDE (__init_array_end, .)

.fini_array     0x000000001c00a178        0x0
                [!provide]                        PROVIDE (__fini_array_start, .)
 *(SORT(.fini_array.*))
 *(.fini_array*)
                [!provide]                        PROVIDE (__fini_array_end, .)

.rodata         0x000000001c00a178      0x318
                0x000000001c00a178                . = ALIGN (0x4)
 *(.rodata)
 .rodata        0x000000001c00a178       0x3c /usr/lib/gap_riscv_toolchain/bin/../lib/gcc/riscv32-unknown-elf/7.1.1/rv32imcxgap8/ilp32/libgcc.a(divdf3.o)
 .rodata        0x000000001c00a1b4       0x3c /usr/lib/gap_riscv_toolchain/bin/../lib/gcc/riscv32-unknown-elf/7.1.1/rv32imcxgap8/ilp32/libgcc.a(muldf3.o)
 *(.rodata.*)
 .rodata.start_example.str1.4
                0x000000001c00a1f0       0x1a /home/bitcraze/Desktop/IAA_Labs/lab4/gap8/BUILD/GAP8_V2/GCC_RISCV_FREERTOS/stm_gap8_cpx.o
 *fill*         0x000000001c00a20a        0x2 
 .rodata.com_init.str1.4
                0x000000001c00a20c       0x35 /home/bitcraze/Desktop/IAA_Labs/lab4/gap8/BUILD/GAP8_V2/GCC_RISCV_FREERTOS/lib/cpx/src/com.o
 *fill*         0x000000001c00a241        0x3 
 .rodata.cpxInit.str1.4
                0x000000001c00a244       0x2a /home/bitcraze/Desktop/IAA_Labs/lab4/gap8/BUILD/GAP8_V2/GCC_RISCV_FREERTOS/lib/cpx/src/cpx.o
 *fill*         0x000000001c00a26e        0x2 
 .rodata.cpx_rx_task.str1.4
                0x000000001c00a270       0x20 /home/bitcraze/Desktop/IAA_Labs/lab4/gap8/BUILD/GAP8_V2/GCC_RISCV_FREERTOS/lib/cpx/src/cpx.o
 .rodata.__func__.11126
                0x000000001c00a290        0xe /home/bitcraze/Desktop/IAA_Labs/lab4/gap8/BUILD/GAP8_V2/GCC_RISCV_FREERTOS//home/bitcraze/projects/gap_sdk/rtos/freeRTOS/vendors/gwt/gap8/pmsis/drivers/udma/spi/spi_internal.o
 *fill*         0x000000001c00a29e        0x2 
 .rodata.__pi_spi_open.str1.4
                0x000000001c00a2a0       0x61 /home/bitcraze/Desktop/IAA_Labs/lab4/gap8/BUILD/GAP8_V2/GCC_RISCV_FREERTOS//home/bitcraze/projects/gap_sdk/rtos/freeRTOS/vendors/gwt/gap8/pmsis/drivers/udma/spi/spi_internal.o
 *fill*         0x000000001c00a301        0x3 
 .rodata.pmsis_event_kernel_init.str1.4
                0x000000001c00a304       0x2a /home/bitcraze/Desktop/IAA_Labs/lab4/gap8/BUILD/GAP8_V2/GCC_RISCV_FREERTOS//home/bitcraze/projects/gap_sdk/rtos/freeRTOS/vendors/gwt/pmsis/rtos/event_kernel/event_kernel.o
 *fill*         0x000000001c00a32e        0x2 
 .rodata.pi_l2_malloc.str1.4
                0x000000001c00a330        0xf /home/bitcraze/Desktop/IAA_Labs/lab4/gap8/BUILD/GAP8_V2/GCC_RISCV_FREERTOS//home/bitcraze/projects/gap_sdk/rtos/freeRTOS/vendors/gwt/pmsis/rtos/malloc/l2_malloc.o
 *fill*         0x000000001c00a33f        0x1 
 .rodata.__os_native_kickoff.str1.4
                0x000000001c00a340       0x3c /home/bitcraze/Desktop/IAA_Labs/lab4/gap8/BUILD/GAP8_V2/GCC_RISCV_FREERTOS//home/bitcraze/projects/gap_sdk/rtos/freeRTOS/vendors/gwt/pmsis/backend/pmsis_backend_native_task_api.o
 *fill*         0x000000001c00a37c        0x4 
 .rodata._etoa.cst8
                0x000000001c00a380       0x90 /home/bitcraze/Desktop/IAA_Labs/lab4/gap8/BUILD/GAP8_V2/GCC_RISCV_FREERTOS//home/bitcraze/projects/gap_sdk/rtos/freeRTOS/vendors/gwt/libs/printf/printf.o
 .rodata._etoa.str1.4
                0x000000001c00a410       0x15 /home/bitcraze/Desktop/IAA_Labs/lab4/gap8/BUILD/GAP8_V2/GCC_RISCV_FREERTOS//home/bitcraze/projects/gap_sdk/rtos/freeRTOS/vendors/gwt/libs/printf/printf.o
 *fill*         0x000000001c00a425        0x3 
 .rodata._ftoa.part.1.cst8
                0x000000001c00a428        0x8 /home/bitcraze/Desktop/IAA_Labs/lab4/gap8/BUILD/GAP8_V2/GCC_RISCV_FREERTOS//home/bitcraze/projects/gap_sdk/rtos/freeRTOS/vendors/gwt/libs/printf/printf.o
 .rodata.pow10.1787
                0x000000001c00a430       0x50 /home/bitcraze/Desktop/IAA_Labs/lab4/gap8/BUILD/GAP8_V2/GCC_RISCV_FREERTOS//home/bitcraze/projects/gap_sdk/rtos/freeRTOS/vendors/gwt/libs/printf/printf.o
 .rodata.xTimerCreateTimerTask.str1.4
                0x000000001c00a480       0x10 /home/bitcraze/Desktop/IAA_Labs/lab4/gap8/BUILD/GAP8_V2/GCC_RISCV_FREERTOS//home/bitcraze/projects/gap_sdk/rtos/freeRTOS/freertos_kernel/timers.o
 *(.srodata)
 *(.srodata.*)
 *(.eh_frame*)

.rela.dyn       0x000000001c00a490        0x0
 .rela.text.start_example
                0x000000001c00a490        0x0 /home/bitcraze/Desktop/IAA_Labs/lab4/gap8/BUILD/GAP8_V2/GCC_RISCV_FREERTOS/stm_gap8_cpx.o
 .rela.text.startup.main
                0x000000001c00a490        0x0 /home/bitcraze/Desktop/IAA_Labs/lab4/gap8/BUILD/GAP8_V2/GCC_RISCV_FREERTOS/stm_gap8_cpx.o
 .rela.text.vDataReadyISR
                0x000000001c00a490        0x0 /home/bitcraze/Desktop/IAA_Labs/lab4/gap8/BUILD/GAP8_V2/GCC_RISCV_FREERTOS/stm_gap8_cpx.o
 .rela.text.com_task
                0x000000001c00a490        0x0 /home/bitcraze/Desktop/IAA_Labs/lab4/gap8/BUILD/GAP8_V2/GCC_RISCV_FREERTOS/stm_gap8_cpx.o
 .rela.text.set_gap8_rtt_pin
                0x000000001c00a490        0x0 /home/bitcraze/Desktop/IAA_Labs/lab4/gap8/BUILD/GAP8_V2/GCC_RISCV_FREERTOS/stm_gap8_cpx.o
 .rela.text.com_init
                0x000000001c00a490        0x0 /home/bitcraze/Desktop/IAA_Labs/lab4/gap8/BUILD/GAP8_V2/GCC_RISCV_FREERTOS/stm_gap8_cpx.o
 .rela.text.com_read
                0x000000001c00a490        0x0 /home/bitcraze/Desktop/IAA_Labs/lab4/gap8/BUILD/GAP8_V2/GCC_RISCV_FREERTOS/stm_gap8_cpx.o
 .rela.text.com_write
                0x000000001c00a490        0x0 /home/bitcraze/Desktop/IAA_Labs/lab4/gap8/BUILD/GAP8_V2/GCC_RISCV_FREERTOS/stm_gap8_cpx.o
 .rela.text.cpx_rx_task
                0x000000001c00a490        0x0 /home/bitcraze/Desktop/IAA_Labs/lab4/gap8/BUILD/GAP8_V2/GCC_RISCV_FREERTOS/stm_gap8_cpx.o
 .rela.text.cpxEnableFunction
                0x000000001c00a490        0x0 /home/bitcraze/Desktop/IAA_Labs/lab4/gap8/BUILD/GAP8_V2/GCC_RISCV_FREERTOS/stm_gap8_cpx.o
 .rela.text.cpxReceivePacketBlocking
                0x000000001c00a490        0x0 /home/bitcraze/Desktop/IAA_Labs/lab4/gap8/BUILD/GAP8_V2/GCC_RISCV_FREERTOS/stm_gap8_cpx.o
 .rela.text.cpxSendPacketBlocking
                0x000000001c00a490        0x0 /home/bitcraze/Desktop/IAA_Labs/lab4/gap8/BUILD/GAP8_V2/GCC_RISCV_FREERTOS/stm_gap8_cpx.o
 .rela.text.cpxPrintToConsole
                0x000000001c00a490        0x0 /home/bitcraze/Desktop/IAA_Labs/lab4/gap8/BUILD/GAP8_V2/GCC_RISCV_FREERTOS/stm_gap8_cpx.o
 .rela.text.cpxInit
                0x000000001c00a490        0x0 /home/bitcraze/Desktop/IAA_Labs/lab4/gap8/BUILD/GAP8_V2/GCC_RISCV_FREERTOS/stm_gap8_cpx.o
 .rela.text     0x000000001c00a490        0x0 /home/bitcraze/Desktop/IAA_Labs/lab4/gap8/BUILD/GAP8_V2/GCC_RISCV_FREERTOS/stm_gap8_cpx.o
 .rela.text.reset
                0x000000001c00a490        0x0 /home/bitcraze/Desktop/IAA_Labs/lab4/gap8/BUILD/GAP8_V2/GCC_RISCV_FREERTOS/stm_gap8_cpx.o
 .rela.vectors_irq
                0x000000001c00a490        0x0 /home/bitcraze/Desktop/IAA_Labs/lab4/gap8/BUILD/GAP8_V2/GCC_RISCV_FREERTOS/stm_gap8_cpx.o
 .rela.text._isr_default
                0x000000001c00a490        0x0 /home/bitcraze/Desktop/IAA_Labs/lab4/gap8/BUILD/GAP8_V2/GCC_RISCV_FREERTOS/stm_gap8_cpx.o
 .rela.text.uTaskCheckQuantum
                0x000000001c00a490        0x0 /home/bitcraze/Desktop/IAA_Labs/lab4/gap8/BUILD/GAP8_V2/GCC_RISCV_FREERTOS/stm_gap8_cpx.o
 .rela.text._ill_insn_print
                0x000000001c00a490        0x0 /home/bitcraze/Desktop/IAA_Labs/lab4/gap8/BUILD/GAP8_V2/GCC_RISCV_FREERTOS/stm_gap8_cpx.o
 .rela.text.system_init
                0x000000001c00a490        0x0 /home/bitcraze/Desktop/IAA_Labs/lab4/gap8/BUILD/GAP8_V2/GCC_RISCV_FREERTOS/stm_gap8_cpx.o
 .rela.text.system_setup_systick
                0x000000001c00a490        0x0 /home/bitcraze/Desktop/IAA_Labs/lab4/gap8/BUILD/GAP8_V2/GCC_RISCV_FREERTOS/stm_gap8_cpx.o
 .rela.text.system_core_clock_update
                0x000000001c00a490        0x0 /home/bitcraze/Desktop/IAA_Labs/lab4/gap8/BUILD/GAP8_V2/GCC_RISCV_FREERTOS/stm_gap8_cpx.o
 .rela.text.system_setup_timer
                0x000000001c00a490        0x0 /home/bitcraze/Desktop/IAA_Labs/lab4/gap8/BUILD/GAP8_V2/GCC_RISCV_FREERTOS/stm_gap8_cpx.o
 .rela.text.system_usermode_entry
                0x000000001c00a490        0x0 /home/bitcraze/Desktop/IAA_Labs/lab4/gap8/BUILD/GAP8_V2/GCC_RISCV_FREERTOS/stm_gap8_cpx.o
 .rela.text.system_exit
                0x000000001c00a490        0x0 /home/bitcraze/Desktop/IAA_Labs/lab4/gap8/BUILD/GAP8_V2/GCC_RISCV_FREERTOS/stm_gap8_cpx.o
 .rela.text.__uart_putc_cluster_req
                0x000000001c00a490        0x0 /home/bitcraze/Desktop/IAA_Labs/lab4/gap8/BUILD/GAP8_V2/GCC_RISCV_FREERTOS/stm_gap8_cpx.o
 .rela.text.printf_uart_init
                0x000000001c00a490        0x0 /home/bitcraze/Desktop/IAA_Labs/lab4/gap8/BUILD/GAP8_V2/GCC_RISCV_FREERTOS/stm_gap8_cpx.o
 .rela.text.__io_lock
                0x000000001c00a490        0x0 /home/bitcraze/Desktop/IAA_Labs/lab4/gap8/BUILD/GAP8_V2/GCC_RISCV_FREERTOS/stm_gap8_cpx.o
 .rela.text.__io_unlock
                0x000000001c00a490        0x0 /home/bitcraze/Desktop/IAA_Labs/lab4/gap8/BUILD/GAP8_V2/GCC_RISCV_FREERTOS/stm_gap8_cpx.o
 .rela.text._putchar
                0x000000001c00a490        0x0 /home/bitcraze/Desktop/IAA_Labs/lab4/gap8/BUILD/GAP8_V2/GCC_RISCV_FREERTOS/stm_gap8_cpx.o
 .rela.text.puts
                0x000000001c00a490        0x0 /home/bitcraze/Desktop/IAA_Labs/lab4/gap8/BUILD/GAP8_V2/GCC_RISCV_FREERTOS/stm_gap8_cpx.o
 .rela.text.system_exit_printf_flush
                0x000000001c00a490        0x0 /home/bitcraze/Desktop/IAA_Labs/lab4/gap8/BUILD/GAP8_V2/GCC_RISCV_FREERTOS/stm_gap8_cpx.o
 .rela.sdata.g_lock
                0x000000001c00a490        0x0 /home/bitcraze/Desktop/IAA_Labs/lab4/gap8/BUILD/GAP8_V2/GCC_RISCV_FREERTOS/stm_gap8_cpx.o
 .rela.sdata.g_unlock
                0x000000001c00a490        0x0 /home/bitcraze/Desktop/IAA_Labs/lab4/gap8/BUILD/GAP8_V2/GCC_RISCV_FREERTOS/stm_gap8_cpx.o
 .rela.text.__pi_cl_delegate_l2_alloc
                0x000000001c00a490        0x0 /home/bitcraze/Desktop/IAA_Labs/lab4/gap8/BUILD/GAP8_V2/GCC_RISCV_FREERTOS/stm_gap8_cpx.o
 .rela.text.__pi_cl_delegate_l2_free
                0x000000001c00a490        0x0 /home/bitcraze/Desktop/IAA_Labs/lab4/gap8/BUILD/GAP8_V2/GCC_RISCV_FREERTOS/stm_gap8_cpx.o
 .rela.text.pi_cl_l2_malloc
                0x000000001c00a490        0x0 /home/bitcraze/Desktop/IAA_Labs/lab4/gap8/BUILD/GAP8_V2/GCC_RISCV_FREERTOS/stm_gap8_cpx.o
 .rela.text.pi_cl_l2_free
                0x000000001c00a490        0x0 /home/bitcraze/Desktop/IAA_Labs/lab4/gap8/BUILD/GAP8_V2/GCC_RISCV_FREERTOS/stm_gap8_cpx.o
 .rela.text.cl_notify_fc_event_handler
                0x000000001c00a490        0x0 /home/bitcraze/Desktop/IAA_Labs/lab4/gap8/BUILD/GAP8_V2/GCC_RISCV_FREERTOS/stm_gap8_cpx.o
 .rela.text.pi_cl_send_task_to_fc
                0x000000001c00a490        0x0 /home/bitcraze/Desktop/IAA_Labs/lab4/gap8/BUILD/GAP8_V2/GCC_RISCV_FREERTOS/stm_gap8_cpx.o
 .rela.text.pi_cluster_open_async
                0x000000001c00a490        0x0 /home/bitcraze/Desktop/IAA_Labs/lab4/gap8/BUILD/GAP8_V2/GCC_RISCV_FREERTOS/stm_gap8_cpx.o
 .rela.text.__os_native_api_mutex_lock
                0x000000001c00a490        0x0 /home/bitcraze/Desktop/IAA_Labs/lab4/gap8/BUILD/GAP8_V2/GCC_RISCV_FREERTOS/stm_gap8_cpx.o
 .rela.text.__os_native_api_mutex_release
                0x000000001c00a490        0x0 /home/bitcraze/Desktop/IAA_Labs/lab4/gap8/BUILD/GAP8_V2/GCC_RISCV_FREERTOS/stm_gap8_cpx.o
 .rela.text.pi_cluster_close
                0x000000001c00a490        0x0 /home/bitcraze/Desktop/IAA_Labs/lab4/gap8/BUILD/GAP8_V2/GCC_RISCV_FREERTOS/stm_gap8_cpx.o
 .rela.text.pi_cluster_open
                0x000000001c00a490        0x0 /home/bitcraze/Desktop/IAA_Labs/lab4/gap8/BUILD/GAP8_V2/GCC_RISCV_FREERTOS/stm_gap8_cpx.o
 .rela.text.cl_task_finish
                0x000000001c00a490        0x0 /home/bitcraze/Desktop/IAA_Labs/lab4/gap8/BUILD/GAP8_V2/GCC_RISCV_FREERTOS/stm_gap8_cpx.o
 .rela.text.pi_cluster_send_task_to_cl
                0x000000001c00a490        0x0 /home/bitcraze/Desktop/IAA_Labs/lab4/gap8/BUILD/GAP8_V2/GCC_RISCV_FREERTOS/stm_gap8_cpx.o
 .rela.text.pi_cluster_send_task_to_cl_async
                0x000000001c00a490        0x0 /home/bitcraze/Desktop/IAA_Labs/lab4/gap8/BUILD/GAP8_V2/GCC_RISCV_FREERTOS/stm_gap8_cpx.o
 .rela.text.__pi_cl_delegate_hyper_alloc
                0x000000001c00a490        0x0 /home/bitcraze/Desktop/IAA_Labs/lab4/gap8/BUILD/GAP8_V2/GCC_RISCV_FREERTOS/stm_gap8_cpx.o
 .rela.text.__pi_cl_delegate_hyper_free
                0x000000001c00a490        0x0 /home/bitcraze/Desktop/IAA_Labs/lab4/gap8/BUILD/GAP8_V2/GCC_RISCV_FREERTOS/stm_gap8_cpx.o
 .rela.text.__pi_cl_delegate_hyper_copy
                0x000000001c00a490        0x0 /home/bitcraze/Desktop/IAA_Labs/lab4/gap8/BUILD/GAP8_V2/GCC_RISCV_FREERTOS/stm_gap8_cpx.o
 .rela.text.__pi_cl_hyper_copy_task_done
                0x000000001c00a490        0x0 /home/bitcraze/Desktop/IAA_Labs/lab4/gap8/BUILD/GAP8_V2/GCC_RISCV_FREERTOS/stm_gap8_cpx.o
 .rela.text.__pi_cl_hyper_copy
                0x000000001c00a490        0x0 /home/bitcraze/Desktop/IAA_Labs/lab4/gap8/BUILD/GAP8_V2/GCC_RISCV_FREERTOS/stm_gap8_cpx.o
 .rela.text.__pi_cl_hyper_copy_2d
                0x000000001c00a490        0x0 /home/bitcraze/Desktop/IAA_Labs/lab4/gap8/BUILD/GAP8_V2/GCC_RISCV_FREERTOS/stm_gap8_cpx.o
 .rela.text.pi_cl_hyperram_alloc
                0x000000001c00a490        0x0 /home/bitcraze/Desktop/IAA_Labs/lab4/gap8/BUILD/GAP8_V2/GCC_RISCV_FREERTOS/stm_gap8_cpx.o
 .rela.text.pi_cl_hyperram_free
                0x000000001c00a490        0x0 /home/bitcraze/Desktop/IAA_Labs/lab4/gap8/BUILD/GAP8_V2/GCC_RISCV_FREERTOS/stm_gap8_cpx.o
 .rela.text.__pi_cl_uart_delegate_copy
                0x000000001c00a490        0x0 /home/bitcraze/Desktop/IAA_Labs/lab4/gap8/BUILD/GAP8_V2/GCC_RISCV_FREERTOS/stm_gap8_cpx.o
 .rela.text.pi_cl_uart_write
                0x000000001c00a490        0x0 /home/bitcraze/Desktop/IAA_Labs/lab4/gap8/BUILD/GAP8_V2/GCC_RISCV_FREERTOS/stm_gap8_cpx.o
 .rela.text.pi_cl_uart_write_byte
                0x000000001c00a490        0x0 /home/bitcraze/Desktop/IAA_Labs/lab4/gap8/BUILD/GAP8_V2/GCC_RISCV_FREERTOS/stm_gap8_cpx.o
 .rela.text.pi_cl_uart_read
                0x000000001c00a490        0x0 /home/bitcraze/Desktop/IAA_Labs/lab4/gap8/BUILD/GAP8_V2/GCC_RISCV_FREERTOS/stm_gap8_cpx.o
 .rela.text.pi_cl_uart_read_byte
                0x000000001c00a490        0x0 /home/bitcraze/Desktop/IAA_Labs/lab4/gap8/BUILD/GAP8_V2/GCC_RISCV_FREERTOS/stm_gap8_cpx.o
 .rela.text.gpio_handler
                0x000000001c00a490        0x0 /home/bitcraze/Desktop/IAA_Labs/lab4/gap8/BUILD/GAP8_V2/GCC_RISCV_FREERTOS/stm_gap8_cpx.o
 .rela.text.pi_gpio_open
                0x000000001c00a490        0x0 /home/bitcraze/Desktop/IAA_Labs/lab4/gap8/BUILD/GAP8_V2/GCC_RISCV_FREERTOS/stm_gap8_cpx.o
 .rela.text.pi_gpio_close
                0x000000001c00a490        0x0 /home/bitcraze/Desktop/IAA_Labs/lab4/gap8/BUILD/GAP8_V2/GCC_RISCV_FREERTOS/stm_gap8_cpx.o
 .rela.text.pi_gpio_pin_configure
                0x000000001c00a490        0x0 /home/bitcraze/Desktop/IAA_Labs/lab4/gap8/BUILD/GAP8_V2/GCC_RISCV_FREERTOS/stm_gap8_cpx.o
 .rela.text.pi_pmu_voltage_set
                0x000000001c00a490        0x0 /home/bitcraze/Desktop/IAA_Labs/lab4/gap8/BUILD/GAP8_V2/GCC_RISCV_FREERTOS/stm_gap8_cpx.o
 .rela.text.pi_pmu_state_get
                0x000000001c00a490        0x0 /home/bitcraze/Desktop/IAA_Labs/lab4/gap8/BUILD/GAP8_V2/GCC_RISCV_FREERTOS/stm_gap8_cpx.o
 .rela.text.pi_pmu_boot_state_get
                0x000000001c00a490        0x0 /home/bitcraze/Desktop/IAA_Labs/lab4/gap8/BUILD/GAP8_V2/GCC_RISCV_FREERTOS/stm_gap8_cpx.o
 .rela.text.pi_pmu_sleep_mode_set
                0x000000001c00a490        0x0 /home/bitcraze/Desktop/IAA_Labs/lab4/gap8/BUILD/GAP8_V2/GCC_RISCV_FREERTOS/stm_gap8_cpx.o
 .rela.text.pi_pmu_sleep_mode_enable
                0x000000001c00a490        0x0 /home/bitcraze/Desktop/IAA_Labs/lab4/gap8/BUILD/GAP8_V2/GCC_RISCV_FREERTOS/stm_gap8_cpx.o
 .rela.text.__pi_pmu_handler
                0x000000001c00a490        0x0 /home/bitcraze/Desktop/IAA_Labs/lab4/gap8/BUILD/GAP8_V2/GCC_RISCV_FREERTOS/stm_gap8_cpx.o