Archive member included to satisfy reference by file (symbol)

/usr/lib/gap_riscv_toolchain/bin/../lib/gcc/riscv32-unknown-elf/7.1.1/rv32imcxgap8/ilp32/libgcc.a(_bswapsi2.o)
                              /home/bitcraze/Desktop/IAA_Labs/lab4/gap8/BUILD/GAP8_V2/GCC_RISCV_FREERTOS//home/bitcraze/projects/gap_sdk/rtos/pmsis/bsp/fs/lfs/lfs.o (__bswapsi2)
/usr/lib/gap_riscv_toolchain/bin/../lib/gcc/riscv32-unknown-elf/7.1.1/rv32imcxgap8/ilp32/libgcc.a(_divdi3.o)
                              /home/bitcraze/Desktop/IAA_Labs/lab4/gap8/BUILD/GAP8_V2/GCC_RISCV_FREERTOS//home/bitcraze/projects/gap_sdk/rtos/freeRTOS/vendors/gwt/pmsis/backend/pmsis_backend_native_task_api.o (__divdi3)
/usr/lib/gap_riscv_toolchain/bin/../lib/gcc/riscv32-unknown-elf/7.1.1/rv32imcxgap8/ilp32/libgcc.a(_udivdi3.o)
                              /home/bitcraze/Desktop/IAA_Labs/lab4/gap8/BUILD/GAP8_V2/GCC_RISCV_FREERTOS//home/bitcraze/projects/gap_sdk/rtos/freeRTOS/vendors/gwt/pmsis/backend/pmsis_backend_native_task_api.o (__udivdi3)
/usr/lib/gap_riscv_toolchain/bin/../lib/gcc/riscv32-unknown-elf/7.1.1/rv32imcxgap8/ilp32/libgcc.a(adddf3.o)
                              /home/bitcraze/Desktop/IAA_Labs/lab4/gap8/BUILD/GAP8_V2/GCC_RISCV_FREERTOS//home/bitcraze/projects/gap_sdk/rtos/freeRTOS/vendors/gwt/libs/printf/printf.o (__adddf3)
/usr/lib/gap_riscv_toolchain/bin/../lib/gcc/riscv32-unknown-elf/7.1.1/rv32imcxgap8/ilp32/libgcc.a(divdf3.o)
                              /home/bitcraze/Desktop/IAA_Labs/lab4/gap8/BUILD/GAP8_V2/GCC_RISCV_FREERTOS//home/bitcraze/projects/gap_sdk/rtos/freeRTOS/vendors/gwt/libs/printf/printf.o (__divdf3)
/usr/lib/gap_riscv_toolchain/bin/../lib/gcc/riscv32-unknown-elf/7.1.1/rv32imcxgap8/ilp32/libgcc.a(eqdf2.o)
                              /home/bitcraze/Desktop/IAA_Labs/lab4/gap8/BUILD/GAP8_V2/GCC_RISCV_FREERTOS//home/bitcraze/projects/gap_sdk/rtos/freeRTOS/vendors/gwt/libs/printf/printf.o (__nedf2)
/usr/lib/gap_riscv_toolchain/bin/../lib/gcc/riscv32-unknown-elf/7.1.1/rv32imcxgap8/ilp32/libgcc.a(gedf2.o)
                              /home/bitcraze/Desktop/IAA_Labs/lab4/gap8/BUILD/GAP8_V2/GCC_RISCV_FREERTOS//home/bitcraze/projects/gap_sdk/rtos/freeRTOS/vendors/gwt/libs/printf/printf.o (__gedf2)
/usr/lib/gap_riscv_toolchain/bin/../lib/gcc/riscv32-unknown-elf/7.1.1/rv32imcxgap8/ilp32/libgcc.a(ledf2.o)
                              /home/bitcraze/Desktop/IAA_Labs/lab4/gap8/BUILD/GAP8_V2/GCC_RISCV_FREERTOS//home/bitcraze/projects/gap_sdk/rtos/freeRTOS/vendors/gwt/libs/printf/printf.o (__ltdf2)
/usr/lib/gap_riscv_toolchain/bin/../lib/gcc/riscv32-unknown-elf/7.1.1/rv32imcxgap8/ilp32/libgcc.a(muldf3.o)
                              /home/bitcraze/Desktop/IAA_Labs/lab4/gap8/BUILD/GAP8_V2/GCC_RISCV_FREERTOS//home/bitcraze/projects/gap_sdk/rtos/freeRTOS/vendors/gwt/libs/printf/printf.o (__muldf3)
/usr/lib/gap_riscv_toolchain/bin/../lib/gcc/riscv32-unknown-elf/7.1.1/rv32imcxgap8/ilp32/libgcc.a(subdf3.o)
                              /home/bitcraze/Desktop/IAA_Labs/lab4/gap8/BUILD/GAP8_V2/GCC_RISCV_FREERTOS//home/bitcraze/projects/gap_sdk/rtos/freeRTOS/vendors/gwt/libs/printf/printf.o (__subdf3)
/usr/lib/gap_riscv_toolchain/bin/../lib/gcc/riscv32-unknown-elf/7.1.1/rv32imcxgap8/ilp32/libgcc.a(fixdfsi.o)
                              /home/bitcraze/Desktop/IAA_Labs/lab4/gap8/BUILD/GAP8_V2/GCC_RISCV_FREERTOS//home/bitcraze/projects/gap_sdk/rtos/freeRTOS/vendors/gwt/libs/printf/printf.o (__fixdfsi)
/usr/lib/gap_riscv_toolchain/bin/../lib/gcc/riscv32-unknown-elf/7.1.1/rv32imcxgap8/ilp32/libgcc.a(fixunsdfsi.o)
                              /home/bitcraze/Desktop/IAA_Labs/lab4/gap8/BUILD/GAP8_V2/GCC_RISCV_FREERTOS//home/bitcraze/projects/gap_sdk/rtos/freeRTOS/vendors/gwt/libs/printf/printf.o (__fixunsdfsi)
/usr/lib/gap_riscv_toolchain/bin/../lib/gcc/riscv32-unknown-elf/7.1.1/rv32imcxgap8/ilp32/libgcc.a(floatsidf.o)
                              /home/bitcraze/Desktop/IAA_Labs/lab4/gap8/BUILD/GAP8_V2/GCC_RISCV_FREERTOS//home/bitcraze/projects/gap_sdk/rtos/freeRTOS/vendors/gwt/libs/printf/printf.o (__floatsidf)
/usr/lib/gap_riscv_toolchain/bin/../lib/gcc/riscv32-unknown-elf/7.1.1/rv32imcxgap8/ilp32/libgcc.a(floatunsidf.o)
                              /home/bitcraze/Desktop/IAA_Labs/lab4/gap8/BUILD/GAP8_V2/GCC_RISCV_FREERTOS//home/bitcraze/projects/gap_sdk/rtos/freeRTOS/vendors/gwt/libs/printf/printf.o (__floatunsidf)
/usr/lib/gap_riscv_toolchain/bin/../lib/gcc/riscv32-unknown-elf/7.1.1/rv32imcxgap8/ilp32/libgcc.a(divsf3.o)
                              /home/bitcraze/Desktop/IAA_Labs/lab4/gap8/BUILD/GAP8_V2/GCC_RISCV_FREERTOS//home/bitcraze/projects/gap_sdk/rtos/freeRTOS/vendors/gwt/gap8/pmsis/drivers/timer/timer.o (__divsf3)
/usr/lib/gap_riscv_toolchain/bin/../lib/gcc/riscv32-unknown-elf/7.1.1/rv32imcxgap8/ilp32/libgcc.a(mulsf3.o)
                              /home/bitcraze/Desktop/IAA_Labs/lab4/gap8/BUILD/GAP8_V2/GCC_RISCV_FREERTOS//home/bitcraze/projects/gap_sdk/rtos/freeRTOS/vendors/gwt/gap8/pmsis/drivers/timer/timer.o (__mulsf3)
[...]
Memory Configuration

Name             Origin             Length             Attributes
FC_tcdm          0x000000001b000000 0x0000000000004000
fc_tcdm_aliased  0x0000000000000004 0x0000000000003ffc
L2               0x000000001c000000 0x0000000000080000
L1_sram          0x0000000010000000 0x0000000000010000
*default*        0x0000000000000000 0xffffffffffffffff

Linker script and memory map

LOAD /home/bitcraze/Desktop/IAA_Labs/lab4/gap8/BUILD/GAP8_V2/GCC_RISCV_FREERTOS/src/stm_gap8_cpx.o
LOAD /home/bitcraze/Desktop/IAA_Labs/lab4/gap8/BUILD/GAP8_V2/GCC_RISCV_FREERTOS/lib/cpx/src/com.o
LOAD /home/bitcraze/Desktop/IAA_Labs/lab4/gap8/BUILD/GAP8_V2/GCC_RISCV_FREERTOS/lib/cpx/src/cpx.o
LOAD /home/bitcraze/Desktop/IAA_Labs/lab4/gap8/BUILD/GAP8_V2/GCC_RISCV_FREERTOS//home/bitcraze/projects/gap_sdk/libs/gap_lib/jpeg/dct.o
LOAD /home/bitcraze/Desktop/IAA_Labs/lab4/gap8/BUILD/GAP8_V2/GCC_RISCV_FREERTOS//home/bitcraze/projects/gap_sdk/libs/gap_lib/jpeg/jpeg_constants.o
LOAD /home/bitcraze/Desktop/IAA_Labs/lab4/gap8/BUILD/GAP8_V2/GCC_RISCV_FREERTOS//home/bitcraze/projects/gap_sdk/libs/gap_lib/jpeg/jpeg_encoder.o
LOAD /home/bitcraze/Desktop/IAA_Labs/lab4/gap8/BUILD/GAP8_V2/GCC_RISCV_FREERTOS//home/bitcraze/projects/gap_sdk/libs/gap_lib/jpeg/cluster.o
LOAD /home/bitcraze/Desktop/IAA_Labs/lab4/gap8/BUILD/GAP8_V2/GCC_RISCV_FREERTOS//home/bitcraze/projects/gap_sdk/rtos/freeRTOS/vendors/gwt/gap8/src/device/gap8_iet.o
LOAD /home/bitcraze/Desktop/IAA_Labs/lab4/gap8/BUILD/GAP8_V2/GCC_RISCV_FREERTOS//home/bitcraze/projects/gap_sdk/rtos/freeRTOS/vendors/gwt/gap8/src/device/startup_gap8.o
LOAD /home/bitcraze/Desktop/IAA_Labs/lab4/gap8/BUILD/GAP8_V2/GCC_RISCV_FREERTOS//home/bitcraze/projects/gap_sdk/rtos/freeRTOS/vendors/gwt/gap8/pmsis/cluster/drivers/cluster_synchronisation/cluster_core.o
LOAD /home/bitcraze/Desktop/IAA_Labs/lab4/gap8/BUILD/GAP8_V2/GCC_RISCV_FREERTOS//home/bitcraze/projects/gap_sdk/rtos/freeRTOS/vendors/gwt/gap8/pmsis/util/asm_util.o
LOAD /home/bitcraze/Desktop/IAA_Labs/lab4/gap8/BUILD/GAP8_V2/GCC_RISCV_FREERTOS//home/bitcraze/projects/gap_sdk/rtos/freeRTOS/freertos_kernel/portable/GCC/RI5CY-GAP8/port_asm.o
LOAD /home/bitcraze/Desktop/IAA_Labs/lab4/gap8/BUILD/GAP8_V2/GCC_RISCV_FREERTOS//home/bitcraze/projects/gap_sdk/rtos/freeRTOS/vendors/gwt/gap8/src/device/gap8_it.o
LOAD /home/bitcraze/Desktop/IAA_Labs/lab4/gap8/BUILD/GAP8_V2/GCC_RISCV_FREERTOS//home/bitcraze/projects/gap_sdk/rtos/freeRTOS/vendors/gwt/gap8/src/device/system_gap8.o
LOAD /home/bitcraze/Desktop/IAA_Labs/lab4/gap8/BUILD/GAP8_V2/GCC_RISCV_FREERTOS//home/bitcraze/projects/gap_sdk/rtos/freeRTOS/vendors/gwt/gap8/src/driver/gap_io.o
LOAD /home/bitcraze/Desktop/IAA_Labs/lab4/gap8/BUILD/GAP8_V2/GCC_RISCV_FREERTOS//home/bitcraze/projects/gap_sdk/rtos/freeRTOS/vendors/gwt/libs/src/stdlib.o
LOAD /home/bitcraze/Desktop/IAA_Labs/lab4/gap8/BUILD/GAP8_V2/GCC_RISCV_FREERTOS//home/bitcraze/projects/gap_sdk/rtos/freeRTOS/vendors/gwt/libs/src/string.o
LOAD /home/bitcraze/Desktop/IAA_Labs/lab4/gap8/BUILD/GAP8_V2/GCC_RISCV_FREERTOS//home/bitcraze/projects/gap_sdk/rtos/freeRTOS/vendors/gwt/libs/src/errno.o
LOAD /home/bitcraze/Desktop/IAA_Labs/lab4/gap8/BUILD/GAP8_V2/GCC_RISCV_FREERTOS//home/bitcraze/projects/gap_sdk/rtos/freeRTOS/vendors/gwt/gap8/pmsis/cluster/malloc/cl_malloc.o
LOAD /home/bitcraze/Desktop/IAA_Labs/lab4/gap8/BUILD/GAP8_V2/GCC_RISCV_FREERTOS//home/bitcraze/projects/gap_sdk/rtos/freeRTOS/vendors/gwt/gap8/pmsis/cluster/drivers/cluster_synchronisation/cl_to_fc_delegate.o
LOAD /home/bitcraze/Desktop/IAA_Labs/lab4/gap8/BUILD/GAP8_V2/GCC_RISCV_FREERTOS//home/bitcraze/projects/gap_sdk/rtos/freeRTOS/vendors/gwt/gap8/pmsis/cluster/drivers/cluster_synchronisation/fc_to_cl_delegate.o
LOAD /home/bitcraze/Desktop/IAA_Labs/lab4/gap8/BUILD/GAP8_V2/GCC_RISCV_FREERTOS//home/bitcraze/projects/gap_sdk/rtos/freeRTOS/vendors/gwt/gap8/pmsis/cluster/drivers/cluster_team/cl_team.o
LOAD /home/bitcraze/Desktop/IAA_Labs/lab4/gap8/BUILD/GAP8_V2/GCC_RISCV_FREERTOS//home/bitcraze/projects/gap_sdk/rtos/freeRTOS/vendors/gwt/gap8/pmsis/cluster/drivers/delegate/hyperbus/hyperbus_cl_internal.o
LOAD /home/bitcraze/Desktop/IAA_Labs/lab4/gap8/BUILD/GAP8_V2/GCC_RISCV_FREERTOS//home/bitcraze/projects/gap_sdk/rtos/freeRTOS/vendors/gwt/gap8/pmsis/cluster/drivers/delegate/uart/uart_cl_internal.o
LOAD /home/bitcraze/Desktop/IAA_Labs/lab4/gap8/BUILD/GAP8_V2/GCC_RISCV_FREERTOS//home/bitcraze/projects/gap_sdk/rtos/freeRTOS/vendors/gwt/gap8/pmsis/cluster/drivers/dma/cl_dma_irq.o
LOAD /home/bitcraze/Desktop/IAA_Labs/lab4/gap8/BUILD/GAP8_V2/GCC_RISCV_FREERTOS//home/bitcraze/projects/gap_sdk/rtos/freeRTOS/vendors/gwt/gap8/pmsis/drivers/fc_event/fc_event.o
LOAD /home/bitcraze/Desktop/IAA_Labs/lab4/gap8/BUILD/GAP8_V2/GCC_RISCV_FREERTOS//home/bitcraze/projects/gap_sdk/rtos/freeRTOS/vendors/gwt/gap8/pmsis/drivers/fll/fll.o
LOAD /home/bitcraze/Desktop/IAA_Labs/lab4/gap8/BUILD/GAP8_V2/GCC_RISCV_FREERTOS//home/bitcraze/projects/gap_sdk/rtos/freeRTOS/vendors/gwt/gap8/pmsis/drivers/gpio/gpio.o
LOAD /home/bitcraze/Desktop/IAA_Labs/lab4/gap8/BUILD/GAP8_V2/GCC_RISCV_FREERTOS//home/bitcraze/projects/gap_sdk/rtos/freeRTOS/vendors/gwt/gap8/pmsis/drivers/pad/pad.o
LOAD /home/bitcraze/Desktop/IAA_Labs/lab4/gap8/BUILD/GAP8_V2/GCC_RISCV_FREERTOS//home/bitcraze/projects/gap_sdk/rtos/freeRTOS/vendors/gwt/gap8/pmsis/drivers/pmu/pmu.o
LOAD /home/bitcraze/Desktop/IAA_Labs/lab4/gap8/BUILD/GAP8_V2/GCC_RISCV_FREERTOS//home/bitcraze/projects/gap_sdk/rtos/freeRTOS/vendors/gwt/gap8/pmsis/drivers/pmu/pmu_internal.o
LOAD /home/bitcraze/Desktop/IAA_Labs/lab4/gap8/BUILD/GAP8_V2/GCC_RISCV_FREERTOS//home/bitcraze/projects/gap_sdk/rtos/freeRTOS/vendors/gwt/gap8/pmsis/drivers/pwm/pwm.o
LOAD /home/bitcraze/Desktop/IAA_Labs/lab4/gap8/BUILD/GAP8_V2/GCC_RISCV_FREERTOS//home/bitcraze/projects/gap_sdk/rtos/freeRTOS/vendors/gwt/gap8/pmsis/drivers/pwm/pwm_internal.o
LOAD /home/bitcraze/Desktop/IAA_Labs/lab4/gap8/BUILD/GAP8_V2/GCC_RISCV_FREERTOS//home/bitcraze/projects/gap_sdk/rtos/freeRTOS/vendors/gwt/gap8/pmsis/drivers/rtc/rtc.o
LOAD /home/bitcraze/Desktop/IAA_Labs/lab4/gap8/BUILD/GAP8_V2/GCC_RISCV_FREERTOS//home/bitcraze/projects/gap_sdk/rtos/freeRTOS/vendors/gwt/gap8/pmsis/drivers/rtc/rtc_internal.o
LOAD /home/bitcraze/Desktop/IAA_Labs/lab4/gap8/BUILD/GAP8_V2/GCC_RISCV_FREERTOS//home/bitcraze/projects/gap_sdk/rtos/freeRTOS/vendors/gwt/gap8/pmsis/drivers/timer/timer.o
LOAD /home/bitcraze/Desktop/IAA_Labs/lab4/gap8/BUILD/GAP8_V2/GCC_RISCV_FREERTOS//home/bitcraze/projects/gap_sdk/rtos/freeRTOS/vendors/gwt/gap8/pmsis/drivers/udma/hyperbus/hyperbus.o
LOAD /home/bitcraze/Desktop/IAA_Labs/lab4/gap8/BUILD/GAP8_V2/GCC_RISCV_FREERTOS//home/bitcraze/projects/gap_sdk/rtos/freeRTOS/vendors/gwt/gap8/pmsis/drivers/udma/hyperbus/hyperbus_internal.o
LOAD /home/bitcraze/Desktop/IAA_Labs/lab4/gap8/BUILD/GAP8_V2/GCC_RISCV_FREERTOS//home/bitcraze/projects/gap_sdk/rtos/freeRTOS/vendors/gwt/gap8/pmsis/drivers/udma/cpi/cpi.o
LOAD /home/bitcraze/Desktop/IAA_Labs/lab4/gap8/BUILD/GAP8_V2/GCC_RISCV_FREERTOS//home/bitcraze/projects/gap_sdk/rtos/freeRTOS/vendors/gwt/gap8/pmsis/drivers/udma/cpi/cpi_internal.o
LOAD /home/bitcraze/Desktop/IAA_Labs/lab4/gap8/BUILD/GAP8_V2/GCC_RISCV_FREERTOS//home/bitcraze/projects/gap_sdk/rtos/freeRTOS/vendors/gwt/gap8/pmsis/drivers/udma/dmacpy/dmacpy.o
LOAD /home/bitcraze/Desktop/IAA_Labs/lab4/gap8/BUILD/GAP8_V2/GCC_RISCV_FREERTOS//home/bitcraze/projects/gap_sdk/rtos/freeRTOS/vendors/gwt/gap8/pmsis/drivers/udma/dmacpy/dmacpy_internal.o
LOAD /home/bitcraze/Desktop/IAA_Labs/lab4/gap8/BUILD/GAP8_V2/GCC_RISCV_FREERTOS//home/bitcraze/projects/gap_sdk/rtos/freeRTOS/vendors/gwt/gap8/pmsis/drivers/udma/i2c/i2c.o
LOAD /home/bitcraze/Desktop/IAA_Labs/lab4/gap8/BUILD/GAP8_V2/GCC_RISCV_FREERTOS//home/bitcraze/projects/gap_sdk/rtos/freeRTOS/vendors/gwt/gap8/pmsis/drivers/udma/i2c/i2c_internal.o
LOAD /home/bitcraze/Desktop/IAA_Labs/lab4/gap8/BUILD/GAP8_V2/GCC_RISCV_FREERTOS//home/bitcraze/projects/gap_sdk/rtos/freeRTOS/vendors/gwt/gap8/pmsis/drivers/udma/i2s/i2s.o
LOAD /home/bitcraze/Desktop/IAA_Labs/lab4/gap8/BUILD/GAP8_V2/GCC_RISCV_FREERTOS//home/bitcraze/projects/gap_sdk/rtos/freeRTOS/vendors/gwt/gap8/pmsis/drivers/udma/i2s/i2s_internal.o
LOAD /home/bitcraze/Desktop/IAA_Labs/lab4/gap8/BUILD/GAP8_V2/GCC_RISCV_FREERTOS//home/bitcraze/projects/gap_sdk/rtos/freeRTOS/vendors/gwt/gap8/pmsis/drivers/udma/spi/spi.o
LOAD /home/bitcraze/Desktop/IAA_Labs/lab4/gap8/BUILD/GAP8_V2/GCC_RISCV_FREERTOS//home/bitcraze/projects/gap_sdk/rtos/freeRTOS/vendors/gwt/gap8/pmsis/drivers/udma/spi/spi_internal.o
LOAD /home/bitcraze/Desktop/IAA_Labs/lab4/gap8/BUILD/GAP8_V2/GCC_RISCV_FREERTOS//home/bitcraze/projects/gap_sdk/rtos/freeRTOS/vendors/gwt/gap8/pmsis/drivers/udma/uart/uart.o
LOAD /home/bitcraze/Desktop/IAA_Labs/lab4/gap8/BUILD/GAP8_V2/GCC_RISCV_FREERTOS//home/bitcraze/projects/gap_sdk/rtos/freeRTOS/vendors/gwt/gap8/pmsis/drivers/udma/uart/uart_internal.o
LOAD /home/bitcraze/Desktop/IAA_Labs/lab4/gap8/BUILD/GAP8_V2/GCC_RISCV_FREERTOS//home/bitcraze/projects/gap_sdk/rtos/pmsis/bsp/flash/flash.o
LOAD /home/bitcraze/Desktop/IAA_Labs/lab4/gap8/BUILD/GAP8_V2/GCC_RISCV_FREERTOS//home/bitcraze/projects/gap_sdk/rtos/pmsis/bsp/partition/partition.o
LOAD /home/bitcraze/Desktop/IAA_Labs/lab4/gap8/BUILD/GAP8_V2/GCC_RISCV_FREERTOS//home/bitcraze/projects/gap_sdk/rtos/pmsis/bsp/partition/flash_partition.o
LOAD /home/bitcraze/Desktop/IAA_Labs/lab4/gap8/BUILD/GAP8_V2/GCC_RISCV_FREERTOS//home/bitcraze/projects/gap_sdk/rtos/pmsis/bsp/crc/md5.o
LOAD /home/bitcraze/Desktop/IAA_Labs/lab4/gap8/BUILD/GAP8_V2/GCC_RISCV_FREERTOS//home/bitcraze/projects/gap_sdk/rtos/pmsis/bsp/fs/fs.o
LOAD /home/bitcraze/Desktop/IAA_Labs/lab4/gap8/BUILD/GAP8_V2/GCC_RISCV_FREERTOS//home/bitcraze/projects/gap_sdk/rtos/pmsis/bsp/fs/lfs/lfs.o
LOAD /home/bitcraze/Desktop/IAA_Labs/lab4/gap8/BUILD/GAP8_V2/GCC_RISCV_FREERTOS//home/bitcraze/projects/gap_sdk/rtos/pmsis/bsp/fs/lfs/lfs_util.o
LOAD /home/bitcraze/Desktop/IAA_Labs/lab4/gap8/BUILD/GAP8_V2/GCC_RISCV_FREERTOS//home/bitcraze/projects/gap_sdk/rtos/pmsis/bsp/fs/lfs/pi_lfs.o
LOAD /home/bitcraze/Desktop/IAA_Labs/lab4/gap8/BUILD/GAP8_V2/GCC_RISCV_FREERTOS//home/bitcraze/projects/gap_sdk/rtos/pmsis/bsp/fs/read_fs/read_fs.o
LOAD /home/bitcraze/Desktop/IAA_Labs/lab4/gap8/BUILD/GAP8_V2/GCC_RISCV_FREERTOS//home/bitcraze/projects/gap_sdk/rtos/pmsis/bsp/fs/host_fs/host_fs.o
LOAD /home/bitcraze/Desktop/IAA_Labs/lab4/gap8/BUILD/GAP8_V2/GCC_RISCV_FREERTOS//home/bitcraze/projects/gap_sdk/rtos/pmsis/bsp/ota/ota.o
LOAD /home/bitcraze/Desktop/IAA_Labs/lab4/gap8/BUILD/GAP8_V2/GCC_RISCV_FREERTOS//home/bitcraze/projects/gap_sdk/rtos/pmsis/bsp/ota/ota_utility.o
LOAD /home/bitcraze/Desktop/IAA_Labs/lab4/gap8/BUILD/GAP8_V2/GCC_RISCV_FREERTOS//home/bitcraze/projects/gap_sdk/rtos/pmsis/bsp/ota/updater.o
LOAD /home/bitcraze/Desktop/IAA_Labs/lab4/gap8/BUILD/GAP8_V2/GCC_RISCV_FREERTOS//home/bitcraze/projects/gap_sdk/rtos/pmsis/bsp/bootloader/bootloader_utility.o
LOAD /home/bitcraze/Desktop/IAA_Labs/lab4/gap8/BUILD/GAP8_V2/GCC_RISCV_FREERTOS//home/bitcraze/projects/gap_sdk/rtos/pmsis/bsp/bsp/ai_deck.o
LOAD /home/bitcraze/Desktop/IAA_Labs/lab4/gap8/BUILD/GAP8_V2/GCC_RISCV_FREERTOS//home/bitcraze/projects/gap_sdk/rtos/pmsis/bsp/camera/camera.o
LOAD /home/bitcraze/Desktop/IAA_Labs/lab4/gap8/BUILD/GAP8_V2/GCC_RISCV_FREERTOS//home/bitcraze/projects/gap_sdk/rtos/pmsis/bsp/camera/himax/himax.o
LOAD /home/bitcraze/Desktop/IAA_Labs/lab4/gap8/BUILD/GAP8_V2/GCC_RISCV_FREERTOS//home/bitcraze/projects/gap_sdk/rtos/pmsis/bsp/flash/hyperflash/hyperflash.o
LOAD /home/bitcraze/Desktop/IAA_Labs/lab4/gap8/BUILD/GAP8_V2/GCC_RISCV_FREERTOS//home/bitcraze/projects/gap_sdk/rtos/pmsis/bsp/ram/hyperram/hyperram.o
LOAD /home/bitcraze/Desktop/IAA_Labs/lab4/gap8/BUILD/GAP8_V2/GCC_RISCV_FREERTOS//home/bitcraze/projects/gap_sdk/rtos/pmsis/bsp/ram/spiram/spiram.o
LOAD /home/bitcraze/Desktop/IAA_Labs/lab4/gap8/BUILD/GAP8_V2/GCC_RISCV_FREERTOS//home/bitcraze/projects/gap_sdk/rtos/pmsis/bsp/flash/spiflash/spiflash.o
LOAD /home/bitcraze/Desktop/IAA_Labs/lab4/gap8/BUILD/GAP8_V2/GCC_RISCV_FREERTOS//home/bitcraze/projects/gap_sdk/rtos/pmsis/bsp/ram/ram.o
LOAD /home/bitcraze/Desktop/IAA_Labs/lab4/gap8/BUILD/GAP8_V2/GCC_RISCV_FREERTOS//home/bitcraze/projects/gap_sdk/rtos/pmsis/bsp/ram/alloc_extern.o
LOAD /home/bitcraze/Desktop/IAA_Labs/lab4/gap8/BUILD/GAP8_V2/GCC_RISCV_FREERTOS//home/bitcraze/projects/gap_sdk/rtos/freeRTOS/vendors/gwt/pmsis/rtos/pi_log.o
LOAD /home/bitcraze/Desktop/IAA_Labs/lab4/gap8/BUILD/GAP8_V2/GCC_RISCV_FREERTOS//home/bitcraze/projects/gap_sdk/rtos/freeRTOS/vendors/gwt/pmsis/rtos/event_kernel/event_kernel.o
LOAD /home/bitcraze/Desktop/IAA_Labs/lab4/gap8/BUILD/GAP8_V2/GCC_RISCV_FREERTOS//home/bitcraze/projects/gap_sdk/rtos/freeRTOS/vendors/gwt/pmsis/rtos/mem_slab/mem_slab.o
LOAD /home/bitcraze/Desktop/IAA_Labs/lab4/gap8/BUILD/GAP8_V2/GCC_RISCV_FREERTOS//home/bitcraze/projects/gap_sdk/rtos/freeRTOS/vendors/gwt/pmsis/rtos/malloc/cl_l1_malloc.o
LOAD /home/bitcraze/Desktop/IAA_Labs/lab4/gap8/BUILD/GAP8_V2/GCC_RISCV_FREERTOS//home/bitcraze/projects/gap_sdk/rtos/freeRTOS/vendors/gwt/pmsis/rtos/malloc/fc_l1_malloc.o
LOAD /home/bitcraze/Desktop/IAA_Labs/lab4/gap8/BUILD/GAP8_V2/GCC_RISCV_FREERTOS//home/bitcraze/projects/gap_sdk/rtos/freeRTOS/vendors/gwt/pmsis/rtos/malloc/l2_malloc.o
LOAD /home/bitcraze/Desktop/IAA_Labs/lab4/gap8/BUILD/GAP8_V2/GCC_RISCV_FREERTOS//home/bitcraze/projects/gap_sdk/rtos/freeRTOS/vendors/gwt/pmsis/rtos/malloc/malloc_external.o
LOAD /home/bitcraze/Desktop/IAA_Labs/lab4/gap8/BUILD/GAP8_V2/GCC_RISCV_FREERTOS//home/bitcraze/projects/gap_sdk/rtos/freeRTOS/vendors/gwt/pmsis/rtos/malloc/malloc_internal.o
LOAD /home/bitcraze/Desktop/IAA_Labs/lab4/gap8/BUILD/GAP8_V2/GCC_RISCV_FREERTOS//home/bitcraze/projects/gap_sdk/rtos/freeRTOS/vendors/gwt/pmsis/rtos/malloc/pi_malloc.o
LOAD /home/bitcraze/Desktop/IAA_Labs/lab4/gap8/BUILD/GAP8_V2/GCC_RISCV_FREERTOS//home/bitcraze/projects/gap_sdk/rtos/freeRTOS/vendors/gwt/pmsis/rtos/os/device.o
LOAD /home/bitcraze/Desktop/IAA_Labs/lab4/gap8/BUILD/GAP8_V2/GCC_RISCV_FREERTOS//home/bitcraze/projects/gap_sdk/rtos/freeRTOS/vendors/gwt/pmsis/rtos/os/pmsis_task.o
LOAD /home/bitcraze/Desktop/IAA_Labs/lab4/gap8/BUILD/GAP8_V2/GCC_RISCV_FREERTOS//home/bitcraze/projects/gap_sdk/rtos/freeRTOS/vendors/gwt/pmsis/backend/pmsis_backend_native_task_api.o
LOAD /home/bitcraze/Desktop/IAA_Labs/lab4/gap8/BUILD/GAP8_V2/GCC_RISCV_FREERTOS//home/bitcraze/projects/gap_sdk/rtos/freeRTOS/freertos_kernel/portable/GCC/RI5CY-GAP8/port.o
LOAD /home/bitcraze/Desktop/IAA_Labs/lab4/gap8/BUILD/GAP8_V2/GCC_RISCV_FREERTOS//home/bitcraze/projects/gap_sdk/rtos/freeRTOS/vendors/gwt/libs/printf/printf.o
LOAD /home/bitcraze/Desktop/IAA_Labs/lab4/gap8/BUILD/GAP8_V2/GCC_RISCV_FREERTOS//home/bitcraze/projects/gap_sdk/rtos/freeRTOS/freertos_kernel/list.o
LOAD /home/bitcraze/Desktop/IAA_Labs/lab4/gap8/BUILD/GAP8_V2/GCC_RISCV_FREERTOS//home/bitcraze/projects/gap_sdk/rtos/freeRTOS/freertos_kernel/queue.o
LOAD /home/bitcraze/Desktop/IAA_Labs/lab4/gap8/BUILD/GAP8_V2/GCC_RISCV_FREERTOS//home/bitcraze/projects/gap_sdk/rtos/freeRTOS/freertos_kernel/tasks.o
LOAD /home/bitcraze/Desktop/IAA_Labs/lab4/gap8/BUILD/GAP8_V2/GCC_RISCV_FREERTOS//home/bitcraze/projects/gap_sdk/rtos/freeRTOS/freertos_kernel/timers.o
LOAD /home/bitcraze/Desktop/IAA_Labs/lab4/gap8/BUILD/GAP8_V2/GCC_RISCV_FREERTOS//home/bitcraze/projects/gap_sdk/rtos/freeRTOS/freertos_kernel/event_groups.o
LOAD /home/bitcraze/Desktop/IAA_Labs/lab4/gap8/BUILD/GAP8_V2/GCC_RISCV_FREERTOS//home/bitcraze/projects/gap_sdk/rtos/freeRTOS/freertos_kernel/stream_buffer.o
LOAD /home/bitcraze/Desktop/IAA_Labs/lab4/gap8/BUILD/GAP8_V2/GCC_RISCV_FREERTOS//home/bitcraze/projects/gap_sdk/rtos/freeRTOS/demos/gwt/config/gap8/FreeRTOS_util.o
LOAD /usr/lib/gap_riscv_toolchain/bin/../lib/gcc/riscv32-unknown-elf/7.1.1/rv32imcxgap8/ilp32/libgcc.a
                0x0000000000000000                __DYNAMIC = 0x0
                0x0000000000001000                __STACK_FC_SIZE = 0x1000
                0x0000000000000400                __STACK_IRQ_SIZE = 0x400

.l1FcTiny       0x000000001b000000        0x0
                0x000000001b000000                . = ALIGN (0x4)
                0x000000001b000000                __l1FcShared_start = .
 *(.l1FcTiny)
 *(.l1FcTiny.*)
                0x000000001b000000                . = ALIGN (0x4)
                0x000000001b000000                __l1FcShared_end = .
                0x0000000000000000                __l1FcShared_size = (__l1FcShared_end - __l1FcShared_start)

.fcTcdmTiny     0x0000000000000004        0xc load address 0x000000001b000000
 *(.fcTcdmTiny)
 .fcTcdmTiny    0x0000000000000004        0xc /home/bitcraze/Desktop/IAA_Labs/lab4/gap8/BUILD/GAP8_V2/GCC_RISCV_FREERTOS//home/bitcraze/projects/gap_sdk/rtos/freeRTOS/vendors/gwt/gap8/pmsis/drivers/udma/hyperbus/hyperbus_internal.o
                0x0000000000000004                __global_hyper_fifo_head
                0x0000000000000008                __global_hyper_driver_fifo
                0x000000000000000c                __global_hyper_fifo_tail
 *(.fcTcdmTiny.*)

.fcTcdm
 *(.fcTcdm)
 *(.fcTcdm.*)

.fcTcdm_g       0x000000001b00000c      0x5bc
                0x000000001b000010                . = ALIGN (0x8)
 *fill*         0x000000001b00000c        0x4 
                0x000000001b000010                __fc_tcdm_g_start = .
 *(.fcTcdm_g)
 .fcTcdm_g      0x000000001b000010      0x264 /home/bitcraze/Desktop/IAA_Labs/lab4/gap8/BUILD/GAP8_V2/GCC_RISCV_FREERTOS//home/bitcraze/projects/gap_sdk/rtos/freeRTOS/vendors/gwt/gap8/pmsis/cluster/drivers/cluster_synchronisation/cl_to_fc_delegate.o
                0x000000001b000010                delegate_task_mask
                0x000000001b000014                delegate_task
 .fcTcdm_g      0x000000001b000274       0xe4 /home/bitcraze/Desktop/IAA_Labs/lab4/gap8/BUILD/GAP8_V2/GCC_RISCV_FREERTOS//home/bitcraze/projects/gap_sdk/rtos/freeRTOS/vendors/gwt/gap8/pmsis/drivers/fc_event/fc_event.o
 .fcTcdm_g      0x000000001b000358        0x4 /home/bitcraze/Desktop/IAA_Labs/lab4/gap8/BUILD/GAP8_V2/GCC_RISCV_FREERTOS//home/bitcraze/projects/gap_sdk/rtos/freeRTOS/vendors/gwt/pmsis/rtos/event_kernel/event_kernel.o
                0x000000001b000358                default_sched
 .fcTcdm_g      0x000000001b00035c       0x10 /home/bitcraze/Desktop/IAA_Labs/lab4/gap8/BUILD/GAP8_V2/GCC_RISCV_FREERTOS//home/bitcraze/projects/gap_sdk/rtos/freeRTOS/vendors/gwt/pmsis/backend/pmsis_backend_native_task_api.o
                0x000000001b00035c                delayed_task
                0x000000001b000364                timer_task
 .fcTcdm_g      0x000000001b00036c      0x258 /home/bitcraze/Desktop/IAA_Labs/lab4/gap8/BUILD/GAP8_V2/GCC_RISCV_FREERTOS//home/bitcraze/projects/gap_sdk/rtos/freeRTOS/demos/gwt/config/gap8/FreeRTOS_util.o
 *(.fcTcdm_g.*)
                0x000000001b0005c8                . = ALIGN (0x8)
 *fill*         0x000000001b0005c4        0x4 
                0x000000001b0005c8                __fc_tcdm_g_end = .

.stack_irq      0x000000001b0005c8      0x400
                0x000000001b0005c8                . = ALIGN (0x4)
                0x000000001b0005c8                __stack_irq_end__ = .
                0x000000001b0009c8                . = (. + __STACK_IRQ_SIZE)
 *fill*         0x000000001b0005c8      0x400 
                0x000000001b0009c8                __stack_irq_start__ = .

.heapfcram      0x000000001b0009c8     0x1000
                0x000000001b0009c8                . = ALIGN (0x8)
 *(.heapfcram)
 *(.heapfcram.*)
                0x000000001b0009c8                . = ALIGN (0x8)
                0x000000001b0009c8                __heapfcram_start = .
                0x000000001b0009c8                __stack_fc_end__ = .
                0x000000001b0019c8                . = (. + __STACK_FC_SIZE)
 *fill*         0x000000001b0009c8     0x1000 
                0x000000001b0019c8                __stack_fc_start__ = .
                0x0000000000003638                __heapfcram_size = ((ORIGIN (FC_tcdm) + LENGTH (FC_tcdm)) - __heapfcram_start)

.vectors_irq    0x000000001c000000       0x94
                0x000000001c000000                . = ALIGN (0x100)
                0x000000001c000000                __irq_vector_base_m__ = .
 *(.vectors_irq)
 .vectors_irq   0x000000001c000000       0x94 /home/bitcraze/Desktop/IAA_Labs/lab4/gap8/BUILD/GAP8_V2/GCC_RISCV_FREERTOS//home/bitcraze/projects/gap_sdk/rtos/freeRTOS/vendors/gwt/gap8/src/device/startup_gap8.o
                0x000000001c000090                __rt_debug_struct_ptr

.text           0x000000001c000094     0xc114
                0x000000001c000094                . = ALIGN (0x4)
                0x000000001c000094                _stext = .
 *(.text.reset)
 .text.reset    0x000000001c000094       0x7e /home/bitcraze/Desktop/IAA_Labs/lab4/gap8/BUILD/GAP8_V2/GCC_RISCV_FREERTOS//home/bitcraze/projects/gap_sdk/rtos/freeRTOS/vendors/gwt/gap8/src/device/startup_gap8.o
                0x000000001c000094                reset_handler
 *(.text)
 .text          0x000000001c000112      0x2c8 /home/bitcraze/Desktop/IAA_Labs/lab4/gap8/BUILD/GAP8_V2/GCC_RISCV_FREERTOS//home/bitcraze/projects/gap_sdk/rtos/freeRTOS/vendors/gwt/gap8/src/device/gap8_iet.o
                0x000000001c000112                default_handler
                0x000000001c000116                cluster_notify_fc_handler
                0x000000001c00014e                pendSV_handler
                0x000000001c0001be                systick_handler
                0x000000001c00023a                hi_res_timer_handler
                0x000000001c000272                fc_event_handler
                0x000000001c0002aa                fc_hyper_handler
                0x000000001c000358                dma_irq_handler
                0x000000001c000380                ecall_handler
                0x000000001c0003d2                ill_ins_handler
 .text          0x000000001c0003da      0x126 /home/bitcraze/Desktop/IAA_Labs/lab4/gap8/BUILD/GAP8_V2/GCC_RISCV_FREERTOS//home/bitcraze/projects/gap_sdk/rtos/freeRTOS/vendors/gwt/gap8/pmsis/cluster/drivers/cluster_synchronisation/cluster_core.o
                0x000000001c0003da                cluster_exec_loop
                0x000000001c0004f2                cl_slave_stack_setup
 .text          0x000000001c000500       0xd8 /home/bitcraze/Desktop/IAA_Labs/lab4/gap8/BUILD/GAP8_V2/GCC_RISCV_FREERTOS//home/bitcraze/projects/gap_sdk/rtos/freeRTOS/vendors/gwt/gap8/pmsis/util/asm_util.o
                0x000000001c000500                ASM_FUNC_SAVE_MINIMAL_CONTEXT
                0x000000001c000544                ASM_FUNC_RESTORE_MINIMAL_CONTEXT
                0x000000001c000588                ASM_FUNC_SAVE_SAVE_CONTEXT
                0x000000001c0005a2                ASM_FUNC_RESTORE_SAVE_CONTEXT
                0x000000001c0005bc                ASM_FUNC_SAVE_CSR_CONTEXT
                0x000000001c0005ca                ASM_FUNC_RESTORE_CSR_CONTEXT
 .text          0x000000001c0005d8       0x8e /home/bitcraze/Desktop/IAA_Labs/lab4/gap8/BUILD/GAP8_V2/GCC_RISCV_FREERTOS//home/bitcraze/projects/gap_sdk/rtos/freeRTOS/freertos_kernel/portable/GCC/RI5CY-GAP8/port_asm.o
                0x000000001c0005d8                xPortStartScheduler
 .text          0x000000001c000666       0x4e /home/bitcraze/Desktop/IAA_Labs/lab4/gap8/BUILD/GAP8_V2/GCC_RISCV_FREERTOS//home/bitcraze/projects/gap_sdk/rtos/freeRTOS/vendors/gwt/gap8/pmsis/drivers/fc_event/fc_event.o
                0x000000001c000666                fc_soc_event_handler
 .text          0x000000001c0006b4      0x168 /home/bitcraze/Desktop/IAA_Labs/lab4/gap8/BUILD/GAP8_V2/GCC_RISCV_FREERTOS//home/bitcraze/projects/gap_sdk/rtos/freeRTOS/vendors/gwt/gap8/pmsis/drivers/udma/hyperbus/hyperbus_internal.o
                0x000000001c0006b4                hyper_handler
 .text          0x000000001c00081c      0x5fe /usr/lib/gap_riscv_toolchain/bin/../lib/gcc/riscv32-unknown-elf/7.1.1/rv32imcxgap8/ilp32/libgcc.a(adddf3.o)
                0x000000001c00081c                __adddf3
 .text          0x000000001c000e1a      0x4d2 /usr/lib/gap_riscv_toolchain/bin/../lib/gcc/riscv32-unknown-elf/7.1.1/rv32imcxgap8/ilp32/libgcc.a(divdf3.o)
                0x000000001c000e1a                __divdf3
 .text          0x000000001c0012ec       0x60 /usr/lib/gap_riscv_toolchain/bin/../lib/gcc/riscv32-unknown-elf/7.1.1/rv32imcxgap8/ilp32/libgcc.a(eqdf2.o)
                0x000000001c0012ec                __eqdf2
                0x000000001c0012ec                __nedf2
 .text          0x000000001c00134c       0xae /usr/lib/gap_riscv_toolchain/bin/../lib/gcc/riscv32-unknown-elf/7.1.1/rv32imcxgap8/ilp32/libgcc.a(gedf2.o)
                0x000000001c00134c                __gtdf2
                0x000000001c00134c                __gedf2
 .text          0x000000001c0013fa       0xae /usr/lib/gap_riscv_toolchain/bin/../lib/gcc/riscv32-unknown-elf/7.1.1/rv32imcxgap8/ilp32/libgcc.a(ledf2.o)
                0x000000001c0013fa                __ltdf2
                0x000000001c0013fa                __ledf2
 .text          0x000000001c0014a8      0x43a /usr/lib/gap_riscv_toolchain/bin/../lib/gcc/riscv32-unknown-elf/7.1.1/rv32imcxgap8/ilp32/libgcc.a(muldf3.o)
                0x000000001c0014a8                __muldf3
 .text          0x000000001c0018e2      0x612 /usr/lib/gap_riscv_toolchain/bin/../lib/gcc/riscv32-unknown-elf/7.1.1/rv32imcxgap8/ilp32/libgcc.a(subdf3.o)
                0x000000001c0018e2                __subdf3
 .text          0x000000001c001ef4       0x5c /usr/lib/gap_riscv_toolchain/bin/../lib/gcc/riscv32-unknown-elf/7.1.1/rv32imcxgap8/ilp32/libgcc.a(fixdfsi.o)
                0x000000001c001ef4                __fixdfsi
 .text          0x000000001c001f50       0x52 /usr/lib/gap_riscv_toolchain/bin/../lib/gcc/riscv32-unknown-elf/7.1.1/rv32imcxgap8/ilp32/libgcc.a(fixunsdfsi.o)
                0x000000001c001f50                __fixunsdfsi
 .text          0x000000001c001fa2       0x58 /usr/lib/gap_riscv_toolchain/bin/../lib/gcc/riscv32-unknown-elf/7.1.1/rv32imcxgap8/ilp32/libgcc.a(floatsidf.o)
                0x000000001c001fa2                __floatsidf
 .text          0x000000001c001ffa       0x4c /usr/lib/gap_riscv_toolchain/bin/../lib/gcc/riscv32-unknown-elf/7.1.1/rv32imcxgap8/ilp32/libgcc.a(floatunsidf.o)
                0x000000001c001ffa                __floatunsidf
 *(.text.*)
 .text.rx_task  0x000000001c002046       0x8c /home/bitcraze/Desktop/IAA_Labs/lab4/gap8/BUILD/GAP8_V2/GCC_RISCV_FREERTOS/src/stm_gap8_cpx.o
                0x000000001c002046                rx_task
 .text.commande_task
                0x000000001c0020d2       0x1c /home/bitcraze/Desktop/IAA_Labs/lab4/gap8/BUILD/GAP8_V2/GCC_RISCV_FREERTOS/src/stm_gap8_cpx.o
                0x000000001c0020d2                commande_task
 .text.capture_done_cb
                0x000000001c0020ee        0xe /home/bitcraze/Desktop/IAA_Labs/lab4/gap8/BUILD/GAP8_V2/GCC_RISCV_FREERTOS/src/stm_gap8_cpx.o
 .text.hb_task  0x000000001c0020fc       0x46 /home/bitcraze/Desktop/IAA_Labs/lab4/gap8/BUILD/GAP8_V2/GCC_RISCV_FREERTOS/src/stm_gap8_cpx.o
                0x000000001c0020fc                hb_task
 .text.start_example
                0x000000001c002142      0x13a /home/bitcraze/Desktop/IAA_Labs/lab4/gap8/BUILD/GAP8_V2/GCC_RISCV_FREERTOS/src/stm_gap8_cpx.o
                0x000000001c002142                start_example
 .text.camera_task
                0x000000001c00227c      0x3a0 /home/bitcraze/Desktop/IAA_Labs/lab4/gap8/BUILD/GAP8_V2/GCC_RISCV_FREERTOS/src/stm_gap8_cpx.o
                0x000000001c00227c                camera_task
 .text.startup.main
                0x000000001c00261c       0x32 /home/bitcraze/Desktop/IAA_Labs/lab4/gap8/BUILD/GAP8_V2/GCC_RISCV_FREERTOS/src/stm_gap8_cpx.o
                0x000000001c00261c                main
 .text.vDataReadyISR
                0x000000001c00264e       0x2c /home/bitcraze/Desktop/IAA_Labs/lab4/gap8/BUILD/GAP8_V2/GCC_RISCV_FREERTOS/lib/cpx/src/com.o
                0x000000001c00264e                vDataReadyISR
 .text.com_task
                0x000000001c00267a      0x180 /home/bitcraze/Desktop/IAA_Labs/lab4/gap8/BUILD/GAP8_V2/GCC_RISCV_FREERTOS/lib/cpx/src/com.o
                0x000000001c00267a                com_task
 .text.com_init
                0x000000001c0027fa      0x17c /home/bitcraze/Desktop/IAA_Labs/lab4/gap8/BUILD/GAP8_V2/GCC_RISCV_FREERTOS/lib/cpx/src/com.o
                0x000000001c0027fa                com_init
 .text.com_read
                0x000000001c002976       0x10 /home/bitcraze/Desktop/IAA_Labs/lab4/gap8/BUILD/GAP8_V2/GCC_RISCV_FREERTOS/lib/cpx/src/com.o
                0x000000001c002976                com_read
 .text.com_write
                0x000000001c002986       0x32 /home/bitcraze/Desktop/IAA_Labs/lab4/gap8/BUILD/GAP8_V2/GCC_RISCV_FREERTOS/lib/cpx/src/com.o
                0x000000001c002986                com_write
 .text.cpx_rx_task
                0x000000001c0029b8       0xb6 /home/bitcraze/Desktop/IAA_Labs/lab4/gap8/BUILD/GAP8_V2/GCC_RISCV_FREERTOS/lib/cpx/src/cpx.o
 .text.cpxEnableFunction
                0x000000001c002a6e       0x2a /home/bitcraze/Desktop/IAA_Labs/lab4/gap8/BUILD/GAP8_V2/GCC_RISCV_FREERTOS/lib/cpx/src/cpx.o
                0x000000001c002a6e                cpxEnableFunction
 .text.cpxReceivePacketBlocking
                0x000000001c002a98       0x14 /home/bitcraze/Desktop/IAA_Labs/lab4/gap8/BUILD/GAP8_V2/GCC_RISCV_FREERTOS/lib/cpx/src/cpx.o
                0x000000001c002a98                cpxReceivePacketBlocking
 .text.cpxSendPacketBlocking
                0x000000001c002aac       0x6a /home/bitcraze/Desktop/IAA_Labs/lab4/gap8/BUILD/GAP8_V2/GCC_RISCV_FREERTOS/lib/cpx/src/cpx.o
                0x000000001c002aac                cpxSendPacketBlocking
 .text.cpxPrintToConsole
                0x000000001c002b16       0xea /home/bitcraze/Desktop/IAA_Labs/lab4/gap8/BUILD/GAP8_V2/GCC_RISCV_FREERTOS/lib/cpx/src/cpx.o
                0x000000001c002b16                cpxPrintToConsole
 .text.cpxInitRoute
                0x000000001c002c00       0x12 /home/bitcraze/Desktop/IAA_Labs/lab4/gap8/BUILD/GAP8_V2/GCC_RISCV_FREERTOS/lib/cpx/src/cpx.o
                0x000000001c002c00                cpxInitRoute
 .text.cpxInit  0x000000001c002c12       0x66 /home/bitcraze/Desktop/IAA_Labs/lab4/gap8/BUILD/GAP8_V2/GCC_RISCV_FREERTOS/lib/cpx/src/cpx.o
                0x000000001c002c12                cpxInit
 .text.jpeg_encoder_open
                0x000000001c002c78       0x20 /home/bitcraze/Desktop/IAA_Labs/lab4/gap8/BUILD/GAP8_V2/GCC_RISCV_FREERTOS//home/bitcraze/projects/gap_sdk/libs/gap_lib/jpeg/jpeg_encoder.o
                0x000000001c002c78                jpeg_encoder_open
 .text.jpeg_encoder_conf_init
                0x000000001c002c98        0xe /home/bitcraze/Desktop/IAA_Labs/lab4/gap8/BUILD/GAP8_V2/GCC_RISCV_FREERTOS//home/bitcraze/projects/gap_sdk/libs/gap_lib/jpeg/jpeg_encoder.o
                0x000000001c002c98                jpeg_encoder_conf_init
 .text.jpeg_encoder_header
                0x000000001c002ca6      0x430 /home/bitcraze/Desktop/IAA_Labs/lab4/gap8/BUILD/GAP8_V2/GCC_RISCV_FREERTOS//home/bitcraze/projects/gap_sdk/libs/gap_lib/jpeg/jpeg_encoder.o
                0x000000001c002ca6                jpeg_encoder_header
 .text.jpeg_encoder_footer
                0x000000001c0030d6       0x14 /home/bitcraze/Desktop/IAA_Labs/lab4/gap8/BUILD/GAP8_V2/GCC_RISCV_FREERTOS//home/bitcraze/projects/gap_sdk/libs/gap_lib/jpeg/jpeg_encoder.o
                0x000000001c0030d6                jpeg_encoder_footer
 .text._procid  0x000000001c0030ea        0xa /home/bitcraze/Desktop/IAA_Labs/lab4/gap8/BUILD/GAP8_V2/GCC_RISCV_FREERTOS//home/bitcraze/projects/gap_sdk/rtos/freeRTOS/vendors/gwt/gap8/src/device/gap8_it.o
                0x000000001c0030ea                _procid
 .text._clusterid
                0x000000001c0030f4        0x8 /home/bitcraze/Desktop/IAA_Labs/lab4/gap8/BUILD/GAP8_V2/GCC_RISCV_FREERTOS//home/bitcraze/projects/gap_sdk/rtos/freeRTOS/vendors/gwt/gap8/src/device/gap8_it.o
                0x000000001c0030f4                _clusterid
 .text._isr_default
                0x000000001c0030fc        0xe /home/bitcraze/Desktop/IAA_Labs/lab4/gap8/BUILD/GAP8_V2/GCC_RISCV_FREERTOS//home/bitcraze/projects/gap_sdk/rtos/freeRTOS/vendors/gwt/gap8/src/device/gap8_it.o
                0x000000001c0030fc                _isr_default
 .text.vSetPendSV
                0x000000001c00310a        0xa /home/bitcraze/Desktop/IAA_Labs/lab4/gap8/BUILD/GAP8_V2/GCC_RISCV_FREERTOS//home/bitcraze/projects/gap_sdk/rtos/freeRTOS/vendors/gwt/gap8/src/device/gap8_it.o
                0x000000001c00310a                vSetPendSV
 .text._ill_insn_print
                0x000000001c003114        0xa /home/bitcraze/Desktop/IAA_Labs/lab4/gap8/BUILD/GAP8_V2/GCC_RISCV_FREERTOS//home/bitcraze/projects/gap_sdk/rtos/freeRTOS/vendors/gwt/gap8/src/device/gap8_it.o
                0x000000001c003114                _ill_insn_print
 .text.system_init
                0x000000001c00311e       0x5c /home/bitcraze/Desktop/IAA_Labs/lab4/gap8/BUILD/GAP8_V2/GCC_RISCV_FREERTOS//home/bitcraze/projects/gap_sdk/rtos/freeRTOS/vendors/gwt/gap8/src/device/system_gap8.o
                0x000000001c00311e                system_init
 .text.system_setup_systick
                0x000000001c00317a       0x38 /home/bitcraze/Desktop/IAA_Labs/lab4/gap8/BUILD/GAP8_V2/GCC_RISCV_FREERTOS//home/bitcraze/projects/gap_sdk/rtos/freeRTOS/vendors/gwt/gap8/src/device/system_gap8.o
                0x000000001c00317a                system_setup_systick
 .text.system_core_clock_update
                0x000000001c0031b2       0x54 /home/bitcraze/Desktop/IAA_Labs/lab4/gap8/BUILD/GAP8_V2/GCC_RISCV_FREERTOS//home/bitcraze/projects/gap_sdk/rtos/freeRTOS/vendors/gwt/gap8/src/device/system_gap8.o
                0x000000001c0031b2                system_core_clock_update
 .text.system_setup_timer
                0x000000001c003206        0xc /home/bitcraze/Desktop/IAA_Labs/lab4/gap8/BUILD/GAP8_V2/GCC_RISCV_FREERTOS//home/bitcraze/projects/gap_sdk/rtos/freeRTOS/vendors/gwt/gap8/src/device/system_gap8.o
                0x000000001c003206                system_setup_timer
 .text.system_core_clock_get
                0x000000001c003212        0xa /home/bitcraze/Desktop/IAA_Labs/lab4/gap8/BUILD/GAP8_V2/GCC_RISCV_FREERTOS//home/bitcraze/projects/gap_sdk/rtos/freeRTOS/vendors/gwt/gap8/src/device/system_gap8.o
                0x000000001c003212                system_core_clock_get
 .text.system_exit
                0x000000001c00321c       0x6e /home/bitcraze/Desktop/IAA_Labs/lab4/gap8/BUILD/GAP8_V2/GCC_RISCV_FREERTOS//home/bitcraze/projects/gap_sdk/rtos/freeRTOS/vendors/gwt/gap8/src/device/system_gap8.o
                0x000000001c00321c                system_exit
 .text.__uart_putc_cluster_req
                0x000000001c00328a       0x48 /home/bitcraze/Desktop/IAA_Labs/lab4/gap8/BUILD/GAP8_V2/GCC_RISCV_FREERTOS//home/bitcraze/projects/gap_sdk/rtos/freeRTOS/vendors/gwt/gap8/src/driver/gap_io.o
 .text.printf_uart_init
                0x000000001c0032d2       0x5e /home/bitcraze/Desktop/IAA_Labs/lab4/gap8/BUILD/GAP8_V2/GCC_RISCV_FREERTOS//home/bitcraze/projects/gap_sdk/rtos/freeRTOS/vendors/gwt/gap8/src/driver/gap_io.o
                0x000000001c0032d2                printf_uart_init
 .text._putchar
                0x000000001c003330      0x126 /home/bitcraze/Desktop/IAA_Labs/lab4/gap8/BUILD/GAP8_V2/GCC_RISCV_FREERTOS//home/bitcraze/projects/gap_sdk/rtos/freeRTOS/vendors/gwt/gap8/src/driver/gap_io.o
                0x000000001c003330                _putchar
 .text.system_exit_printf_flush
                0x000000001c003456       0x96 /home/bitcraze/Desktop/IAA_Labs/lab4/gap8/BUILD/GAP8_V2/GCC_RISCV_FREERTOS//home/bitcraze/projects/gap_sdk/rtos/freeRTOS/vendors/gwt/gap8/src/driver/gap_io.o
                0x000000001c003456                system_exit_printf_flush
 .text.exit     0x000000001c0034ec        0x8 /home/bitcraze/Desktop/IAA_Labs/lab4/gap8/BUILD/GAP8_V2/GCC_RISCV_FREERTOS//home/bitcraze/projects/gap_sdk/rtos/freeRTOS/vendors/gwt/libs/src/stdlib.o
                0x000000001c0034ec                exit
 .text.memcpy   0x000000001c0034f4      0x10a /home/bitcraze/Desktop/IAA_Labs/lab4/gap8/BUILD/GAP8_V2/GCC_RISCV_FREERTOS//home/bitcraze/projects/gap_sdk/rtos/freeRTOS/vendors/gwt/libs/src/string.o
                0x000000001c0034f4                memcpy
 .text.memset   0x000000001c0035fe       0xb6 /home/bitcraze/Desktop/IAA_Labs/lab4/gap8/BUILD/GAP8_V2/GCC_RISCV_FREERTOS//home/bitcraze/projects/gap_sdk/rtos/freeRTOS/vendors/gwt/libs/src/string.o
                0x000000001c0035fe                memset
 .text.cl_notify_fc_event_handler
                0x000000001c0036b4       0x9c /home/bitcraze/Desktop/IAA_Labs/lab4/gap8/BUILD/GAP8_V2/GCC_RISCV_FREERTOS//home/bitcraze/projects/gap_sdk/rtos/freeRTOS/vendors/gwt/gap8/pmsis/cluster/drivers/cluster_synchronisation/cl_to_fc_delegate.o
                0x000000001c0036b4                cl_notify_fc_event_handler
 .text.pi_cl_send_task_to_fc
                0x000000001c003750       0x42 /home/bitcraze/Desktop/IAA_Labs/lab4/gap8/BUILD/GAP8_V2/GCC_RISCV_FREERTOS//home/bitcraze/projects/gap_sdk/rtos/freeRTOS/vendors/gwt/gap8/pmsis/cluster/drivers/cluster_synchronisation/cl_to_fc_delegate.o
                0x000000001c003750                pi_cl_send_task_to_fc
 .text.cl_task_finish
                0x000000001c003792       0x78 /home/bitcraze/Desktop/IAA_Labs/lab4/gap8/BUILD/GAP8_V2/GCC_RISCV_FREERTOS//home/bitcraze/projects/gap_sdk/rtos/freeRTOS/vendors/gwt/gap8/pmsis/cluster/drivers/cluster_synchronisation/fc_to_cl_delegate.o
                0x000000001c003792                cl_task_finish
 .text.pi_cl_dma_2d_handler
                0x000000001c00380a       0x94 /home/bitcraze/Desktop/IAA_Labs/lab4/gap8/BUILD/GAP8_V2/GCC_RISCV_FREERTOS//home/bitcraze/projects/gap_sdk/rtos/freeRTOS/vendors/gwt/gap8/pmsis/cluster/drivers/dma/cl_dma_irq.o
                0x000000001c00380a                pi_cl_dma_2d_handler
 .text.fc_event_null_event
                0x000000001c00389e        0x2 /home/bitcraze/Desktop/IAA_Labs/lab4/gap8/BUILD/GAP8_V2/GCC_RISCV_FREERTOS//home/bitcraze/projects/gap_sdk/rtos/freeRTOS/vendors/gwt/gap8/pmsis/drivers/fc_event/fc_event.o
 .text.pi_fc_event_handler_init
                0x000000001c0038a0       0x30 /home/bitcraze/Desktop/IAA_Labs/lab4/gap8/BUILD/GAP8_V2/GCC_RISCV_FREERTOS//home/bitcraze/projects/gap_sdk/rtos/freeRTOS/vendors/gwt/gap8/pmsis/drivers/fc_event/fc_event.o
                0x000000001c0038a0                pi_fc_event_handler_init
 .text.pi_fc_event_handler_set
                0x000000001c0038d0       0x10 /home/bitcraze/Desktop/IAA_Labs/lab4/gap8/BUILD/GAP8_V2/GCC_RISCV_FREERTOS//home/bitcraze/projects/gap_sdk/rtos/freeRTOS/vendors/gwt/gap8/pmsis/drivers/fc_event/fc_event.o
                0x000000001c0038d0                pi_fc_event_handler_set
 .text.pi_fc_event_handler_clear
                0x000000001c0038e0       0x18 /home/bitcraze/Desktop/IAA_Labs/lab4/gap8/BUILD/GAP8_V2/GCC_RISCV_FREERTOS//home/bitcraze/projects/gap_sdk/rtos/freeRTOS/vendors/gwt/gap8/pmsis/drivers/fc_event/fc_event.o
                0x000000001c0038e0                pi_fc_event_handler_clear
 .text.pi_fll_init
                0x000000001c0038f8       0xd2 /home/bitcraze/Desktop/IAA_Labs/lab4/gap8/BUILD/GAP8_V2/GCC_RISCV_FREERTOS//home/bitcraze/projects/gap_sdk/rtos/freeRTOS/vendors/gwt/gap8/pmsis/drivers/fll/fll.o
                0x000000001c0038f8                pi_fll_init
 .text.pi_fll_frequency_set
                0x000000001c0039ca       0xb0 /home/bitcraze/Desktop/IAA_Labs/lab4/gap8/BUILD/GAP8_V2/GCC_RISCV_FREERTOS//home/bitcraze/projects/gap_sdk/rtos/freeRTOS/vendors/gwt/gap8/pmsis/drivers/fll/fll.o
                0x000000001c0039ca                pi_fll_frequency_set
 .text.pi_fll_frequency_get
                0x000000001c003a7a       0x46 /home/bitcraze/Desktop/IAA_Labs/lab4/gap8/BUILD/GAP8_V2/GCC_RISCV_FREERTOS//home/bitcraze/projects/gap_sdk/rtos/freeRTOS/vendors/gwt/gap8/pmsis/drivers/fll/fll.o
                0x000000001c003a7a                pi_fll_frequency_get
 .text.pi_freq_callback_add
                0x000000001c003ac0       0x28 /home/bitcraze/Desktop/IAA_Labs/lab4/gap8/BUILD/GAP8_V2/GCC_RISCV_FREERTOS//home/bitcraze/projects/gap_sdk/rtos/freeRTOS/vendors/gwt/gap8/pmsis/drivers/fll/fll.o
                0x000000001c003ac0                pi_freq_callback_add
 .text.pi_freq_callback_remove
                0x000000001c003ae8       0x46 /home/bitcraze/Desktop/IAA_Labs/lab4/gap8/BUILD/GAP8_V2/GCC_RISCV_FREERTOS//home/bitcraze/projects/gap_sdk/rtos/freeRTOS/vendors/gwt/gap8/pmsis/drivers/fll/fll.o
                0x000000001c003ae8                pi_freq_callback_remove
 .text.gpio_handler
                0x000000001c003b2e       0xa0 /home/bitcraze/Desktop/IAA_Labs/lab4/gap8/BUILD/GAP8_V2/GCC_RISCV_FREERTOS//home/bitcraze/projects/gap_sdk/rtos/freeRTOS/vendors/gwt/gap8/pmsis/drivers/gpio/gpio.o
 .text.pi_gpio_conf_init
                0x000000001c003bce        0xa /home/bitcraze/Desktop/IAA_Labs/lab4/gap8/BUILD/GAP8_V2/GCC_RISCV_FREERTOS//home/bitcraze/projects/gap_sdk/rtos/freeRTOS/vendors/gwt/gap8/pmsis/drivers/gpio/gpio.o
                0x000000001c003bce                pi_gpio_conf_init
 .text.pi_gpio_open
                0x000000001c003bd8       0xae /home/bitcraze/Desktop/IAA_Labs/lab4/gap8/BUILD/GAP8_V2/GCC_RISCV_FREERTOS//home/bitcraze/projects/gap_sdk/rtos/freeRTOS/vendors/gwt/gap8/pmsis/drivers/gpio/gpio.o
                0x000000001c003bd8                pi_gpio_open
 .text.pi_gpio_pin_configure
                0x000000001c003c86       0xde /home/bitcraze/Desktop/IAA_Labs/lab4/gap8/BUILD/GAP8_V2/GCC_RISCV_FREERTOS//home/bitcraze/projects/gap_sdk/rtos/freeRTOS/vendors/gwt/gap8/pmsis/drivers/gpio/gpio.o
                0x000000001c003c86                pi_gpio_pin_configure
 .text.pi_gpio_pin_write
                0x000000001c003d64       0x36 /home/bitcraze/Desktop/IAA_Labs/lab4/gap8/BUILD/GAP8_V2/GCC_RISCV_FREERTOS//home/bitcraze/projects/gap_sdk/rtos/freeRTOS/vendors/gwt/gap8/pmsis/drivers/gpio/gpio.o
                0x000000001c003d64                pi_gpio_pin_write
 .text.pi_gpio_pin_read
                0x000000001c003d9a       0x4a /home/bitcraze/Desktop/IAA_Labs/lab4/gap8/BUILD/GAP8_V2/GCC_RISCV_FREERTOS//home/bitcraze/projects/gap_sdk/rtos/freeRTOS/vendors/gwt/gap8/pmsis/drivers/gpio/gpio.o
                0x000000001c003d9a                pi_gpio_pin_read
 .text.pi_gpio_pin_notif_configure
                0x000000001c003de4       0x72 /home/bitcraze/Desktop/IAA_Labs/lab4/gap8/BUILD/GAP8_V2/GCC_RISCV_FREERTOS//home/bitcraze/projects/gap_sdk/rtos/freeRTOS/vendors/gwt/gap8/pmsis/drivers/gpio/gpio.o
                0x000000001c003de4                pi_gpio_pin_notif_configure
 .text.pi_gpio_callback_add
                0x000000001c003e56       0x22 /home/bitcraze/Desktop/IAA_Labs/lab4/gap8/BUILD/GAP8_V2/GCC_RISCV_FREERTOS//home/bitcraze/projects/gap_sdk/rtos/freeRTOS/vendors/gwt/gap8/pmsis/drivers/gpio/gpio.o
                0x000000001c003e56                pi_gpio_callback_add
 .text.pi_pad_set_function
                0x000000001c003e78       0x38 /home/bitcraze/Desktop/IAA_Labs/lab4/gap8/BUILD/GAP8_V2/GCC_RISCV_FREERTOS//home/bitcraze/projects/gap_sdk/rtos/freeRTOS/vendors/gwt/gap8/pmsis/drivers/pad/pad.o
                0x000000001c003e78                pi_pad_set_function
 .text.pi_pad_init
                0x000000001c003eb0       0x26 /home/bitcraze/Desktop/IAA_Labs/lab4/gap8/BUILD/GAP8_V2/GCC_RISCV_FREERTOS//home/bitcraze/projects/gap_sdk/rtos/freeRTOS/vendors/gwt/gap8/pmsis/drivers/pad/pad.o
                0x000000001c003eb0                pi_pad_init
 .text.__pi_pmu_handler
                0x000000001c003ed6       0x1e /home/bitcraze/Desktop/IAA_Labs/lab4/gap8/BUILD/GAP8_V2/GCC_RISCV_FREERTOS//home/bitcraze/projects/gap_sdk/rtos/freeRTOS/vendors/gwt/gap8/pmsis/drivers/pmu/pmu_internal.o
 .text.__pi_pmu_init
                0x000000001c003ef4       0xfa /home/bitcraze/Desktop/IAA_Labs/lab4/gap8/BUILD/GAP8_V2/GCC_RISCV_FREERTOS//home/bitcraze/projects/gap_sdk/rtos/freeRTOS/vendors/gwt/gap8/pmsis/drivers/pmu/pmu_internal.o
                0x000000001c003ef4                __pi_pmu_init
 .text.__pi_pmu_voltage_set
                0x000000001c003fee      0x140 /home/bitcraze/Desktop/IAA_Labs/lab4/gap8/BUILD/GAP8_V2/GCC_RISCV_FREERTOS//home/bitcraze/projects/gap_sdk/rtos/freeRTOS/vendors/gwt/gap8/pmsis/drivers/pmu/pmu_internal.o
                0x000000001c003fee                __pi_pmu_voltage_set
 .text.pi_timer_init
                0x000000001c00412e       0x34 /home/bitcraze/Desktop/IAA_Labs/lab4/gap8/BUILD/GAP8_V2/GCC_RISCV_FREERTOS//home/bitcraze/projects/gap_sdk/rtos/freeRTOS/vendors/gwt/gap8/pmsis/drivers/timer/timer.o
                0x000000001c00412e                pi_timer_init
 .text.pi_timer_stop
                0x000000001c004162       0x28 /home/bitcraze/Desktop/IAA_Labs/lab4/gap8/BUILD/GAP8_V2/GCC_RISCV_FREERTOS//home/bitcraze/projects/gap_sdk/rtos/freeRTOS/vendors/gwt/gap8/pmsis/drivers/timer/timer.o
                0x000000001c004162                pi_timer_stop
 .text.__pi_hyper_copy_aligned.isra.6
                0x000000001c00418a       0x48 /home/bitcraze/Desktop/IAA_Labs/lab4/gap8/BUILD/GAP8_V2/GCC_RISCV_FREERTOS//home/bitcraze/projects/gap_sdk/rtos/freeRTOS/vendors/gwt/gap8/pmsis/drivers/udma/hyperbus/hyperbus_internal.o
 .text.__pi_hyper_copy_misaligned
                0x000000001c0041d2      0x2ee /home/bitcraze/Desktop/IAA_Labs/lab4/gap8/BUILD/GAP8_V2/GCC_RISCV_FREERTOS//home/bitcraze/projects/gap_sdk/rtos/freeRTOS/vendors/gwt/gap8/pmsis/drivers/udma/hyperbus/hyperbus_internal.o
 .text.pi_cpi_conf_init
                0x000000001c0044c0        0x2 /home/bitcraze/Desktop/IAA_Labs/lab4/gap8/BUILD/GAP8_V2/GCC_RISCV_FREERTOS//home/bitcraze/projects/gap_sdk/rtos/freeRTOS/vendors/gwt/gap8/pmsis/drivers/udma/cpi/cpi.o
                0x000000001c0044c0                pi_cpi_conf_init
 .text.pi_cpi_open
                0x000000001c0044c2        0x8 /home/bitcraze/Desktop/IAA_Labs/lab4/gap8/BUILD/GAP8_V2/GCC_RISCV_FREERTOS//home/bitcraze/projects/gap_sdk/rtos/freeRTOS/vendors/gwt/gap8/pmsis/drivers/udma/cpi/cpi.o
                0x000000001c0044c2                pi_cpi_open
 .text.pi_cpi_close
                0x000000001c0044ca       0x1e /home/bitcraze/Desktop/IAA_Labs/lab4/gap8/BUILD/GAP8_V2/GCC_RISCV_FREERTOS//home/bitcraze/projects/gap_sdk/rtos/freeRTOS/vendors/gwt/gap8/pmsis/drivers/udma/cpi/cpi.o
                0x000000001c0044ca                pi_cpi_close
 .text.pi_cpi_capture_async
                0x000000001c0044e8        0x4 /home/bitcraze/Desktop/IAA_Labs/lab4/gap8/BUILD/GAP8_V2/GCC_RISCV_FREERTOS//home/bitcraze/projects/gap_sdk/rtos/freeRTOS/vendors/gwt/gap8/pmsis/drivers/udma/cpi/cpi.o
                0x000000001c0044e8                pi_cpi_capture_async
 .text.__pi_cpi_handler
                0x000000001c0044ec      0x204 /home/bitcraze/Desktop/IAA_Labs/lab4/gap8/BUILD/GAP8_V2/GCC_RISCV_FREERTOS//home/bitcraze/projects/gap_sdk/rtos/freeRTOS/vendors/gwt/gap8/pmsis/drivers/udma/cpi/cpi_internal.o
 .text.__pi_cpi_conf_init
                0x000000001c0046f0        0xc /home/bitcraze/Desktop/IAA_Labs/lab4/gap8/BUILD/GAP8_V2/GCC_RISCV_FREERTOS//home/bitcraze/projects/gap_sdk/rtos/freeRTOS/vendors/gwt/gap8/pmsis/drivers/udma/cpi/cpi_internal.o
                0x000000001c0046f0                __pi_cpi_conf_init
 .text.__pi_cpi_open
                0x000000001c0046fc       0xfc /home/bitcraze/Desktop/IAA_Labs/lab4/gap8/BUILD/GAP8_V2/GCC_RISCV_FREERTOS//home/bitcraze/projects/gap_sdk/rtos/freeRTOS/vendors/gwt/gap8/pmsis/drivers/udma/cpi/cpi_internal.o
                0x000000001c0046fc                __pi_cpi_open
 .text.__pi_cpi_close
                0x000000001c0047f8       0x84 /home/bitcraze/Desktop/IAA_Labs/lab4/gap8/BUILD/GAP8_V2/GCC_RISCV_FREERTOS//home/bitcraze/projects/gap_sdk/rtos/freeRTOS/vendors/gwt/gap8/pmsis/drivers/udma/cpi/cpi_internal.o
                0x000000001c0047f8                __pi_cpi_close
 .text.__pi_cpi_copy
                0x000000001c00487c      0x114 /home/bitcraze/Desktop/IAA_Labs/lab4/gap8/BUILD/GAP8_V2/GCC_RISCV_FREERTOS//home/bitcraze/projects/gap_sdk/rtos/freeRTOS/vendors/gwt/gap8/pmsis/drivers/udma/cpi/cpi_internal.o
                0x000000001c00487c                __pi_cpi_copy
 .text.pi_i2c_conf_init
                0x000000001c004990        0x2 /home/bitcraze/Desktop/IAA_Labs/lab4/gap8/BUILD/GAP8_V2/GCC_RISCV_FREERTOS//home/bitcraze/projects/gap_sdk/rtos/freeRTOS/vendors/gwt/gap8/pmsis/drivers/udma/i2c/i2c.o
                0x000000001c004990                pi_i2c_conf_init
 .text.pi_i2c_open
                0x000000001c004992        0x8 /home/bitcraze/Desktop/IAA_Labs/lab4/gap8/BUILD/GAP8_V2/GCC_RISCV_FREERTOS//home/bitcraze/projects/gap_sdk/rtos/freeRTOS/vendors/gwt/gap8/pmsis/drivers/udma/i2c/i2c.o
                0x000000001c004992                pi_i2c_open
 .text.pi_i2c_read
                0x000000001c00499a       0x46 /home/bitcraze/Desktop/IAA_Labs/lab4/gap8/BUILD/GAP8_V2/GCC_RISCV_FREERTOS//home/bitcraze/projects/gap_sdk/rtos/freeRTOS/vendors/gwt/gap8/pmsis/drivers/udma/i2c/i2c.o
                0x000000001c00499a                pi_i2c_read
 .text.pi_i2c_write
                0x000000001c0049e0       0x46 /home/bitcraze/Desktop/IAA_Labs/lab4/gap8/BUILD/GAP8_V2/GCC_RISCV_FREERTOS//home/bitcraze/projects/gap_sdk/rtos/freeRTOS/vendors/gwt/gap8/pmsis/drivers/udma/i2c/i2c.o
                0x000000001c0049e0                pi_i2c_write
 .text.__pi_i2c_copy_exec_read
                0x000000001c004a26       0xda /home/bitcraze/Desktop/IAA_Labs/lab4/gap8/BUILD/GAP8_V2/GCC_RISCV_FREERTOS//home/bitcraze/projects/gap_sdk/rtos/freeRTOS/vendors/gwt/gap8/pmsis/drivers/udma/i2c/i2c_internal.o
 .text.__pi_i2c_copy_exec_write
                0x000000001c004b00       0xf0 /home/bitcraze/Desktop/IAA_Labs/lab4/gap8/BUILD/GAP8_V2/GCC_RISCV_FREERTOS//home/bitcraze/projects/gap_sdk/rtos/freeRTOS/vendors/gwt/gap8/pmsis/drivers/udma/i2c/i2c_internal.o
 .text.__pi_i2c_handler
                0x000000001c004bf0      0x12a /home/bitcraze/Desktop/IAA_Labs/lab4/gap8/BUILD/GAP8_V2/GCC_RISCV_FREERTOS//home/bitcraze/projects/gap_sdk/rtos/freeRTOS/vendors/gwt/gap8/pmsis/drivers/udma/i2c/i2c_internal.o
 .text.__pi_i2c_freq_cb
                0x000000001c004d1a       0x7c /home/bitcraze/Desktop/IAA_Labs/lab4/gap8/BUILD/GAP8_V2/GCC_RISCV_FREERTOS//home/bitcraze/projects/gap_sdk/rtos/freeRTOS/vendors/gwt/gap8/pmsis/drivers/udma/i2c/i2c_internal.o
 .text.__pi_i2c_conf_init
                0x000000001c004d96       0x18 /home/bitcraze/Desktop/IAA_Labs/lab4/gap8/BUILD/GAP8_V2/GCC_RISCV_FREERTOS//home/bitcraze/projects/gap_sdk/rtos/freeRTOS/vendors/gwt/gap8/pmsis/drivers/udma/i2c/i2c_internal.o
                0x000000001c004d96                __pi_i2c_conf_init
 .text.__pi_i2c_open
                0x000000001c004dae      0x1fa /home/bitcraze/Desktop/IAA_Labs/lab4/gap8/BUILD/GAP8_V2/GCC_RISCV_FREERTOS//home/bitcraze/projects/gap_sdk/rtos/freeRTOS/vendors/gwt/gap8/pmsis/drivers/udma/i2c/i2c_internal.o
                0x000000001c004dae                __pi_i2c_open
 .text.__pi_i2c_copy
                0x000000001c004fa8       0x6a /home/bitcraze/Desktop/IAA_Labs/lab4/gap8/BUILD/GAP8_V2/GCC_RISCV_FREERTOS//home/bitcraze/projects/gap_sdk/rtos/freeRTOS/vendors/gwt/gap8/pmsis/drivers/udma/i2c/i2c_internal.o
                0x000000001c004fa8                __pi_i2c_copy
 .text.pi_spi_open
                0x000000001c005012       0x1c /home/bitcraze/Desktop/IAA_Labs/lab4/gap8/BUILD/GAP8_V2/GCC_RISCV_FREERTOS//home/bitcraze/projects/gap_sdk/rtos/freeRTOS/vendors/gwt/gap8/pmsis/drivers/udma/spi/spi.o
                0x000000001c005012                pi_spi_open
 .text.pi_spi_transfer
                0x000000001c00502e       0x48 /home/bitcraze/Desktop/IAA_Labs/lab4/gap8/BUILD/GAP8_V2/GCC_RISCV_FREERTOS//home/bitcraze/projects/gap_sdk/rtos/freeRTOS/vendors/gwt/gap8/pmsis/drivers/udma/spi/spi.o
                0x000000001c00502e                pi_spi_transfer
 .text.__pi_spi_freq_cb
                0x000000001c005076       0x84 /home/bitcraze/Desktop/IAA_Labs/lab4/gap8/BUILD/GAP8_V2/GCC_RISCV_FREERTOS//home/bitcraze/projects/gap_sdk/rtos/freeRTOS/vendors/gwt/gap8/pmsis/drivers/udma/spi/spi_internal.o
                0x000000001c005076                __pi_spi_freq_cb
 .text.pi_spi_conf_init
                0x000000001c0050fa       0x26 /home/bitcraze/Desktop/IAA_Labs/lab4/gap8/BUILD/GAP8_V2/GCC_RISCV_FREERTOS//home/bitcraze/projects/gap_sdk/rtos/freeRTOS/vendors/gwt/gap8/pmsis/drivers/udma/spi/spi_internal.o
                0x000000001c0050fa                pi_spi_conf_init
 .text.__pi_spi_open
                0x000000001c005120      0x300 /home/bitcraze/Desktop/IAA_Labs/lab4/gap8/BUILD/GAP8_V2/GCC_RISCV_FREERTOS//home/bitcraze/projects/gap_sdk/rtos/freeRTOS/vendors/gwt/gap8/pmsis/drivers/udma/spi/spi_internal.o
                0x000000001c005120                __pi_spi_open
 .text.__pi_spi_receive_async
                0x000000001c005420      0x110 /home/bitcraze/Desktop/IAA_Labs/lab4/gap8/BUILD/GAP8_V2/GCC_RISCV_FREERTOS//home/bitcraze/projects/gap_sdk/rtos/freeRTOS/vendors/gwt/gap8/pmsis/drivers/udma/spi/spi_internal.o
                0x000000001c005420                __pi_spi_receive_async
 .text.__pi_spi_send_async
                0x000000001c005530      0x146 /home/bitcraze/Desktop/IAA_Labs/lab4/gap8/BUILD/GAP8_V2/GCC_RISCV_FREERTOS//home/bitcraze/projects/gap_sdk/rtos/freeRTOS/vendors/gwt/gap8/pmsis/drivers/udma/spi/spi_internal.o
                0x000000001c005530                __pi_spi_send_async
 .text.__pi_spi_xfer_async
                0x000000001c005676      0x138 /home/bitcraze/Desktop/IAA_Labs/lab4/gap8/BUILD/GAP8_V2/GCC_RISCV_FREERTOS//home/bitcraze/projects/gap_sdk/rtos/freeRTOS/vendors/gwt/gap8/pmsis/drivers/udma/spi/spi_internal.o
                0x000000001c005676                __pi_spi_xfer_async
 .text.__pi_spi_copy_async
                0x000000001c0057ae      0x792 /home/bitcraze/Desktop/IAA_Labs/lab4/gap8/BUILD/GAP8_V2/GCC_RISCV_FREERTOS//home/bitcraze/projects/gap_sdk/rtos/freeRTOS/vendors/gwt/gap8/pmsis/drivers/udma/spi/spi_internal.o
                0x000000001c0057ae                __pi_spi_copy_async
 .text.__pi_spi_copy_async_2d
                0x000000001c005f40      0x700 /home/bitcraze/Desktop/IAA_Labs/lab4/gap8/BUILD/GAP8_V2/GCC_RISCV_FREERTOS//home/bitcraze/projects/gap_sdk/rtos/freeRTOS/vendors/gwt/gap8/pmsis/drivers/udma/spi/spi_internal.o
                0x000000001c005f40                __pi_spi_copy_async_2d
 .text.spim_eot_handler
                0x000000001c006640      0x872 /home/bitcraze/Desktop/IAA_Labs/lab4/gap8/BUILD/GAP8_V2/GCC_RISCV_FREERTOS//home/bitcraze/projects/gap_sdk/rtos/freeRTOS/vendors/gwt/gap8/pmsis/drivers/udma/spi/spi_internal.o
                0x000000001c006640                spim_eot_handler
 .text.spim_tx_handler
                0x000000001c006eb2       0x3e /home/bitcraze/Desktop/IAA_Labs/lab4/gap8/BUILD/GAP8_V2/GCC_RISCV_FREERTOS//home/bitcraze/projects/gap_sdk/rtos/freeRTOS/vendors/gwt/gap8/pmsis/drivers/udma/spi/spi_internal.o
                0x000000001c006eb2                spim_tx_handler
 .text.spim_rx_handler
                0x000000001c006ef0       0x3a /home/bitcraze/Desktop/IAA_Labs/lab4/gap8/BUILD/GAP8_V2/GCC_RISCV_FREERTOS//home/bitcraze/projects/gap_sdk/rtos/freeRTOS/vendors/gwt/gap8/pmsis/drivers/udma/spi/spi_internal.o
                0x000000001c006ef0                spim_rx_handler
 .text.pi_uart_conf_init
                0x000000001c006f2a        0x2 /home/bitcraze/Desktop/IAA_Labs/lab4/gap8/BUILD/GAP8_V2/GCC_RISCV_FREERTOS//home/bitcraze/projects/gap_sdk/rtos/freeRTOS/vendors/gwt/gap8/pmsis/drivers/udma/uart/uart.o
                0x000000001c006f2a                pi_uart_conf_init
 .text.pi_uart_open
                0x000000001c006f2c        0x6 /home/bitcraze/Desktop/IAA_Labs/lab4/gap8/BUILD/GAP8_V2/GCC_RISCV_FREERTOS//home/bitcraze/projects/gap_sdk/rtos/freeRTOS/vendors/gwt/gap8/pmsis/drivers/udma/uart/uart.o
                0x000000001c006f2c                pi_uart_open
 .text.pi_uart_close
                0x000000001c006f32       0x1e /home/bitcraze/Desktop/IAA_Labs/lab4/gap8/BUILD/GAP8_V2/GCC_RISCV_FREERTOS//home/bitcraze/projects/gap_sdk/rtos/freeRTOS/vendors/gwt/gap8/pmsis/drivers/udma/uart/uart.o
                0x000000001c006f32                pi_uart_close
 .text.pi_uart_write
                0x000000001c006f50       0x4c /home/bitcraze/Desktop/IAA_Labs/lab4/gap8/BUILD/GAP8_V2/GCC_RISCV_FREERTOS//home/bitcraze/projects/gap_sdk/rtos/freeRTOS/vendors/gwt/gap8/pmsis/drivers/udma/uart/uart.o
                0x000000001c006f50                pi_uart_write
 .text.__pi_uart_freq_cb
                0x000000001c006f9c       0xa6 /home/bitcraze/Desktop/IAA_Labs/lab4/gap8/BUILD/GAP8_V2/GCC_RISCV_FREERTOS//home/bitcraze/projects/gap_sdk/rtos/freeRTOS/vendors/gwt/gap8/pmsis/drivers/udma/uart/uart_internal.o
 .text.__pi_uart_handler
                0x000000001c007042       0xca /home/bitcraze/Desktop/IAA_Labs/lab4/gap8/BUILD/GAP8_V2/GCC_RISCV_FREERTOS//home/bitcraze/projects/gap_sdk/rtos/freeRTOS/vendors/gwt/gap8/pmsis/drivers/udma/uart/uart_internal.o
 .text.__pi_uart_conf_init
                0x000000001c00710c       0x18 /home/bitcraze/Desktop/IAA_Labs/lab4/gap8/BUILD/GAP8_V2/GCC_RISCV_FREERTOS//home/bitcraze/projects/gap_sdk/rtos/freeRTOS/vendors/gwt/gap8/pmsis/drivers/udma/uart/uart_internal.o
                0x000000001c00710c                __pi_uart_conf_init
 .text.__pi_uart_open
                0x000000001c007124      0x1f0 /home/bitcraze/Desktop/IAA_Labs/lab4/gap8/BUILD/GAP8_V2/GCC_RISCV_FREERTOS//home/bitcraze/projects/gap_sdk/rtos/freeRTOS/vendors/gwt/gap8/pmsis/drivers/udma/uart/uart_internal.o
                0x000000001c007124                __pi_uart_open
 .text.__pi_uart_close
                0x000000001c007314      0x144 /home/bitcraze/Desktop/IAA_Labs/lab4/gap8/BUILD/GAP8_V2/GCC_RISCV_FREERTOS//home/bitcraze/projects/gap_sdk/rtos/freeRTOS/vendors/gwt/gap8/pmsis/drivers/udma/uart/uart_internal.o
                0x000000001c007314                __pi_uart_close
 .text.__pi_uart_copy
                0x000000001c007458       0xb0 /home/bitcraze/Desktop/IAA_Labs/lab4/gap8/BUILD/GAP8_V2/GCC_RISCV_FREERTOS//home/bitcraze/projects/gap_sdk/rtos/freeRTOS/vendors/gwt/gap8/pmsis/drivers/udma/uart/uart_internal.o
                0x000000001c007458                __pi_uart_copy
 .text.bsp_himax_conf_init
                0x000000001c007508       0x48 /home/bitcraze/Desktop/IAA_Labs/lab4/gap8/BUILD/GAP8_V2/GCC_RISCV_FREERTOS//home/bitcraze/projects/gap_sdk/rtos/pmsis/bsp/bsp/ai_deck.o
                0x000000001c007508                bsp_himax_conf_init
 .text.bsp_himax_open
                0x000000001c007550       0x40 /home/bitcraze/Desktop/IAA_Labs/lab4/gap8/BUILD/GAP8_V2/GCC_RISCV_FREERTOS//home/bitcraze/projects/gap_sdk/rtos/pmsis/bsp/bsp/ai_deck.o
                0x000000001c007550                bsp_himax_open
 .text.pi_bsp_init
                0x000000001c007590       0x3c /home/bitcraze/Desktop/IAA_Labs/lab4/gap8/BUILD/GAP8_V2/GCC_RISCV_FREERTOS//home/bitcraze/projects/gap_sdk/rtos/pmsis/bsp/bsp/ai_deck.o
                0x000000001c007590                pi_bsp_init
 .text.pi_camera_open
                0x000000001c0075cc        0xc /home/bitcraze/Desktop/IAA_Labs/lab4/gap8/BUILD/GAP8_V2/GCC_RISCV_FREERTOS//home/bitcraze/projects/gap_sdk/rtos/pmsis/bsp/camera/camera.o
                0x000000001c0075cc                pi_camera_open
 .text.__camera_conf_init
                0x000000001c0075d8        0x2 /home/bitcraze/Desktop/IAA_Labs/lab4/gap8/BUILD/GAP8_V2/GCC_RISCV_FREERTOS//home/bitcraze/projects/gap_sdk/rtos/pmsis/bsp/camera/camera.o
                0x000000001c0075d8                __camera_conf_init
 .text.__himax_reg_set
                0x000000001c0075da       0x3e /home/bitcraze/Desktop/IAA_Labs/lab4/gap8/BUILD/GAP8_V2/GCC_RISCV_FREERTOS//home/bitcraze/projects/gap_sdk/rtos/pmsis/bsp/camera/himax/himax.o
                0x000000001c0075da                __himax_reg_set
 .text.__himax_capture_async
                0x000000001c007618        0xa /home/bitcraze/Desktop/IAA_Labs/lab4/gap8/BUILD/GAP8_V2/GCC_RISCV_FREERTOS//home/bitcraze/projects/gap_sdk/rtos/pmsis/bsp/camera/himax/himax.o
                0x000000001c007618                __himax_capture_async
 .text.__himax_reg_get
                0x000000001c007622       0x5c /home/bitcraze/Desktop/IAA_Labs/lab4/gap8/BUILD/GAP8_V2/GCC_RISCV_FREERTOS//home/bitcraze/projects/gap_sdk/rtos/pmsis/bsp/camera/himax/himax.o
                0x000000001c007622                __himax_reg_get
 .text.__himax_close
                0x000000001c00767e       0x42 /home/bitcraze/Desktop/IAA_Labs/lab4/gap8/BUILD/GAP8_V2/GCC_RISCV_FREERTOS//home/bitcraze/projects/gap_sdk/rtos/pmsis/bsp/camera/himax/himax.o
 .text.__himax_open
                0x000000001c0076c0      0x2ea /home/bitcraze/Desktop/IAA_Labs/lab4/gap8/BUILD/GAP8_V2/GCC_RISCV_FREERTOS//home/bitcraze/projects/gap_sdk/rtos/pmsis/bsp/camera/himax/himax.o
                0x000000001c0076c0                __himax_open
 .text.__himax_reopen
                0x000000001c0079aa      0x1d6 /home/bitcraze/Desktop/IAA_Labs/lab4/gap8/BUILD/GAP8_V2/GCC_RISCV_FREERTOS//home/bitcraze/projects/gap_sdk/rtos/pmsis/bsp/camera/himax/himax.o
                0x000000001c0079aa                __himax_reopen
 .text.__himax_control
                0x000000001c007b80      0x124 /home/bitcraze/Desktop/IAA_Labs/lab4/gap8/BUILD/GAP8_V2/GCC_RISCV_FREERTOS//home/bitcraze/projects/gap_sdk/rtos/pmsis/bsp/camera/himax/himax.o
 .text.pi_himax_conf_init
                0x000000001c007ca4       0x2e /home/bitcraze/Desktop/IAA_Labs/lab4/gap8/BUILD/GAP8_V2/GCC_RISCV_FREERTOS//home/bitcraze/projects/gap_sdk/rtos/pmsis/bsp/camera/himax/himax.o
                0x000000001c007ca4                pi_himax_conf_init
 .text.pmsis_event_push
                0x000000001c007cd2       0x4e /home/bitcraze/Desktop/IAA_Labs/lab4/gap8/BUILD/GAP8_V2/GCC_RISCV_FREERTOS//home/bitcraze/projects/gap_sdk/rtos/freeRTOS/vendors/gwt/pmsis/rtos/event_kernel/event_kernel.o
                0x000000001c007cd2                pmsis_event_push
 .text.pmsis_event_kernel_init
                0x000000001c007d20       0x78 /home/bitcraze/Desktop/IAA_Labs/lab4/gap8/BUILD/GAP8_V2/GCC_RISCV_FREERTOS//home/bitcraze/projects/gap_sdk/rtos/freeRTOS/vendors/gwt/pmsis/rtos/event_kernel/event_kernel.o
                0x000000001c007d20                pmsis_event_kernel_init
 .text.pmsis_event_kernel_main
                0x000000001c007d98       0xa2 /home/bitcraze/Desktop/IAA_Labs/lab4/gap8/BUILD/GAP8_V2/GCC_RISCV_FREERTOS//home/bitcraze/projects/gap_sdk/rtos/freeRTOS/vendors/gwt/pmsis/rtos/event_kernel/event_kernel.o
                0x000000001c007d98                pmsis_event_kernel_main
 .text.pmsis_event_get_default_scheduler
                0x000000001c007e3a        0xa /home/bitcraze/Desktop/IAA_Labs/lab4/gap8/BUILD/GAP8_V2/GCC_RISCV_FREERTOS//home/bitcraze/projects/gap_sdk/rtos/freeRTOS/vendors/gwt/pmsis/rtos/event_kernel/event_kernel.o
                0x000000001c007e3a                pmsis_event_get_default_scheduler
 .text.pmsis_event_set_default_scheduler
                0x000000001c007e44        0xa /home/bitcraze/Desktop/IAA_Labs/lab4/gap8/BUILD/GAP8_V2/GCC_RISCV_FREERTOS//home/bitcraze/projects/gap_sdk/rtos/freeRTOS/vendors/gwt/pmsis/rtos/event_kernel/event_kernel.o
                0x000000001c007e44                pmsis_event_set_default_scheduler
 .text.pi_cl_l1_free
                0x000000001c007e4e       0x20 /home/bitcraze/Desktop/IAA_Labs/lab4/gap8/BUILD/GAP8_V2/GCC_RISCV_FREERTOS//home/bitcraze/projects/gap_sdk/rtos/freeRTOS/vendors/gwt/pmsis/rtos/malloc/cl_l1_malloc.o
                0x000000001c007e4e                pi_cl_l1_free
 .text.pi_fc_l1_malloc
                0x000000001c007e6e       0x22 /home/bitcraze/Desktop/IAA_Labs/lab4/gap8/BUILD/GAP8_V2/GCC_RISCV_FREERTOS//home/bitcraze/projects/gap_sdk/rtos/freeRTOS/vendors/gwt/pmsis/rtos/malloc/fc_l1_malloc.o
                0x000000001c007e6e                pi_fc_l1_malloc
 .text.pi_fc_l1_free
                0x000000001c007e90       0x24 /home/bitcraze/Desktop/IAA_Labs/lab4/gap8/BUILD/GAP8_V2/GCC_RISCV_FREERTOS//home/bitcraze/projects/gap_sdk/rtos/freeRTOS/vendors/gwt/pmsis/rtos/malloc/fc_l1_malloc.o
                0x000000001c007e90                pi_fc_l1_free
 .text.pi_fc_l1_malloc_init
                0x000000001c007eb4       0x20 /home/bitcraze/Desktop/IAA_Labs/lab4/gap8/BUILD/GAP8_V2/GCC_RISCV_FREERTOS//home/bitcraze/projects/gap_sdk/rtos/freeRTOS/vendors/gwt/pmsis/rtos/malloc/fc_l1_malloc.o
                0x000000001c007eb4                pi_fc_l1_malloc_init
 .text.pi_l2_malloc
                0x000000001c007ed4       0x5a /home/bitcraze/Desktop/IAA_Labs/lab4/gap8/BUILD/GAP8_V2/GCC_RISCV_FREERTOS//home/bitcraze/projects/gap_sdk/rtos/freeRTOS/vendors/gwt/pmsis/rtos/malloc/l2_malloc.o
                0x000000001c007ed4                pi_l2_malloc
 .text.pi_l2_free
                0x000000001c007f2e       0x3a /home/bitcraze/Desktop/IAA_Labs/lab4/gap8/BUILD/GAP8_V2/GCC_RISCV_FREERTOS//home/bitcraze/projects/gap_sdk/rtos/freeRTOS/vendors/gwt/pmsis/rtos/malloc/l2_malloc.o
                0x000000001c007f2e                pi_l2_free
 .text.pi_l2_malloc_init
                0x000000001c007f68       0x20 /home/bitcraze/Desktop/IAA_Labs/lab4/gap8/BUILD/GAP8_V2/GCC_RISCV_FREERTOS//home/bitcraze/projects/gap_sdk/rtos/freeRTOS/vendors/gwt/pmsis/rtos/malloc/l2_malloc.o
                0x000000001c007f68                pi_l2_malloc_init
 .text.__malloc_init
                0x000000001c007f88       0x20 /home/bitcraze/Desktop/IAA_Labs/lab4/gap8/BUILD/GAP8_V2/GCC_RISCV_FREERTOS//home/bitcraze/projects/gap_sdk/rtos/freeRTOS/vendors/gwt/pmsis/rtos/malloc/malloc_internal.o
                0x000000001c007f88                __malloc_init
 .text.__malloc
                0x000000001c007fa8       0x4a /home/bitcraze/Desktop/IAA_Labs/lab4/gap8/BUILD/GAP8_V2/GCC_RISCV_FREERTOS//home/bitcraze/projects/gap_sdk/rtos/freeRTOS/vendors/gwt/pmsis/rtos/malloc/malloc_internal.o
                0x000000001c007fa8                __malloc
 .text.__malloc_free
                0x000000001c007ff2       0x5c /home/bitcraze/Desktop/IAA_Labs/lab4/gap8/BUILD/GAP8_V2/GCC_RISCV_FREERTOS//home/bitcraze/projects/gap_sdk/rtos/freeRTOS/vendors/gwt/pmsis/rtos/malloc/malloc_internal.o
                0x000000001c007ff2                __malloc_free
 .text.pi_malloc_init
                0x000000001c00804e       0x1e /home/bitcraze/Desktop/IAA_Labs/lab4/gap8/BUILD/GAP8_V2/GCC_RISCV_FREERTOS//home/bitcraze/projects/gap_sdk/rtos/freeRTOS/vendors/gwt/pmsis/rtos/malloc/pi_malloc.o
                0x000000001c00804e                pi_malloc_init
 .text.pi_malloc
                0x000000001c00806c       0x30 /home/bitcraze/Desktop/IAA_Labs/lab4/gap8/BUILD/GAP8_V2/GCC_RISCV_FREERTOS//home/bitcraze/projects/gap_sdk/rtos/freeRTOS/vendors/gwt/pmsis/rtos/malloc/pi_malloc.o
                0x000000001c00806c                pi_malloc
 .text.pi_free  0x000000001c00809c       0x1e /home/bitcraze/Desktop/IAA_Labs/lab4/gap8/BUILD/GAP8_V2/GCC_RISCV_FREERTOS//home/bitcraze/projects/gap_sdk/rtos/freeRTOS/vendors/gwt/pmsis/rtos/malloc/pi_malloc.o
                0x000000001c00809c                pi_free
 .text.pi_open_from_conf
                0x000000001c0080ba        0x4 /home/bitcraze/Desktop/IAA_Labs/lab4/gap8/BUILD/GAP8_V2/GCC_RISCV_FREERTOS//home/bitcraze/projects/gap_sdk/rtos/freeRTOS/vendors/gwt/pmsis/rtos/os/device.o
                0x000000001c0080ba                pi_open_from_conf
 .text.__pi_task_block
                0x000000001c0080be       0x2e /home/bitcraze/Desktop/IAA_Labs/lab4/gap8/BUILD/GAP8_V2/GCC_RISCV_FREERTOS//home/bitcraze/projects/gap_sdk/rtos/freeRTOS/vendors/gwt/pmsis/rtos/os/pmsis_task.o
                0x000000001c0080be                __pi_task_block
 .text.__pi_task_destroy
                0x000000001c0080ec        0x6 /home/bitcraze/Desktop/IAA_Labs/lab4/gap8/BUILD/GAP8_V2/GCC_RISCV_FREERTOS//home/bitcraze/projects/gap_sdk/rtos/freeRTOS/vendors/gwt/pmsis/rtos/os/pmsis_task.o
                0x000000001c0080ec                __pi_task_destroy
 .text.__pi_task_wait_on
                0x000000001c0080f2       0x30 /home/bitcraze/Desktop/IAA_Labs/lab4/gap8/BUILD/GAP8_V2/GCC_RISCV_FREERTOS//home/bitcraze/projects/gap_sdk/rtos/freeRTOS/vendors/gwt/pmsis/rtos/os/pmsis_task.o
                0x000000001c0080f2                __pi_task_wait_on
 .text.__pi_task_push_locked
                0x000000001c008122       0x8c /home/bitcraze/Desktop/IAA_Labs/lab4/gap8/BUILD/GAP8_V2/GCC_RISCV_FREERTOS//home/bitcraze/projects/gap_sdk/rtos/freeRTOS/vendors/gwt/pmsis/rtos/os/pmsis_task.o
                0x000000001c008122                __pi_task_push_locked
 .text.pi_task_release
                0x000000001c0081ae       0x4e /home/bitcraze/Desktop/IAA_Labs/lab4/gap8/BUILD/GAP8_V2/GCC_RISCV_FREERTOS//home/bitcraze/projects/gap_sdk/rtos/freeRTOS/vendors/gwt/pmsis/rtos/os/pmsis_task.o
                0x000000001c0081ae                pi_task_release
 .text.pi_cl_pi_task_wait
                0x000000001c0081fc       0x28 /home/bitcraze/Desktop/IAA_Labs/lab4/gap8/BUILD/GAP8_V2/GCC_RISCV_FREERTOS//home/bitcraze/projects/gap_sdk/rtos/freeRTOS/vendors/gwt/pmsis/rtos/os/pmsis_task.o
                0x000000001c0081fc                pi_cl_pi_task_wait
 .text.__os_native_kickoff
                0x000000001c008224       0x9a /home/bitcraze/Desktop/IAA_Labs/lab4/gap8/BUILD/GAP8_V2/GCC_RISCV_FREERTOS//home/bitcraze/projects/gap_sdk/rtos/freeRTOS/vendors/gwt/pmsis/backend/pmsis_backend_native_task_api.o
                0x000000001c008224                __os_native_kickoff
 .text.pi_time_wait_us
                0x000000001c0082be       0x72 /home/bitcraze/Desktop/IAA_Labs/lab4/gap8/BUILD/GAP8_V2/GCC_RISCV_FREERTOS//home/bitcraze/projects/gap_sdk/rtos/freeRTOS/vendors/gwt/pmsis/backend/pmsis_backend_native_task_api.o
                0x000000001c0082be                pi_time_wait_us
 .text.__pi_task_timer_irq
                0x000000001c008330       0x6e /home/bitcraze/Desktop/IAA_Labs/lab4/gap8/BUILD/GAP8_V2/GCC_RISCV_FREERTOS//home/bitcraze/projects/gap_sdk/rtos/freeRTOS/vendors/gwt/pmsis/backend/pmsis_backend_native_task_api.o
                0x000000001c008330                __pi_task_timer_irq
 .text.pi_task_delayed_increment_push
                0x000000001c00839e       0x7e /home/bitcraze/Desktop/IAA_Labs/lab4/gap8/BUILD/GAP8_V2/GCC_RISCV_FREERTOS//home/bitcraze/projects/gap_sdk/rtos/freeRTOS/vendors/gwt/pmsis/backend/pmsis_backend_native_task_api.o
                0x000000001c00839e                pi_task_delayed_increment_push
 .text.pxPortInitialiseStack
                0x000000001c00841c       0x38 /home/bitcraze/Desktop/IAA_Labs/lab4/gap8/BUILD/GAP8_V2/GCC_RISCV_FREERTOS//home/bitcraze/projects/gap_sdk/rtos/freeRTOS/freertos_kernel/portable/GCC/RI5CY-GAP8/port.o
                0x000000001c00841c                pxPortInitialiseStack
 .text.prvSetupTimerInterrupt
                0x000000001c008454        0x8 /home/bitcraze/Desktop/IAA_Labs/lab4/gap8/BUILD/GAP8_V2/GCC_RISCV_FREERTOS//home/bitcraze/projects/gap_sdk/rtos/freeRTOS/freertos_kernel/portable/GCC/RI5CY-GAP8/port.o
                0x000000001c008454                prvSetupTimerInterrupt
 .text.vPortEnter_Critical
                0x000000001c00845c       0x14 /home/bitcraze/Desktop/IAA_Labs/lab4/gap8/BUILD/GAP8_V2/GCC_RISCV_FREERTOS//home/bitcraze/projects/gap_sdk/rtos/freeRTOS/freertos_kernel/portable/GCC/RI5CY-GAP8/port.o
                0x000000001c00845c                vPortEnter_Critical
 .text.vPortExit_Critical
                0x000000001c008470       0x1c /home/bitcraze/Desktop/IAA_Labs/lab4/gap8/BUILD/GAP8_V2/GCC_RISCV_FREERTOS//home/bitcraze/projects/gap_sdk/rtos/freeRTOS/freertos_kernel/portable/GCC/RI5CY-GAP8/port.o
                0x000000001c008470                vPortExit_Critical
 .text.uPortSet_Interrupt_Mask_From_ISR
                0x000000001c00848c        0x6 /home/bitcraze/Desktop/IAA_Labs/lab4/gap8/BUILD/GAP8_V2/GCC_RISCV_FREERTOS//home/bitcraze/projects/gap_sdk/rtos/freeRTOS/freertos_kernel/portable/GCC/RI5CY-GAP8/port.o
                0x000000001c00848c                uPortSet_Interrupt_Mask_From_ISR
 .text.vPortClear_Interrupt_Mask_From_ISR
                0x000000001c008492        0x6 /home/bitcraze/Desktop/IAA_Labs/lab4/gap8/BUILD/GAP8_V2/GCC_RISCV_FREERTOS//home/bitcraze/projects/gap_sdk/rtos/freeRTOS/freertos_kernel/portable/GCC/RI5CY-GAP8/port.o
                0x000000001c008492                vPortClear_Interrupt_Mask_From_ISR
 .text._out_buffer
                0x000000001c008498        0xa /home/bitcraze/Desktop/IAA_Labs/lab4/gap8/BUILD/GAP8_V2/GCC_RISCV_FREERTOS//home/bitcraze/projects/gap_sdk/rtos/freeRTOS/vendors/gwt/libs/printf/printf.o
 .text._out_null
                0x000000001c0084a2        0x2 /home/bitcraze/Desktop/IAA_Labs/lab4/gap8/BUILD/GAP8_V2/GCC_RISCV_FREERTOS//home/bitcraze/projects/gap_sdk/rtos/freeRTOS/vendors/gwt/libs/printf/printf.o
 .text._out_char
                0x000000001c0084a4        0x8 /home/bitcraze/Desktop/IAA_Labs/lab4/gap8/BUILD/GAP8_V2/GCC_RISCV_FREERTOS//home/bitcraze/projects/gap_sdk/rtos/freeRTOS/vendors/gwt/libs/printf/printf.o
 .text._ntoa_long
                0x000000001c0084ac      0x34c /home/bitcraze/Desktop/IAA_Labs/lab4/gap8/BUILD/GAP8_V2/GCC_RISCV_FREERTOS//home/bitcraze/projects/gap_sdk/rtos/freeRTOS/vendors/gwt/libs/printf/printf.o
 .text._etoa    0x000000001c0087f8      0x68e /home/bitcraze/Desktop/IAA_Labs/lab4/gap8/BUILD/GAP8_V2/GCC_RISCV_FREERTOS//home/bitcraze/projects/gap_sdk/rtos/freeRTOS/vendors/gwt/libs/printf/printf.o
 .text._ftoa.part.1
                0x000000001c008e86      0x53a /home/bitcraze/Desktop/IAA_Labs/lab4/gap8/BUILD/GAP8_V2/GCC_RISCV_FREERTOS//home/bitcraze/projects/gap_sdk/rtos/freeRTOS/vendors/gwt/libs/printf/printf.o
 .text._vsnprintf
                0x000000001c0093c0      0x7dc /home/bitcraze/Desktop/IAA_Labs/lab4/gap8/BUILD/GAP8_V2/GCC_RISCV_FREERTOS//home/bitcraze/projects/gap_sdk/rtos/freeRTOS/vendors/gwt/libs/printf/printf.o
 .text.printf_  0x000000001c009b9c       0x32 /home/bitcraze/Desktop/IAA_Labs/lab4/gap8/BUILD/GAP8_V2/GCC_RISCV_FREERTOS//home/bitcraze/projects/gap_sdk/rtos/freeRTOS/vendors/gwt/libs/printf/printf.o
                0x000000001c009b9c                printf_
 .text.vsnprintf_
                0x000000001c009bce       0x14 /home/bitcraze/Desktop/IAA_Labs/lab4/gap8/BUILD/GAP8_V2/GCC_RISCV_FREERTOS//home/bitcraze/projects/gap_sdk/rtos/freeRTOS/vendors/gwt/libs/printf/printf.o
                0x000000001c009bce                vsnprintf_
 .text.vListInitialise
                0x000000001c009be2       0x14 /home/bitcraze/Desktop/IAA_Labs/lab4/gap8/BUILD/GAP8_V2/GCC_RISCV_FREERTOS//home/bitcraze/projects/gap_sdk/rtos/freeRTOS/freertos_kernel/list.o
                0x000000001c009be2                vListInitialise
 .text.vListInitialiseItem
                0x000000001c009bf6        0x6 /home/bitcraze/Desktop/IAA_Labs/lab4/gap8/BUILD/GAP8_V2/GCC_RISCV_FREERTOS//home/bitcraze/projects/gap_sdk/rtos/freeRTOS/freertos_kernel/list.o
                0x000000001c009bf6                vListInitialiseItem
 .text.vListInsertEnd
                0x000000001c009bfc       0x18 /home/bitcraze/Desktop/IAA_Labs/lab4/gap8/BUILD/GAP8_V2/GCC_RISCV_FREERTOS//home/bitcraze/projects/gap_sdk/rtos/freeRTOS/freertos_kernel/list.o
                0x000000001c009bfc                vListInsertEnd
 .text.vListInsert
                0x000000001c009c14       0x2e /home/bitcraze/Desktop/IAA_Labs/lab4/gap8/BUILD/GAP8_V2/GCC_RISCV_FREERTOS//home/bitcraze/projects/gap_sdk/rtos/freeRTOS/freertos_kernel/list.o
                0x000000001c009c14                vListInsert
 .text.uxListRemove
                0x000000001c009c42       0x22 /home/bitcraze/Desktop/IAA_Labs/lab4/gap8/BUILD/GAP8_V2/GCC_RISCV_FREERTOS//home/bitcraze/projects/gap_sdk/rtos/freeRTOS/freertos_kernel/list.o
                0x000000001c009c42                uxListRemove
 .text.xQueueGenericCreateStatic
                0x000000001c009c64       0x6e /home/bitcraze/Desktop/IAA_Labs/lab4/gap8/BUILD/GAP8_V2/GCC_RISCV_FREERTOS//home/bitcraze/projects/gap_sdk/rtos/freeRTOS/freertos_kernel/queue.o
                0x000000001c009c64                xQueueGenericCreateStatic
 .text.xQueueGenericCreate
                0x000000001c009cd2       0x80 /home/bitcraze/Desktop/IAA_Labs/lab4/gap8/BUILD/GAP8_V2/GCC_RISCV_FREERTOS//home/bitcraze/projects/gap_sdk/rtos/freeRTOS/freertos_kernel/queue.o
                0x000000001c009cd2                xQueueGenericCreate
 .text.xQueueGenericSend
                0x000000001c009d52      0x35e /home/bitcraze/Desktop/IAA_Labs/lab4/gap8/BUILD/GAP8_V2/GCC_RISCV_FREERTOS//home/bitcraze/projects/gap_sdk/rtos/freeRTOS/freertos_kernel/queue.o
                0x000000001c009d52                xQueueGenericSend
 .text.xQueueCreateMutex
                0x000000001c00a0b0       0x80 /home/bitcraze/Desktop/IAA_Labs/lab4/gap8/BUILD/GAP8_V2/GCC_RISCV_FREERTOS//home/bitcraze/projects/gap_sdk/rtos/freeRTOS/freertos_kernel/queue.o
                0x000000001c00a0b0                xQueueCreateMutex
 .text.xQueueGenericSendFromISR
                0x000000001c00a130      0x108 /home/bitcraze/Desktop/IAA_Labs/lab4/gap8/BUILD/GAP8_V2/GCC_RISCV_FREERTOS//home/bitcraze/projects/gap_sdk/rtos/freeRTOS/freertos_kernel/queue.o
                0x000000001c00a130                xQueueGenericSendFromISR
 .text.xQueueReceive
                0x000000001c00a238      0x2b6 /home/bitcraze/Desktop/IAA_Labs/lab4/gap8/BUILD/GAP8_V2/GCC_RISCV_FREERTOS//home/bitcraze/projects/gap_sdk/rtos/freeRTOS/freertos_kernel/queue.o
                0x000000001c00a238                xQueueReceive
 .text.xQueueSemaphoreTake
                0x000000001c00a4ee      0x2ea /home/bitcraze/Desktop/IAA_Labs/lab4/gap8/BUILD/GAP8_V2/GCC_RISCV_FREERTOS//home/bitcraze/projects/gap_sdk/rtos/freeRTOS/freertos_kernel/queue.o
                0x000000001c00a4ee                xQueueSemaphoreTake
 .text.uxQueueMessagesWaiting
                0x000000001c00a7d8       0x1c /home/bitcraze/Desktop/IAA_Labs/lab4/gap8/BUILD/GAP8_V2/GCC_RISCV_FREERTOS//home/bitcraze/projects/gap_sdk/rtos/freeRTOS/freertos_kernel/queue.o
                0x000000001c00a7d8                uxQueueMessagesWaiting
 .text.vQueueAddToRegistry
                0x000000001c00a7f4       0x58 /home/bitcraze/Desktop/IAA_Labs/lab4/gap8/BUILD/GAP8_V2/GCC_RISCV_FREERTOS//home/bitcraze/projects/gap_sdk/rtos/freeRTOS/freertos_kernel/queue.o
                0x000000001c00a7f4                vQueueAddToRegistry
 .text.vQueueWaitForMessageRestricted
                0x000000001c00a84c       0xea /home/bitcraze/Desktop/IAA_Labs/lab4/gap8/BUILD/GAP8_V2/GCC_RISCV_FREERTOS//home/bitcraze/projects/gap_sdk/rtos/freeRTOS/freertos_kernel/queue.o
                0x000000001c00a84c                vQueueWaitForMessageRestricted
 .text.prvAddNewTaskToReadyList
                0x000000001c00a936      0x15c /home/bitcraze/Desktop/IAA_Labs/lab4/gap8/BUILD/GAP8_V2/GCC_RISCV_FREERTOS//home/bitcraze/projects/gap_sdk/rtos/freeRTOS/freertos_kernel/tasks.o
 .text.prvIdleTask
                0x000000001c00aa92       0x90 /home/bitcraze/Desktop/IAA_Labs/lab4/gap8/BUILD/GAP8_V2/GCC_RISCV_FREERTOS//home/bitcraze/projects/gap_sdk/rtos/freeRTOS/freertos_kernel/tasks.o
 .text.xTaskIncrementTick.part.6
                0x000000001c00ab22      0x168 /home/bitcraze/Desktop/IAA_Labs/lab4/gap8/BUILD/GAP8_V2/GCC_RISCV_FREERTOS//home/bitcraze/projects/gap_sdk/rtos/freeRTOS/freertos_kernel/tasks.o
 .text.xTaskCreateStatic
                0x000000001c00ac8a      0x186 /home/bitcraze/Desktop/IAA_Labs/lab4/gap8/BUILD/GAP8_V2/GCC_RISCV_FREERTOS//home/bitcraze/projects/gap_sdk/rtos/freeRTOS/freertos_kernel/tasks.o
                0x000000001c00ac8a                xTaskCreateStatic
 .text.xTaskCreate
                0x000000001c00ae10      0x1aa /home/bitcraze/Desktop/IAA_Labs/lab4/gap8/BUILD/GAP8_V2/GCC_RISCV_FREERTOS//home/bitcraze/projects/gap_sdk/rtos/freeRTOS/freertos_kernel/tasks.o
                0x000000001c00ae10                xTaskCreate
 .text.vTaskStartScheduler
                0x000000001c00afba       0xf4 /home/bitcraze/Desktop/IAA_Labs/lab4/gap8/BUILD/GAP8_V2/GCC_RISCV_FREERTOS//home/bitcraze/projects/gap_sdk/rtos/freeRTOS/freertos_kernel/tasks.o
                0x000000001c00afba                vTaskStartScheduler
 .text.vTaskSuspendAll
                0x000000001c00b0ae       0x10 /home/bitcraze/Desktop/IAA_Labs/lab4/gap8/BUILD/GAP8_V2/GCC_RISCV_FREERTOS//home/bitcraze/projects/gap_sdk/rtos/freeRTOS/freertos_kernel/tasks.o
                0x000000001c00b0ae                vTaskSuspendAll
 .text.xTaskResumeAll
                0x000000001c00b0be      0x13e /home/bitcraze/Desktop/IAA_Labs/lab4/gap8/BUILD/GAP8_V2/GCC_RISCV_FREERTOS//home/bitcraze/projects/gap_sdk/rtos/freeRTOS/freertos_kernel/tasks.o
                0x000000001c00b0be                xTaskResumeAll
 .text.vTaskDelay
                0x000000001c00b1fc       0x9c /home/bitcraze/Desktop/IAA_Labs/lab4/gap8/BUILD/GAP8_V2/GCC_RISCV_FREERTOS//home/bitcraze/projects/gap_sdk/rtos/freeRTOS/freertos_kernel/tasks.o
                0x000000001c00b1fc                vTaskDelay
 .text.xTaskGetTickCount
                0x000000001c00b298        0xa /home/bitcraze/Desktop/IAA_Labs/lab4/gap8/BUILD/GAP8_V2/GCC_RISCV_FREERTOS//home/bitcraze/projects/gap_sdk/rtos/freeRTOS/freertos_kernel/tasks.o
                0x000000001c00b298                xTaskGetTickCount
 .text.pcTaskGetName
                0x000000001c00b2a2       0x10 /home/bitcraze/Desktop/IAA_Labs/lab4/gap8/BUILD/GAP8_V2/GCC_RISCV_FREERTOS//home/bitcraze/projects/gap_sdk/rtos/freeRTOS/freertos_kernel/tasks.o
                0x000000001c00b2a2                pcTaskGetName
 .text.xTaskIncrementTick
                0x000000001c00b2b2       0x20 /home/bitcraze/Desktop/IAA_Labs/lab4/gap8/BUILD/GAP8_V2/GCC_RISCV_FREERTOS//home/bitcraze/projects/gap_sdk/rtos/freeRTOS/freertos_kernel/tasks.o
                0x000000001c00b2b2                xTaskIncrementTick
 .text.vTaskSwitchContext
                0x000000001c00b2d2       0xb2 /home/bitcraze/Desktop/IAA_Labs/lab4/gap8/BUILD/GAP8_V2/GCC_RISCV_FREERTOS//home/bitcraze/projects/gap_sdk/rtos/freeRTOS/freertos_kernel/tasks.o
                0x000000001c00b2d2                vTaskSwitchContext
 .text.vTaskPlaceOnEventList
                0x000000001c00b384       0x9c /home/bitcraze/Desktop/IAA_Labs/lab4/gap8/BUILD/GAP8_V2/GCC_RISCV_FREERTOS//home/bitcraze/projects/gap_sdk/rtos/freeRTOS/freertos_kernel/tasks.o
                0x000000001c00b384                vTaskPlaceOnEventList
 .text.vTaskPlaceOnUnorderedEventList
                0x000000001c00b420       0xac /home/bitcraze/Desktop/IAA_Labs/lab4/gap8/BUILD/GAP8_V2/GCC_RISCV_FREERTOS//home/bitcraze/projects/gap_sdk/rtos/freeRTOS/freertos_kernel/tasks.o
                0x000000001c00b420                vTaskPlaceOnUnorderedEventList
 .text.vTaskPlaceOnEventListRestricted
                0x000000001c00b4cc       0xaa /home/bitcraze/Desktop/IAA_Labs/lab4/gap8/BUILD/GAP8_V2/GCC_RISCV_FREERTOS//home/bitcraze/projects/gap_sdk/rtos/freeRTOS/freertos_kernel/tasks.o
                0x000000001c00b4cc                vTaskPlaceOnEventListRestricted
 .text.xTaskRemoveFromEventList
                0x000000001c00b576       0x8e /home/bitcraze/Desktop/IAA_Labs/lab4/gap8/BUILD/GAP8_V2/GCC_RISCV_FREERTOS//home/bitcraze/projects/gap_sdk/rtos/freeRTOS/freertos_kernel/tasks.o
                0x000000001c00b576                xTaskRemoveFromEventList
 .text.vTaskRemoveFromUnorderedEventList
                0x000000001c00b604       0x74 /home/bitcraze/Desktop/IAA_Labs/lab4/gap8/BUILD/GAP8_V2/GCC_RISCV_FREERTOS//home/bitcraze/projects/gap_sdk/rtos/freeRTOS/freertos_kernel/tasks.o
                0x000000001c00b604                vTaskRemoveFromUnorderedEventList
 .text.vTaskInternalSetTimeOutState
                0x000000001c00b678       0x16 /home/bitcraze/Desktop/IAA_Labs/lab4/gap8/BUILD/GAP8_V2/GCC_RISCV_FREERTOS//home/bitcraze/projects/gap_sdk/rtos/freeRTOS/freertos_kernel/tasks.o
                0x000000001c00b678                vTaskInternalSetTimeOutState
 .text.xTaskCheckForTimeOut
                0x000000001c00b68e       0x84 /home/bitcraze/Desktop/IAA_Labs/lab4/gap8/BUILD/GAP8_V2/GCC_RISCV_FREERTOS//home/bitcraze/projects/gap_sdk/rtos/freeRTOS/freertos_kernel/tasks.o
                0x000000001c00b68e                xTaskCheckForTimeOut
 .text.vTaskMissedYield
                0x000000001c00b712        0xc /home/bitcraze/Desktop/IAA_Labs/lab4/gap8/BUILD/GAP8_V2/GCC_RISCV_FREERTOS//home/bitcraze/projects/gap_sdk/rtos/freeRTOS/freertos_kernel/tasks.o
                0x000000001c00b712                vTaskMissedYield
 .text.xTaskGetCurrentTaskHandle
                0x000000001c00b71e        0xa /home/bitcraze/Desktop/IAA_Labs/lab4/gap8/BUILD/GAP8_V2/GCC_RISCV_FREERTOS//home/bitcraze/projects/gap_sdk/rtos/freeRTOS/freertos_kernel/tasks.o
                0x000000001c00b71e                xTaskGetCurrentTaskHandle
 .text.xTaskGetSchedulerState
                0x000000001c00b728       0x1c /home/bitcraze/Desktop/IAA_Labs/lab4/gap8/BUILD/GAP8_V2/GCC_RISCV_FREERTOS//home/bitcraze/projects/gap_sdk/rtos/freeRTOS/freertos_kernel/tasks.o
                0x000000001c00b728                xTaskGetSchedulerState
 .text.xTaskPriorityInherit
                0x000000001c00b744       0xb0 /home/bitcraze/Desktop/IAA_Labs/lab4/gap8/BUILD/GAP8_V2/GCC_RISCV_FREERTOS//home/bitcraze/projects/gap_sdk/rtos/freeRTOS/freertos_kernel/tasks.o
                0x000000001c00b744                xTaskPriorityInherit
 .text.xTaskPriorityDisinherit
                0x000000001c00b7f4       0x70 /home/bitcraze/Desktop/IAA_Labs/lab4/gap8/BUILD/GAP8_V2/GCC_RISCV_FREERTOS//home/bitcraze/projects/gap_sdk/rtos/freeRTOS/freertos_kernel/tasks.o
                0x000000001c00b7f4                xTaskPriorityDisinherit
 .text.vTaskPriorityDisinheritAfterTimeout
                0x000000001c00b864       0x94 /home/bitcraze/Desktop/IAA_Labs/lab4/gap8/BUILD/GAP8_V2/GCC_RISCV_FREERTOS//home/bitcraze/projects/gap_sdk/rtos/freeRTOS/freertos_kernel/tasks.o
                0x000000001c00b864                vTaskPriorityDisinheritAfterTimeout
 .text.uxTaskResetEventItemValue
                0x000000001c00b8f8       0x1a /home/bitcraze/Desktop/IAA_Labs/lab4/gap8/BUILD/GAP8_V2/GCC_RISCV_FREERTOS//home/bitcraze/projects/gap_sdk/rtos/freeRTOS/freertos_kernel/tasks.o
                0x000000001c00b8f8                uxTaskResetEventItemValue
 .text.pvTaskIncrementMutexHeldCount
                0x000000001c00b912       0x18 /home/bitcraze/Desktop/IAA_Labs/lab4/gap8/BUILD/GAP8_V2/GCC_RISCV_FREERTOS//home/bitcraze/projects/gap_sdk/rtos/freeRTOS/freertos_kernel/tasks.o
                0x000000001c00b912                pvTaskIncrementMutexHeldCount
 .text.ulTaskGenericNotifyTake
                0x000000001c00b92a       0xf8 /home/bitcraze/Desktop/IAA_Labs/lab4/gap8/BUILD/GAP8_V2/GCC_RISCV_FREERTOS//home/bitcraze/projects/gap_sdk/rtos/freeRTOS/freertos_kernel/tasks.o
                0x000000001c00b92a                ulTaskGenericNotifyTake
 .text.vTaskGenericNotifyGiveFromISR
                0x000000001c00ba22       0xc0 /home/bitcraze/Desktop/IAA_Labs/lab4/gap8/BUILD/GAP8_V2/GCC_RISCV_FREERTOS//home/bitcraze/projects/gap_sdk/rtos/freeRTOS/freertos_kernel/tasks.o
                0x000000001c00ba22                vTaskGenericNotifyGiveFromISR
 .text.prvTimerTask
                0x000000001c00bae2      0x35e /home/bitcraze/Desktop/IAA_Labs/lab4/gap8/BUILD/GAP8_V2/GCC_RISCV_FREERTOS//home/bitcraze/projects/gap_sdk/rtos/freeRTOS/freertos_kernel/timers.o
 .text.xTimerCreateTimerTask
                0x000000001c00be40       0xc2 /home/bitcraze/Desktop/IAA_Labs/lab4/gap8/BUILD/GAP8_V2/GCC_RISCV_FREERTOS//home/bitcraze/projects/gap_sdk/rtos/freeRTOS/freertos_kernel/timers.o
                0x000000001c00be40                xTimerCreateTimerTask
 .text.xTimerPendFunctionCallFromISR
                0x000000001c00bf02       0x28 /home/bitcraze/Desktop/IAA_Labs/lab4/gap8/BUILD/GAP8_V2/GCC_RISCV_FREERTOS//home/bitcraze/projects/gap_sdk/rtos/freeRTOS/freertos_kernel/timers.o
                0x000000001c00bf02                xTimerPendFunctionCallFromISR
 .text.xEventGroupCreate
                0x000000001c00bf2a       0x26 /home/bitcraze/Desktop/IAA_Labs/lab4/gap8/BUILD/GAP8_V2/GCC_RISCV_FREERTOS//home/bitcraze/projects/gap_sdk/rtos/freeRTOS/freertos_kernel/event_groups.o
                0x000000001c00bf2a                xEventGroupCreate
 .text.xEventGroupWaitBits
                0x000000001c00bf50       0xdc /home/bitcraze/Desktop/IAA_Labs/lab4/gap8/BUILD/GAP8_V2/GCC_RISCV_FREERTOS//home/bitcraze/projects/gap_sdk/rtos/freeRTOS/freertos_kernel/event_groups.o
                0x000000001c00bf50                xEventGroupWaitBits
 .text.xEventGroupSetBits
                0x000000001c00c02c       0x9a /home/bitcraze/Desktop/IAA_Labs/lab4/gap8/BUILD/GAP8_V2/GCC_RISCV_FREERTOS//home/bitcraze/projects/gap_sdk/rtos/freeRTOS/freertos_kernel/event_groups.o
                0x000000001c00c02c                xEventGroupSetBits
 .text.vEventGroupSetBitsCallback
                0x000000001c00c0c6       0x96 /home/bitcraze/Desktop/IAA_Labs/lab4/gap8/BUILD/GAP8_V2/GCC_RISCV_FREERTOS//home/bitcraze/projects/gap_sdk/rtos/freeRTOS/freertos_kernel/event_groups.o
                0x000000001c00c0c6                vEventGroupSetBitsCallback
 .text.vApplicationIdleHook
                0x000000001c00c15c       0x16 /home/bitcraze/Desktop/IAA_Labs/lab4/gap8/BUILD/GAP8_V2/GCC_RISCV_FREERTOS//home/bitcraze/projects/gap_sdk/rtos/freeRTOS/demos/gwt/config/gap8/FreeRTOS_util.o
                0x000000001c00c15c                vApplicationIdleHook
 .text.vApplicationGetIdleTaskMemory
                0x000000001c00c172       0x18 /home/bitcraze/Desktop/IAA_Labs/lab4/gap8/BUILD/GAP8_V2/GCC_RISCV_FREERTOS//home/bitcraze/projects/gap_sdk/rtos/freeRTOS/demos/gwt/config/gap8/FreeRTOS_util.o
                0x000000001c00c172                vApplicationGetIdleTaskMemory
 .text.vApplicationGetTimerTaskMemory
                0x000000001c00c18a       0x1c /home/bitcraze/Desktop/IAA_Labs/lab4/gap8/BUILD/GAP8_V2/GCC_RISCV_FREERTOS//home/bitcraze/projects/gap_sdk/rtos/freeRTOS/demos/gwt/config/gap8/FreeRTOS_util.o
                0x000000001c00c18a                vApplicationGetTimerTaskMemory
                0x000000001c00c1a8                . = ALIGN (0x4)
 *fill*         0x000000001c00c1a6        0x2 
                0x000000001c00c1a8                __cluster_text_start = .
 *(.cluster.text)
 *(.cluster.text.*)
                0x000000001c00c1a8                __cluster_text_end = .
                0x000000001c00c1a8                _etext = .
 *(.lit)
 *(.shdata)
                0x000000001c00c1a8                _endtext = .

.ctors          0x000000001c00c1a8        0x0
                0x000000001c00c1a8                . = ALIGN (0x4)
                0x000000001c00c1a8                __CTOR_LIST__ = .
 *crtbegin.o(.ctors)
 *crtbegin?.o(.ctors)
 *(EXCLUDE_FILE(*crtend.o *crtend?.o) .ctors)
 *(SORT(.ctors.*))
 *(.ctors)
                0x000000001c00c1a8                __CTOR_END__ = .

.dtors          0x000000001c00c1a8        0x0
                0x000000001c00c1a8                . = ALIGN (0x4)
                0x000000001c00c1a8                __DTOR_LIST__ = .
 *crtbegin.o(.dtors)
 *crtbegin?.o(.dtors)
 *(EXCLUDE_FILE(*crtend.o *crtend?.o) .dtors)
 *(SORT(.dtors.*))
 *(.dtors)
                0x000000001c00c1a8                __DTOR_END__ = .

.preinit_array  0x000000001c00c1a8        0x0
                [!provide]                        PROVIDE (__preinit_array_start, .)
 *(.preinit_array*)
                [!provide]                        PROVIDE (__preinit_array_end, .)

.init_array     0x000000001c00c1a8        0x0
                [!provide]                        PROVIDE (__init_array_start, .)
 *(SORT(.init_array.*))
 *(.init_array*)
                [!provide]                        PROVIDE (__init_array_end, .)

.fini_array     0x000000001c00c1a8        0x0
                [!provide]                        PROVIDE (__fini_array_start, .)
 *(SORT(.fini_array.*))
 *(.fini_array*)
                [!provide]                        PROVIDE (__fini_array_end, .)

.rodata         0x000000001c00c1a8      0x650
                0x000000001c00c1a8                . = ALIGN (0x4)
 *(.rodata)
 .rodata        0x000000001c00c1a8       0x3c /usr/lib/gap_riscv_toolchain/bin/../lib/gcc/riscv32-unknown-elf/7.1.1/rv32imcxgap8/ilp32/libgcc.a(divdf3.o)
 .rodata        0x000000001c00c1e4       0x3c /usr/lib/gap_riscv_toolchain/bin/../lib/gcc/riscv32-unknown-elf/7.1.1/rv32imcxgap8/ilp32/libgcc.a(muldf3.o)
 *(.rodata.*)
 .rodata.camera_task.cst4
                0x000000001c00c220        0x4 /home/bitcraze/Desktop/IAA_Labs/lab4/gap8/BUILD/GAP8_V2/GCC_RISCV_FREERTOS/src/stm_gap8_cpx.o
 .rodata.camera_task.str1.4
                0x000000001c00c224       0xc6 /home/bitcraze/Desktop/IAA_Labs/lab4/gap8/BUILD/GAP8_V2/GCC_RISCV_FREERTOS/src/stm_gap8_cpx.o
 *fill*         0x000000001c00c2ea        0x2 
 .rodata.rx_task.str1.4
                0x000000001c00c2ec       0x43 /home/bitcraze/Desktop/IAA_Labs/lab4/gap8/BUILD/GAP8_V2/GCC_RISCV_FREERTOS/src/stm_gap8_cpx.o
 *fill*         0x000000001c00c32f        0x1 
 .rodata.start_example.str1.4
                0x000000001c00c330       0xde /home/bitcraze/Desktop/IAA_Labs/lab4/gap8/BUILD/GAP8_V2/GCC_RISCV_FREERTOS/src/stm_gap8_cpx.o
 *fill*         0x000000001c00c40e        0x2 
 .rodata.com_init.str1.4
                0x000000001c00c410       0x35 /home/bitcraze/Desktop/IAA_Labs/lab4/gap8/BUILD/GAP8_V2/GCC_RISCV_FREERTOS/lib/cpx/src/com.o
 *fill*         0x000000001c00c445        0x3 
 .rodata.cpxInit.str1.4
                0x000000001c00c448       0x22 /home/bitcraze/Desktop/IAA_Labs/lab4/gap8/BUILD/GAP8_V2/GCC_RISCV_FREERTOS/lib/cpx/src/cpx.o
                                         0x2a (size before relaxing)
 *fill*         0x000000001c00c46a        0x2 
 .rodata.cpx_rx_task.str1.4
                0x000000001c00c46c       0x20 /home/bitcraze/Desktop/IAA_Labs/lab4/gap8/BUILD/GAP8_V2/GCC_RISCV_FREERTOS/lib/cpx/src/cpx.o
 .rodata.jpeg_encoder_header.cst4
                0x000000001c00c48c       0x18 /home/bitcraze/Desktop/IAA_Labs/lab4/gap8/BUILD/GAP8_V2/GCC_RISCV_FREERTOS//home/bitcraze/projects/gap_sdk/libs/gap_lib/jpeg/jpeg_encoder.o
 .rodata.__pi_i2c_open.cst4
                0x000000001c00c4a4        0x4 /home/bitcraze/Desktop/IAA_Labs/lab4/gap8/BUILD/GAP8_V2/GCC_RISCV_FREERTOS//home/bitcraze/projects/gap_sdk/rtos/freeRTOS/vendors/gwt/gap8/pmsis/drivers/udma/i2c/i2c_internal.o
 .rodata.__func__.11126