Archive member included to satisfy reference by file (symbol)

/usr/lib/gap_riscv_toolchain/bin/../lib/gcc/riscv32-unknown-elf/7.1.1/rv32imcxgap8/ilp32/libgcc.a(_bswapsi2.o)
                              /media/sf_Projets_HEIG/BA6/IAA/IAA_Labs/lab3/code/gap8/BUILD/GAP8_V2/GCC_RISCV_FREERTOS//home/bitcraze/projects/gap_sdk/rtos/pmsis/bsp/fs/lfs/lfs.o (__bswapsi2)
/usr/lib/gap_riscv_toolchain/bin/../lib/gcc/riscv32-unknown-elf/7.1.1/rv32imcxgap8/ilp32/libgcc.a(_udivdi3.o)
                              /media/sf_Projets_HEIG/BA6/IAA/IAA_Labs/lab3/code/gap8/BUILD/GAP8_V2/GCC_RISCV_FREERTOS//home/bitcraze/projects/gap_sdk/rtos/freeRTOS/vendors/gwt/pmsis/backend/pmsis_backend_native_task_api.o (__udivdi3)
/usr/lib/gap_riscv_toolchain/bin/../lib/gcc/riscv32-unknown-elf/7.1.1/rv32imcxgap8/ilp32/libgcc.a(adddf3.o)
                              /media/sf_Projets_HEIG/BA6/IAA/IAA_Labs/lab3/code/gap8/BUILD/GAP8_V2/GCC_RISCV_FREERTOS//home/bitcraze/projects/gap_sdk/rtos/freeRTOS/vendors/gwt/libs/printf/printf.o (__adddf3)
/usr/lib/gap_riscv_toolchain/bin/../lib/gcc/riscv32-unknown-elf/7.1.1/rv32imcxgap8/ilp32/libgcc.a(divdf3.o)
                              /media/sf_Projets_HEIG/BA6/IAA/IAA_Labs/lab3/code/gap8/BUILD/GAP8_V2/GCC_RISCV_FREERTOS//home/bitcraze/projects/gap_sdk/rtos/freeRTOS/vendors/gwt/libs/printf/printf.o (__divdf3)
/usr/lib/gap_riscv_toolchain/bin/../lib/gcc/riscv32-unknown-elf/7.1.1/rv32imcxgap8/ilp32/libgcc.a(eqdf2.o)
                              /media/sf_Projets_HEIG/BA6/IAA/IAA_Labs/lab3/code/gap8/BUILD/GAP8_V2/GCC_RISCV_FREERTOS//home/bitcraze/projects/gap_sdk/rtos/freeRTOS/vendors/gwt/libs/printf/printf.o (__nedf2)
/usr/lib/gap_riscv_toolchain/bin/../lib/gcc/riscv32-unknown-elf/7.1.1/rv32imcxgap8/ilp32/libgcc.a(gedf2.o)
                              /media/sf_Projets_HEIG/BA6/IAA/IAA_Labs/lab3/code/gap8/BUILD/GAP8_V2/GCC_RISCV_FREERTOS//home/bitcraze/projects/gap_sdk/rtos/freeRTOS/vendors/gwt/libs/printf/printf.o (__gedf2)
/usr/lib/gap_riscv_toolchain/bin/../lib/gcc/riscv32-unknown-elf/7.1.1/rv32imcxgap8/ilp32/libgcc.a(ledf2.o)
                              /media/sf_Projets_HEIG/BA6/IAA/IAA_Labs/lab3/code/gap8/BUILD/GAP8_V2/GCC_RISCV_FREERTOS//home/bitcraze/projects/gap_sdk/rtos/freeRTOS/vendors/gwt/libs/printf/printf.o (__ltdf2)
/usr/lib/gap_riscv_toolchain/bin/../lib/gcc/riscv32-unknown-elf/7.1.1/rv32imcxgap8/ilp32/libgcc.a(muldf3.o)
                              /media/sf_Projets_HEIG/BA6/IAA/IAA_Labs/lab3/code/gap8/BUILD/GAP8_V2/GCC_RISCV_FREERTOS//home/bitcraze/projects/gap_sdk/rtos/freeRTOS/vendors/gwt/libs/printf/printf.o (__muldf3)
/usr/lib/gap_riscv_toolchain/bin/../lib/gcc/riscv32-unknown-elf/7.1.1/rv32imcxgap8/ilp32/libgcc.a(subdf3.o)
                              /media/sf_Projets_HEIG/BA6/IAA/IAA_Labs/lab3/code/gap8/BUILD/GAP8_V2/GCC_RISCV_FREERTOS//home/bitcraze/projects/gap_sdk/rtos/freeRTOS/vendors/gwt/libs/printf/printf.o (__subdf3)
/usr/lib/gap_riscv_toolchain/bin/../lib/gcc/riscv32-unknown-elf/7.1.1/rv32imcxgap8/ilp32/libgcc.a(fixdfsi.o)
                              /media/sf_Projets_HEIG/BA6/IAA/IAA_Labs/lab3/code/gap8/BUILD/GAP8_V2/GCC_RISCV_FREERTOS//home/bitcraze/projects/gap_sdk/rtos/freeRTOS/vendors/gwt/libs/printf/printf.o (__fixdfsi)
/usr/lib/gap_riscv_toolchain/bin/../lib/gcc/riscv32-unknown-elf/7.1.1/rv32imcxgap8/ilp32/libgcc.a(fixunsdfsi.o)
                              /media/sf_Projets_HEIG/BA6/IAA/IAA_Labs/lab3/code/gap8/BUILD/GAP8_V2/GCC_RISCV_FREERTOS//home/bitcraze/projects/gap_sdk/rtos/freeRTOS/vendors/gwt/libs/printf/printf.o (__fixunsdfsi)
/usr/lib/gap_riscv_toolchain/bin/../lib/gcc/riscv32-unknown-elf/7.1.1/rv32imcxgap8/ilp32/libgcc.a(floatsidf.o)
                              /media/sf_Projets_HEIG/BA6/IAA/IAA_Labs/lab3/code/gap8/BUILD/GAP8_V2/GCC_RISCV_FREERTOS//home/bitcraze/projects/gap_sdk/rtos/freeRTOS/vendors/gwt/libs/printf/printf.o (__floatsidf)
/usr/lib/gap_riscv_toolchain/bin/../lib/gcc/riscv32-unknown-elf/7.1.1/rv32imcxgap8/ilp32/libgcc.a(floatunsidf.o)
                              /media/sf_Projets_HEIG/BA6/IAA/IAA_Labs/lab3/code/gap8/BUILD/GAP8_V2/GCC_RISCV_FREERTOS//home/bitcraze/projects/gap_sdk/rtos/freeRTOS/vendors/gwt/libs/printf/printf.o (__floatunsidf)
/usr/lib/gap_riscv_toolchain/bin/../lib/gcc/riscv32-unknown-elf/7.1.1/rv32imcxgap8/ilp32/libgcc.a(divsf3.o)
                              /media/sf_Projets_HEIG/BA6/IAA/IAA_Labs/lab3/code/gap8/BUILD/GAP8_V2/GCC_RISCV_FREERTOS//home/bitcraze/projects/gap_sdk/rtos/freeRTOS/vendors/gwt/gap8/pmsis/drivers/timer/timer.o (__divsf3)
/usr/lib/gap_riscv_toolchain/bin/../lib/gcc/riscv32-unknown-elf/7.1.1/rv32imcxgap8/ilp32/libgcc.a(mulsf3.o)
                              /media/sf_Projets_HEIG/BA6/IAA/IAA_Labs/lab3/code/gap8/BUILD/GAP8_V2/GCC_RISCV_FREERTOS//home/bitcraze/projects/gap_sdk/rtos/freeRTOS/vendors/gwt/gap8/pmsis/drivers/timer/timer.o (__mulsf3)
/usr/lib/gap_riscv_toolchain/bin/../lib/gcc/riscv32-unknown-elf/7.1.1/rv32imcxgap8/ilp32/libgcc.a(fixunssfsi.o)
[...]
Memory Configuration

Name             Origin             Length             Attributes
FC_tcdm          0x000000001b000000 0x0000000000004000
fc_tcdm_aliased  0x0000000000000004 0x0000000000003ffc
L2               0x000000001c000000 0x0000000000080000
L1_sram          0x0000000010000000 0x0000000000010000
*default*        0x0000000000000000 0xffffffffffffffff

Linker script and memory map

LOAD /media/sf_Projets_HEIG/BA6/IAA/IAA_Labs/lab3/code/gap8/BUILD/GAP8_V2/GCC_RISCV_FREERTOS/iaa_lab3.o
LOAD /media/sf_Projets_HEIG/BA6/IAA/IAA_Labs/lab3/code/gap8/BUILD/GAP8_V2/GCC_RISCV_FREERTOS/lib/cpx/src/cpx.o
LOAD /media/sf_Projets_HEIG/BA6/IAA/IAA_Labs/lab3/code/gap8/BUILD/GAP8_V2/GCC_RISCV_FREERTOS/lib/cpx/src/com.o
LOAD /media/sf_Projets_HEIG/BA6/IAA/IAA_Labs/lab3/code/gap8/BUILD/GAP8_V2/GCC_RISCV_FREERTOS//home/bitcraze/projects/gap_sdk/rtos/freeRTOS/vendors/gwt/gap8/src/device/gap8_iet.o
LOAD /media/sf_Projets_HEIG/BA6/IAA/IAA_Labs/lab3/code/gap8/BUILD/GAP8_V2/GCC_RISCV_FREERTOS//home/bitcraze/projects/gap_sdk/rtos/freeRTOS/vendors/gwt/gap8/src/device/startup_gap8.o
LOAD /media/sf_Projets_HEIG/BA6/IAA/IAA_Labs/lab3/code/gap8/BUILD/GAP8_V2/GCC_RISCV_FREERTOS//home/bitcraze/projects/gap_sdk/rtos/freeRTOS/vendors/gwt/gap8/pmsis/cluster/drivers/cluster_synchronisation/cluster_core.o
LOAD /media/sf_Projets_HEIG/BA6/IAA/IAA_Labs/lab3/code/gap8/BUILD/GAP8_V2/GCC_RISCV_FREERTOS//home/bitcraze/projects/gap_sdk/rtos/freeRTOS/vendors/gwt/gap8/pmsis/util/asm_util.o
LOAD /media/sf_Projets_HEIG/BA6/IAA/IAA_Labs/lab3/code/gap8/BUILD/GAP8_V2/GCC_RISCV_FREERTOS//home/bitcraze/projects/gap_sdk/rtos/freeRTOS/freertos_kernel/portable/GCC/RI5CY-GAP8/port_asm.o
LOAD /media/sf_Projets_HEIG/BA6/IAA/IAA_Labs/lab3/code/gap8/BUILD/GAP8_V2/GCC_RISCV_FREERTOS//home/bitcraze/projects/gap_sdk/rtos/freeRTOS/vendors/gwt/gap8/src/device/gap8_it.o
LOAD /media/sf_Projets_HEIG/BA6/IAA/IAA_Labs/lab3/code/gap8/BUILD/GAP8_V2/GCC_RISCV_FREERTOS//home/bitcraze/projects/gap_sdk/rtos/freeRTOS/vendors/gwt/gap8/src/device/system_gap8.o
LOAD /media/sf_Projets_HEIG/BA6/IAA/IAA_Labs/lab3/code/gap8/BUILD/GAP8_V2/GCC_RISCV_FREERTOS//home/bitcraze/projects/gap_sdk/rtos/freeRTOS/vendors/gwt/gap8/src/driver/gap_io.o
LOAD /media/sf_Projets_HEIG/BA6/IAA/IAA_Labs/lab3/code/gap8/BUILD/GAP8_V2/GCC_RISCV_FREERTOS//home/bitcraze/projects/gap_sdk/rtos/freeRTOS/vendors/gwt/libs/src/stdlib.o
LOAD /media/sf_Projets_HEIG/BA6/IAA/IAA_Labs/lab3/code/gap8/BUILD/GAP8_V2/GCC_RISCV_FREERTOS//home/bitcraze/projects/gap_sdk/rtos/freeRTOS/vendors/gwt/libs/src/string.o
LOAD /media/sf_Projets_HEIG/BA6/IAA/IAA_Labs/lab3/code/gap8/BUILD/GAP8_V2/GCC_RISCV_FREERTOS//home/bitcraze/projects/gap_sdk/rtos/freeRTOS/vendors/gwt/libs/src/errno.o
LOAD /media/sf_Projets_HEIG/BA6/IAA/IAA_Labs/lab3/code/gap8/BUILD/GAP8_V2/GCC_RISCV_FREERTOS//home/bitcraze/projects/gap_sdk/rtos/freeRTOS/vendors/gwt/gap8/pmsis/cluster/malloc/cl_malloc.o
LOAD /media/sf_Projets_HEIG/BA6/IAA/IAA_Labs/lab3/code/gap8/BUILD/GAP8_V2/GCC_RISCV_FREERTOS//home/bitcraze/projects/gap_sdk/rtos/freeRTOS/vendors/gwt/gap8/pmsis/cluster/drivers/cluster_synchronisation/cl_to_fc_delegate.o
LOAD /media/sf_Projets_HEIG/BA6/IAA/IAA_Labs/lab3/code/gap8/BUILD/GAP8_V2/GCC_RISCV_FREERTOS//home/bitcraze/projects/gap_sdk/rtos/freeRTOS/vendors/gwt/gap8/pmsis/cluster/drivers/cluster_synchronisation/fc_to_cl_delegate.o
LOAD /media/sf_Projets_HEIG/BA6/IAA/IAA_Labs/lab3/code/gap8/BUILD/GAP8_V2/GCC_RISCV_FREERTOS//home/bitcraze/projects/gap_sdk/rtos/freeRTOS/vendors/gwt/gap8/pmsis/cluster/drivers/cluster_team/cl_team.o
LOAD /media/sf_Projets_HEIG/BA6/IAA/IAA_Labs/lab3/code/gap8/BUILD/GAP8_V2/GCC_RISCV_FREERTOS//home/bitcraze/projects/gap_sdk/rtos/freeRTOS/vendors/gwt/gap8/pmsis/cluster/drivers/delegate/hyperbus/hyperbus_cl_internal.o
LOAD /media/sf_Projets_HEIG/BA6/IAA/IAA_Labs/lab3/code/gap8/BUILD/GAP8_V2/GCC_RISCV_FREERTOS//home/bitcraze/projects/gap_sdk/rtos/freeRTOS/vendors/gwt/gap8/pmsis/cluster/drivers/delegate/uart/uart_cl_internal.o
LOAD /media/sf_Projets_HEIG/BA6/IAA/IAA_Labs/lab3/code/gap8/BUILD/GAP8_V2/GCC_RISCV_FREERTOS//home/bitcraze/projects/gap_sdk/rtos/freeRTOS/vendors/gwt/gap8/pmsis/cluster/drivers/dma/cl_dma_irq.o
LOAD /media/sf_Projets_HEIG/BA6/IAA/IAA_Labs/lab3/code/gap8/BUILD/GAP8_V2/GCC_RISCV_FREERTOS//home/bitcraze/projects/gap_sdk/rtos/freeRTOS/vendors/gwt/gap8/pmsis/drivers/fc_event/fc_event.o
LOAD /media/sf_Projets_HEIG/BA6/IAA/IAA_Labs/lab3/code/gap8/BUILD/GAP8_V2/GCC_RISCV_FREERTOS//home/bitcraze/projects/gap_sdk/rtos/freeRTOS/vendors/gwt/gap8/pmsis/drivers/fll/fll.o
LOAD /media/sf_Projets_HEIG/BA6/IAA/IAA_Labs/lab3/code/gap8/BUILD/GAP8_V2/GCC_RISCV_FREERTOS//home/bitcraze/projects/gap_sdk/rtos/freeRTOS/vendors/gwt/gap8/pmsis/drivers/gpio/gpio.o
LOAD /media/sf_Projets_HEIG/BA6/IAA/IAA_Labs/lab3/code/gap8/BUILD/GAP8_V2/GCC_RISCV_FREERTOS//home/bitcraze/projects/gap_sdk/rtos/freeRTOS/vendors/gwt/gap8/pmsis/drivers/pad/pad.o
LOAD /media/sf_Projets_HEIG/BA6/IAA/IAA_Labs/lab3/code/gap8/BUILD/GAP8_V2/GCC_RISCV_FREERTOS//home/bitcraze/projects/gap_sdk/rtos/freeRTOS/vendors/gwt/gap8/pmsis/drivers/pmu/pmu.o
LOAD /media/sf_Projets_HEIG/BA6/IAA/IAA_Labs/lab3/code/gap8/BUILD/GAP8_V2/GCC_RISCV_FREERTOS//home/bitcraze/projects/gap_sdk/rtos/freeRTOS/vendors/gwt/gap8/pmsis/drivers/pmu/pmu_internal.o
LOAD /media/sf_Projets_HEIG/BA6/IAA/IAA_Labs/lab3/code/gap8/BUILD/GAP8_V2/GCC_RISCV_FREERTOS//home/bitcraze/projects/gap_sdk/rtos/freeRTOS/vendors/gwt/gap8/pmsis/drivers/pwm/pwm.o
LOAD /media/sf_Projets_HEIG/BA6/IAA/IAA_Labs/lab3/code/gap8/BUILD/GAP8_V2/GCC_RISCV_FREERTOS//home/bitcraze/projects/gap_sdk/rtos/freeRTOS/vendors/gwt/gap8/pmsis/drivers/pwm/pwm_internal.o
LOAD /media/sf_Projets_HEIG/BA6/IAA/IAA_Labs/lab3/code/gap8/BUILD/GAP8_V2/GCC_RISCV_FREERTOS//home/bitcraze/projects/gap_sdk/rtos/freeRTOS/vendors/gwt/gap8/pmsis/drivers/rtc/rtc.o
LOAD /media/sf_Projets_HEIG/BA6/IAA/IAA_Labs/lab3/code/gap8/BUILD/GAP8_V2/GCC_RISCV_FREERTOS//home/bitcraze/projects/gap_sdk/rtos/freeRTOS/vendors/gwt/gap8/pmsis/drivers/rtc/rtc_internal.o
LOAD /media/sf_Projets_HEIG/BA6/IAA/IAA_Labs/lab3/code/gap8/BUILD/GAP8_V2/GCC_RISCV_FREERTOS//home/bitcraze/projects/gap_sdk/rtos/freeRTOS/vendors/gwt/gap8/pmsis/drivers/timer/timer.o
LOAD /media/sf_Projets_HEIG/BA6/IAA/IAA_Labs/lab3/code/gap8/BUILD/GAP8_V2/GCC_RISCV_FREERTOS//home/bitcraze/projects/gap_sdk/rtos/freeRTOS/vendors/gwt/gap8/pmsis/drivers/udma/hyperbus/hyperbus.o
LOAD /media/sf_Projets_HEIG/BA6/IAA/IAA_Labs/lab3/code/gap8/BUILD/GAP8_V2/GCC_RISCV_FREERTOS//home/bitcraze/projects/gap_sdk/rtos/freeRTOS/vendors/gwt/gap8/pmsis/drivers/udma/hyperbus/hyperbus_internal.o
LOAD /media/sf_Projets_HEIG/BA6/IAA/IAA_Labs/lab3/code/gap8/BUILD/GAP8_V2/GCC_RISCV_FREERTOS//home/bitcraze/projects/gap_sdk/rtos/freeRTOS/vendors/gwt/gap8/pmsis/drivers/udma/cpi/cpi.o
LOAD /media/sf_Projets_HEIG/BA6/IAA/IAA_Labs/lab3/code/gap8/BUILD/GAP8_V2/GCC_RISCV_FREERTOS//home/bitcraze/projects/gap_sdk/rtos/freeRTOS/vendors/gwt/gap8/pmsis/drivers/udma/cpi/cpi_internal.o
LOAD /media/sf_Projets_HEIG/BA6/IAA/IAA_Labs/lab3/code/gap8/BUILD/GAP8_V2/GCC_RISCV_FREERTOS//home/bitcraze/projects/gap_sdk/rtos/freeRTOS/vendors/gwt/gap8/pmsis/drivers/udma/dmacpy/dmacpy.o
LOAD /media/sf_Projets_HEIG/BA6/IAA/IAA_Labs/lab3/code/gap8/BUILD/GAP8_V2/GCC_RISCV_FREERTOS//home/bitcraze/projects/gap_sdk/rtos/freeRTOS/vendors/gwt/gap8/pmsis/drivers/udma/dmacpy/dmacpy_internal.o
LOAD /media/sf_Projets_HEIG/BA6/IAA/IAA_Labs/lab3/code/gap8/BUILD/GAP8_V2/GCC_RISCV_FREERTOS//home/bitcraze/projects/gap_sdk/rtos/freeRTOS/vendors/gwt/gap8/pmsis/drivers/udma/i2c/i2c.o
LOAD /media/sf_Projets_HEIG/BA6/IAA/IAA_Labs/lab3/code/gap8/BUILD/GAP8_V2/GCC_RISCV_FREERTOS//home/bitcraze/projects/gap_sdk/rtos/freeRTOS/vendors/gwt/gap8/pmsis/drivers/udma/i2c/i2c_internal.o
LOAD /media/sf_Projets_HEIG/BA6/IAA/IAA_Labs/lab3/code/gap8/BUILD/GAP8_V2/GCC_RISCV_FREERTOS//home/bitcraze/projects/gap_sdk/rtos/freeRTOS/vendors/gwt/gap8/pmsis/drivers/udma/i2s/i2s.o
LOAD /media/sf_Projets_HEIG/BA6/IAA/IAA_Labs/lab3/code/gap8/BUILD/GAP8_V2/GCC_RISCV_FREERTOS//home/bitcraze/projects/gap_sdk/rtos/freeRTOS/vendors/gwt/gap8/pmsis/drivers/udma/i2s/i2s_internal.o
LOAD /media/sf_Projets_HEIG/BA6/IAA/IAA_Labs/lab3/code/gap8/BUILD/GAP8_V2/GCC_RISCV_FREERTOS//home/bitcraze/projects/gap_sdk/rtos/freeRTOS/vendors/gwt/gap8/pmsis/drivers/udma/spi/spi.o
LOAD /media/sf_Projets_HEIG/BA6/IAA/IAA_Labs/lab3/code/gap8/BUILD/GAP8_V2/GCC_RISCV_FREERTOS//home/bitcraze/projects/gap_sdk/rtos/freeRTOS/vendors/gwt/gap8/pmsis/drivers/udma/spi/spi_internal.o
LOAD /media/sf_Projets_HEIG/BA6/IAA/IAA_Labs/lab3/code/gap8/BUILD/GAP8_V2/GCC_RISCV_FREERTOS//home/bitcraze/projects/gap_sdk/rtos/freeRTOS/vendors/gwt/gap8/pmsis/drivers/udma/uart/uart.o
LOAD /media/sf_Projets_HEIG/BA6/IAA/IAA_Labs/lab3/code/gap8/BUILD/GAP8_V2/GCC_RISCV_FREERTOS//home/bitcraze/projects/gap_sdk/rtos/freeRTOS/vendors/gwt/gap8/pmsis/drivers/udma/uart/uart_internal.o
LOAD /media/sf_Projets_HEIG/BA6/IAA/IAA_Labs/lab3/code/gap8/BUILD/GAP8_V2/GCC_RISCV_FREERTOS//home/bitcraze/projects/gap_sdk/rtos/pmsis/bsp/flash/flash.o
LOAD /media/sf_Projets_HEIG/BA6/IAA/IAA_Labs/lab3/code/gap8/BUILD/GAP8_V2/GCC_RISCV_FREERTOS//home/bitcraze/projects/gap_sdk/rtos/pmsis/bsp/partition/partition.o
LOAD /media/sf_Projets_HEIG/BA6/IAA/IAA_Labs/lab3/code/gap8/BUILD/GAP8_V2/GCC_RISCV_FREERTOS//home/bitcraze/projects/gap_sdk/rtos/pmsis/bsp/partition/flash_partition.o
LOAD /media/sf_Projets_HEIG/BA6/IAA/IAA_Labs/lab3/code/gap8/BUILD/GAP8_V2/GCC_RISCV_FREERTOS//home/bitcraze/projects/gap_sdk/rtos/pmsis/bsp/crc/md5.o
LOAD /media/sf_Projets_HEIG/BA6/IAA/IAA_Labs/lab3/code/gap8/BUILD/GAP8_V2/GCC_RISCV_FREERTOS//home/bitcraze/projects/gap_sdk/rtos/pmsis/bsp/fs/fs.o
LOAD /media/sf_Projets_HEIG/BA6/IAA/IAA_Labs/lab3/code/gap8/BUILD/GAP8_V2/GCC_RISCV_FREERTOS//home/bitcraze/projects/gap_sdk/rtos/pmsis/bsp/fs/lfs/lfs.o
LOAD /media/sf_Projets_HEIG/BA6/IAA/IAA_Labs/lab3/code/gap8/BUILD/GAP8_V2/GCC_RISCV_FREERTOS//home/bitcraze/projects/gap_sdk/rtos/pmsis/bsp/fs/lfs/lfs_util.o
LOAD /media/sf_Projets_HEIG/BA6/IAA/IAA_Labs/lab3/code/gap8/BUILD/GAP8_V2/GCC_RISCV_FREERTOS//home/bitcraze/projects/gap_sdk/rtos/pmsis/bsp/fs/lfs/pi_lfs.o
LOAD /media/sf_Projets_HEIG/BA6/IAA/IAA_Labs/lab3/code/gap8/BUILD/GAP8_V2/GCC_RISCV_FREERTOS//home/bitcraze/projects/gap_sdk/rtos/pmsis/bsp/fs/read_fs/read_fs.o
LOAD /media/sf_Projets_HEIG/BA6/IAA/IAA_Labs/lab3/code/gap8/BUILD/GAP8_V2/GCC_RISCV_FREERTOS//home/bitcraze/projects/gap_sdk/rtos/pmsis/bsp/fs/host_fs/host_fs.o
LOAD /media/sf_Projets_HEIG/BA6/IAA/IAA_Labs/lab3/code/gap8/BUILD/GAP8_V2/GCC_RISCV_FREERTOS//home/bitcraze/projects/gap_sdk/rtos/pmsis/bsp/ota/ota.o
LOAD /media/sf_Projets_HEIG/BA6/IAA/IAA_Labs/lab3/code/gap8/BUILD/GAP8_V2/GCC_RISCV_FREERTOS//home/bitcraze/projects/gap_sdk/rtos/pmsis/bsp/ota/ota_utility.o
LOAD /media/sf_Projets_HEIG/BA6/IAA/IAA_Labs/lab3/code/gap8/BUILD/GAP8_V2/GCC_RISCV_FREERTOS//home/bitcraze/projects/gap_sdk/rtos/pmsis/bsp/ota/updater.o
LOAD /media/sf_Projets_HEIG/BA6/IAA/IAA_Labs/lab3/code/gap8/BUILD/GAP8_V2/GCC_RISCV_FREERTOS//home/bitcraze/projects/gap_sdk/rtos/pmsis/bsp/bootloader/bootloader_utility.o
LOAD /media/sf_Projets_HEIG/BA6/IAA/IAA_Labs/lab3/code/gap8/BUILD/GAP8_V2/GCC_RISCV_FREERTOS//home/bitcraze/projects/gap_sdk/rtos/pmsis/bsp/bsp/ai_deck.o
LOAD /media/sf_Projets_HEIG/BA6/IAA/IAA_Labs/lab3/code/gap8/BUILD/GAP8_V2/GCC_RISCV_FREERTOS//home/bitcraze/projects/gap_sdk/rtos/pmsis/bsp/camera/camera.o
LOAD /media/sf_Projets_HEIG/BA6/IAA/IAA_Labs/lab3/code/gap8/BUILD/GAP8_V2/GCC_RISCV_FREERTOS//home/bitcraze/projects/gap_sdk/rtos/pmsis/bsp/camera/himax/himax.o
LOAD /media/sf_Projets_HEIG/BA6/IAA/IAA_Labs/lab3/code/gap8/BUILD/GAP8_V2/GCC_RISCV_FREERTOS//home/bitcraze/projects/gap_sdk/rtos/pmsis/bsp/flash/hyperflash/hyperflash.o
LOAD /media/sf_Projets_HEIG/BA6/IAA/IAA_Labs/lab3/code/gap8/BUILD/GAP8_V2/GCC_RISCV_FREERTOS//home/bitcraze/projects/gap_sdk/rtos/pmsis/bsp/ram/hyperram/hyperram.o
LOAD /media/sf_Projets_HEIG/BA6/IAA/IAA_Labs/lab3/code/gap8/BUILD/GAP8_V2/GCC_RISCV_FREERTOS//home/bitcraze/projects/gap_sdk/rtos/pmsis/bsp/ram/spiram/spiram.o
LOAD /media/sf_Projets_HEIG/BA6/IAA/IAA_Labs/lab3/code/gap8/BUILD/GAP8_V2/GCC_RISCV_FREERTOS//home/bitcraze/projects/gap_sdk/rtos/pmsis/bsp/flash/spiflash/spiflash.o
LOAD /media/sf_Projets_HEIG/BA6/IAA/IAA_Labs/lab3/code/gap8/BUILD/GAP8_V2/GCC_RISCV_FREERTOS//home/bitcraze/projects/gap_sdk/rtos/pmsis/bsp/ram/ram.o
LOAD /media/sf_Projets_HEIG/BA6/IAA/IAA_Labs/lab3/code/gap8/BUILD/GAP8_V2/GCC_RISCV_FREERTOS//home/bitcraze/projects/gap_sdk/rtos/pmsis/bsp/ram/alloc_extern.o
LOAD /media/sf_Projets_HEIG/BA6/IAA/IAA_Labs/lab3/code/gap8/BUILD/GAP8_V2/GCC_RISCV_FREERTOS//home/bitcraze/projects/gap_sdk/rtos/freeRTOS/vendors/gwt/pmsis/rtos/pi_log.o
LOAD /media/sf_Projets_HEIG/BA6/IAA/IAA_Labs/lab3/code/gap8/BUILD/GAP8_V2/GCC_RISCV_FREERTOS//home/bitcraze/projects/gap_sdk/rtos/freeRTOS/vendors/gwt/pmsis/rtos/event_kernel/event_kernel.o
LOAD /media/sf_Projets_HEIG/BA6/IAA/IAA_Labs/lab3/code/gap8/BUILD/GAP8_V2/GCC_RISCV_FREERTOS//home/bitcraze/projects/gap_sdk/rtos/freeRTOS/vendors/gwt/pmsis/rtos/mem_slab/mem_slab.o
LOAD /media/sf_Projets_HEIG/BA6/IAA/IAA_Labs/lab3/code/gap8/BUILD/GAP8_V2/GCC_RISCV_FREERTOS//home/bitcraze/projects/gap_sdk/rtos/freeRTOS/vendors/gwt/pmsis/rtos/malloc/cl_l1_malloc.o
LOAD /media/sf_Projets_HEIG/BA6/IAA/IAA_Labs/lab3/code/gap8/BUILD/GAP8_V2/GCC_RISCV_FREERTOS//home/bitcraze/projects/gap_sdk/rtos/freeRTOS/vendors/gwt/pmsis/rtos/malloc/fc_l1_malloc.o
LOAD /media/sf_Projets_HEIG/BA6/IAA/IAA_Labs/lab3/code/gap8/BUILD/GAP8_V2/GCC_RISCV_FREERTOS//home/bitcraze/projects/gap_sdk/rtos/freeRTOS/vendors/gwt/pmsis/rtos/malloc/l2_malloc.o
LOAD /media/sf_Projets_HEIG/BA6/IAA/IAA_Labs/lab3/code/gap8/BUILD/GAP8_V2/GCC_RISCV_FREERTOS//home/bitcraze/projects/gap_sdk/rtos/freeRTOS/vendors/gwt/pmsis/rtos/malloc/malloc_external.o
LOAD /media/sf_Projets_HEIG/BA6/IAA/IAA_Labs/lab3/code/gap8/BUILD/GAP8_V2/GCC_RISCV_FREERTOS//home/bitcraze/projects/gap_sdk/rtos/freeRTOS/vendors/gwt/pmsis/rtos/malloc/malloc_internal.o
LOAD /media/sf_Projets_HEIG/BA6/IAA/IAA_Labs/lab3/code/gap8/BUILD/GAP8_V2/GCC_RISCV_FREERTOS//home/bitcraze/projects/gap_sdk/rtos/freeRTOS/vendors/gwt/pmsis/rtos/malloc/pi_malloc.o
LOAD /media/sf_Projets_HEIG/BA6/IAA/IAA_Labs/lab3/code/gap8/BUILD/GAP8_V2/GCC_RISCV_FREERTOS//home/bitcraze/projects/gap_sdk/rtos/freeRTOS/vendors/gwt/pmsis/rtos/os/device.o
LOAD /media/sf_Projets_HEIG/BA6/IAA/IAA_Labs/lab3/code/gap8/BUILD/GAP8_V2/GCC_RISCV_FREERTOS//home/bitcraze/projects/gap_sdk/rtos/freeRTOS/vendors/gwt/pmsis/rtos/os/pmsis_task.o
LOAD /media/sf_Projets_HEIG/BA6/IAA/IAA_Labs/lab3/code/gap8/BUILD/GAP8_V2/GCC_RISCV_FREERTOS//home/bitcraze/projects/gap_sdk/rtos/freeRTOS/vendors/gwt/pmsis/backend/pmsis_backend_native_task_api.o
LOAD /media/sf_Projets_HEIG/BA6/IAA/IAA_Labs/lab3/code/gap8/BUILD/GAP8_V2/GCC_RISCV_FREERTOS//home/bitcraze/projects/gap_sdk/rtos/freeRTOS/freertos_kernel/portable/GCC/RI5CY-GAP8/port.o
LOAD /media/sf_Projets_HEIG/BA6/IAA/IAA_Labs/lab3/code/gap8/BUILD/GAP8_V2/GCC_RISCV_FREERTOS//home/bitcraze/projects/gap_sdk/rtos/freeRTOS/vendors/gwt/libs/printf/printf.o
LOAD /media/sf_Projets_HEIG/BA6/IAA/IAA_Labs/lab3/code/gap8/BUILD/GAP8_V2/GCC_RISCV_FREERTOS//home/bitcraze/projects/gap_sdk/rtos/freeRTOS/freertos_kernel/list.o
LOAD /media/sf_Projets_HEIG/BA6/IAA/IAA_Labs/lab3/code/gap8/BUILD/GAP8_V2/GCC_RISCV_FREERTOS//home/bitcraze/projects/gap_sdk/rtos/freeRTOS/freertos_kernel/queue.o
LOAD /media/sf_Projets_HEIG/BA6/IAA/IAA_Labs/lab3/code/gap8/BUILD/GAP8_V2/GCC_RISCV_FREERTOS//home/bitcraze/projects/gap_sdk/rtos/freeRTOS/freertos_kernel/tasks.o
LOAD /media/sf_Projets_HEIG/BA6/IAA/IAA_Labs/lab3/code/gap8/BUILD/GAP8_V2/GCC_RISCV_FREERTOS//home/bitcraze/projects/gap_sdk/rtos/freeRTOS/freertos_kernel/timers.o
LOAD /media/sf_Projets_HEIG/BA6/IAA/IAA_Labs/lab3/code/gap8/BUILD/GAP8_V2/GCC_RISCV_FREERTOS//home/bitcraze/projects/gap_sdk/rtos/freeRTOS/freertos_kernel/event_groups.o
LOAD /media/sf_Projets_HEIG/BA6/IAA/IAA_Labs/lab3/code/gap8/BUILD/GAP8_V2/GCC_RISCV_FREERTOS//home/bitcraze/projects/gap_sdk/rtos/freeRTOS/freertos_kernel/stream_buffer.o
LOAD /media/sf_Projets_HEIG/BA6/IAA/IAA_Labs/lab3/code/gap8/BUILD/GAP8_V2/GCC_RISCV_FREERTOS//home/bitcraze/projects/gap_sdk/rtos/freeRTOS/demos/gwt/config/gap8/FreeRTOS_util.o
LOAD /usr/lib/gap_riscv_toolchain/bin/../lib/gcc/riscv32-unknown-elf/7.1.1/rv32imcxgap8/ilp32/libgcc.a
                0x0000000000000000                __DYNAMIC = 0x0
                0x0000000000001000                __STACK_FC_SIZE = 0x1000
                0x0000000000000400                __STACK_IRQ_SIZE = 0x400

.l1FcTiny       0x000000001b000000        0x0
                0x000000001b000000                . = ALIGN (0x4)
                0x000000001b000000                __l1FcShared_start = .
 *(.l1FcTiny)
 *(.l1FcTiny.*)
                0x000000001b000000                . = ALIGN (0x4)
                0x000000001b000000                __l1FcShared_end = .
                0x0000000000000000                __l1FcShared_size = (__l1FcShared_end - __l1FcShared_start)

.fcTcdmTiny     0x0000000000000004        0xc load address 0x000000001b000000
 *(.fcTcdmTiny)
 .fcTcdmTiny    0x0000000000000004        0xc /media/sf_Projets_HEIG/BA6/IAA/IAA_Labs/lab3/code/gap8/BUILD/GAP8_V2/GCC_RISCV_FREERTOS//home/bitcraze/projects/gap_sdk/rtos/freeRTOS/vendors/gwt/gap8/pmsis/drivers/udma/hyperbus/hyperbus_internal.o
                0x0000000000000004                __global_hyper_driver_fifo
                0x0000000000000008                __global_hyper_fifo_head
                0x000000000000000c                __global_hyper_fifo_tail
 *(.fcTcdmTiny.*)

.fcTcdm
 *(.fcTcdm)
 *(.fcTcdm.*)

.fcTcdm_g       0x000000001b00000c      0x5bc
                0x000000001b000010                . = ALIGN (0x8)
 *fill*         0x000000001b00000c        0x4 
                0x000000001b000010                __fc_tcdm_g_start = .
 *(.fcTcdm_g)
 .fcTcdm_g      0x000000001b000010      0x264 /media/sf_Projets_HEIG/BA6/IAA/IAA_Labs/lab3/code/gap8/BUILD/GAP8_V2/GCC_RISCV_FREERTOS//home/bitcraze/projects/gap_sdk/rtos/freeRTOS/vendors/gwt/gap8/pmsis/cluster/drivers/cluster_synchronisation/cl_to_fc_delegate.o
                0x000000001b000010                delegate_task
                0x000000001b000270                delegate_task_mask
 .fcTcdm_g      0x000000001b000274       0xe4 /media/sf_Projets_HEIG/BA6/IAA/IAA_Labs/lab3/code/gap8/BUILD/GAP8_V2/GCC_RISCV_FREERTOS//home/bitcraze/projects/gap_sdk/rtos/freeRTOS/vendors/gwt/gap8/pmsis/drivers/fc_event/fc_event.o
 .fcTcdm_g      0x000000001b000358        0x4 /media/sf_Projets_HEIG/BA6/IAA/IAA_Labs/lab3/code/gap8/BUILD/GAP8_V2/GCC_RISCV_FREERTOS//home/bitcraze/projects/gap_sdk/rtos/freeRTOS/vendors/gwt/pmsis/rtos/event_kernel/event_kernel.o
                0x000000001b000358                default_sched
 .fcTcdm_g      0x000000001b00035c       0x10 /media/sf_Projets_HEIG/BA6/IAA/IAA_Labs/lab3/code/gap8/BUILD/GAP8_V2/GCC_RISCV_FREERTOS//home/bitcraze/projects/gap_sdk/rtos/freeRTOS/vendors/gwt/pmsis/backend/pmsis_backend_native_task_api.o
                0x000000001b00035c                delayed_task
                0x000000001b000364                timer_task
 .fcTcdm_g      0x000000001b00036c      0x258 /media/sf_Projets_HEIG/BA6/IAA/IAA_Labs/lab3/code/gap8/BUILD/GAP8_V2/GCC_RISCV_FREERTOS//home/bitcraze/projects/gap_sdk/rtos/freeRTOS/demos/gwt/config/gap8/FreeRTOS_util.o
 *(.fcTcdm_g.*)
                0x000000001b0005c8                . = ALIGN (0x8)
 *fill*         0x000000001b0005c4        0x4 
                0x000000001b0005c8                __fc_tcdm_g_end = .

.stack_irq      0x000000001b0005c8      0x400
                0x000000001b0005c8                . = ALIGN (0x4)
                0x000000001b0005c8                __stack_irq_end__ = .
                0x000000001b0009c8                . = (. + __STACK_IRQ_SIZE)
 *fill*         0x000000001b0005c8      0x400 
                0x000000001b0009c8                __stack_irq_start__ = .

.heapfcram      0x000000001b0009c8     0x1000
                0x000000001b0009c8                . = ALIGN (0x8)
 *(.heapfcram)
 *(.heapfcram.*)
                0x000000001b0009c8                . = ALIGN (0x8)
                0x000000001b0009c8                __heapfcram_start = .
                0x000000001b0009c8                __stack_fc_end__ = .
                0x000000001b0019c8                . = (. + __STACK_FC_SIZE)
 *fill*         0x000000001b0009c8     0x1000 
                0x000000001b0019c8                __stack_fc_start__ = .
                0x0000000000003638                __heapfcram_size = ((ORIGIN (FC_tcdm) + LENGTH (FC_tcdm)) - __heapfcram_start)

.vectors_irq    0x000000001c000000       0x94
                0x000000001c000000                . = ALIGN (0x100)
                0x000000001c000000                __irq_vector_base_m__ = .
 *(.vectors_irq)
 .vectors_irq   0x000000001c000000       0x94 /media/sf_Projets_HEIG/BA6/IAA/IAA_Labs/lab3/code/gap8/BUILD/GAP8_V2/GCC_RISCV_FREERTOS//home/bitcraze/projects/gap_sdk/rtos/freeRTOS/vendors/gwt/gap8/src/device/startup_gap8.o
                0x000000001c000090                __rt_debug_struct_ptr

.text           0x000000001c000094     0xfa7c
                0x000000001c000094                . = ALIGN (0x4)
                0x000000001c000094                _stext = .
 *(.text.reset)
 .text.reset    0x000000001c000094       0x7e /media/sf_Projets_HEIG/BA6/IAA/IAA_Labs/lab3/code/gap8/BUILD/GAP8_V2/GCC_RISCV_FREERTOS//home/bitcraze/projects/gap_sdk/rtos/freeRTOS/vendors/gwt/gap8/src/device/startup_gap8.o
                0x000000001c000094                reset_handler
 *(.text)
 .text          0x000000001c000112      0x2c8 /media/sf_Projets_HEIG/BA6/IAA/IAA_Labs/lab3/code/gap8/BUILD/GAP8_V2/GCC_RISCV_FREERTOS//home/bitcraze/projects/gap_sdk/rtos/freeRTOS/vendors/gwt/gap8/src/device/gap8_iet.o
                0x000000001c000112                default_handler
                0x000000001c000116                cluster_notify_fc_handler
                0x000000001c00014e                pendSV_handler
                0x000000001c0001be                systick_handler
                0x000000001c00023a                hi_res_timer_handler
                0x000000001c000272                fc_event_handler
                0x000000001c0002aa                fc_hyper_handler
                0x000000001c000358                dma_irq_handler
                0x000000001c000380                ecall_handler
                0x000000001c0003d2                ill_ins_handler
 .text          0x000000001c0003da      0x126 /media/sf_Projets_HEIG/BA6/IAA/IAA_Labs/lab3/code/gap8/BUILD/GAP8_V2/GCC_RISCV_FREERTOS//home/bitcraze/projects/gap_sdk/rtos/freeRTOS/vendors/gwt/gap8/pmsis/cluster/drivers/cluster_synchronisation/cluster_core.o
                0x000000001c0003da                cluster_exec_loop
                0x000000001c0004f2                cl_slave_stack_setup
 .text          0x000000001c000500       0xd8 /media/sf_Projets_HEIG/BA6/IAA/IAA_Labs/lab3/code/gap8/BUILD/GAP8_V2/GCC_RISCV_FREERTOS//home/bitcraze/projects/gap_sdk/rtos/freeRTOS/vendors/gwt/gap8/pmsis/util/asm_util.o
                0x000000001c000500                ASM_FUNC_SAVE_MINIMAL_CONTEXT
                0x000000001c000544                ASM_FUNC_RESTORE_MINIMAL_CONTEXT
                0x000000001c000588                ASM_FUNC_SAVE_SAVE_CONTEXT
                0x000000001c0005a2                ASM_FUNC_RESTORE_SAVE_CONTEXT
                0x000000001c0005bc                ASM_FUNC_SAVE_CSR_CONTEXT
                0x000000001c0005ca                ASM_FUNC_RESTORE_CSR_CONTEXT
 .text          0x000000001c0005d8       0x8e /media/sf_Projets_HEIG/BA6/IAA/IAA_Labs/lab3/code/gap8/BUILD/GAP8_V2/GCC_RISCV_FREERTOS//home/bitcraze/projects/gap_sdk/rtos/freeRTOS/freertos_kernel/portable/GCC/RI5CY-GAP8/port_asm.o
                0x000000001c0005d8                xPortStartScheduler
 .text          0x000000001c000666       0x64 /media/sf_Projets_HEIG/BA6/IAA/IAA_Labs/lab3/code/gap8/BUILD/GAP8_V2/GCC_RISCV_FREERTOS//home/bitcraze/projects/gap_sdk/rtos/freeRTOS/vendors/gwt/gap8/pmsis/drivers/fc_event/fc_event.o
                0x000000001c000666                fc_soc_event_handler
 .text          0x000000001c0006ca       0xe8 /media/sf_Projets_HEIG/BA6/IAA/IAA_Labs/lab3/code/gap8/BUILD/GAP8_V2/GCC_RISCV_FREERTOS//home/bitcraze/projects/gap_sdk/rtos/freeRTOS/vendors/gwt/gap8/pmsis/drivers/udma/hyperbus/hyperbus_internal.o
                0x000000001c0006ca                hyper_handler
 .text          0x000000001c0007b2      0x5fe /usr/lib/gap_riscv_toolchain/bin/../lib/gcc/riscv32-unknown-elf/7.1.1/rv32imcxgap8/ilp32/libgcc.a(adddf3.o)
                0x000000001c0007b2                __adddf3
 .text          0x000000001c000db0      0x4d2 /usr/lib/gap_riscv_toolchain/bin/../lib/gcc/riscv32-unknown-elf/7.1.1/rv32imcxgap8/ilp32/libgcc.a(divdf3.o)
                0x000000001c000db0                __divdf3
 .text          0x000000001c001282       0x60 /usr/lib/gap_riscv_toolchain/bin/../lib/gcc/riscv32-unknown-elf/7.1.1/rv32imcxgap8/ilp32/libgcc.a(eqdf2.o)
                0x000000001c001282                __eqdf2
                0x000000001c001282                __nedf2
 .text          0x000000001c0012e2       0xae /usr/lib/gap_riscv_toolchain/bin/../lib/gcc/riscv32-unknown-elf/7.1.1/rv32imcxgap8/ilp32/libgcc.a(gedf2.o)
                0x000000001c0012e2                __gtdf2
                0x000000001c0012e2                __gedf2
 .text          0x000000001c001390       0xae /usr/lib/gap_riscv_toolchain/bin/../lib/gcc/riscv32-unknown-elf/7.1.1/rv32imcxgap8/ilp32/libgcc.a(ledf2.o)
                0x000000001c001390                __ltdf2
                0x000000001c001390                __ledf2
 .text          0x000000001c00143e      0x43a /usr/lib/gap_riscv_toolchain/bin/../lib/gcc/riscv32-unknown-elf/7.1.1/rv32imcxgap8/ilp32/libgcc.a(muldf3.o)
                0x000000001c00143e                __muldf3
 .text          0x000000001c001878      0x612 /usr/lib/gap_riscv_toolchain/bin/../lib/gcc/riscv32-unknown-elf/7.1.1/rv32imcxgap8/ilp32/libgcc.a(subdf3.o)
                0x000000001c001878                __subdf3
 .text          0x000000001c001e8a       0x5c /usr/lib/gap_riscv_toolchain/bin/../lib/gcc/riscv32-unknown-elf/7.1.1/rv32imcxgap8/ilp32/libgcc.a(fixdfsi.o)
                0x000000001c001e8a                __fixdfsi
 .text          0x000000001c001ee6       0x52 /usr/lib/gap_riscv_toolchain/bin/../lib/gcc/riscv32-unknown-elf/7.1.1/rv32imcxgap8/ilp32/libgcc.a(fixunsdfsi.o)
                0x000000001c001ee6                __fixunsdfsi
 .text          0x000000001c001f38       0x58 /usr/lib/gap_riscv_toolchain/bin/../lib/gcc/riscv32-unknown-elf/7.1.1/rv32imcxgap8/ilp32/libgcc.a(floatsidf.o)
                0x000000001c001f38                __floatsidf
 .text          0x000000001c001f90       0x4c /usr/lib/gap_riscv_toolchain/bin/../lib/gcc/riscv32-unknown-elf/7.1.1/rv32imcxgap8/ilp32/libgcc.a(floatunsidf.o)
                0x000000001c001f90                __floatunsidf
 *(.text.*)
 .text.pi_task_callback
                0x000000001c001fdc       0x42 /media/sf_Projets_HEIG/BA6/IAA/IAA_Labs/lab3/code/gap8/BUILD/GAP8_V2/GCC_RISCV_FREERTOS/iaa_lab3.o
 .text.pi_freq_get
                0x000000001c00201e       0x46 /media/sf_Projets_HEIG/BA6/IAA/IAA_Labs/lab3/code/gap8/BUILD/GAP8_V2/GCC_RISCV_FREERTOS/iaa_lab3.o
 .text.__os_native_yield
                0x000000001c002064       0x10 /media/sf_Projets_HEIG/BA6/IAA/IAA_Labs/lab3/code/gap8/BUILD/GAP8_V2/GCC_RISCV_FREERTOS/iaa_lab3.o
 .text.pmsis_kickoff
                0x000000001c002074       0x16 /media/sf_Projets_HEIG/BA6/IAA/IAA_Labs/lab3/code/gap8/BUILD/GAP8_V2/GCC_RISCV_FREERTOS/iaa_lab3.o
 .text.pi_yield
                0x000000001c00208a        0xe /media/sf_Projets_HEIG/BA6/IAA/IAA_Labs/lab3/code/gap8/BUILD/GAP8_V2/GCC_RISCV_FREERTOS/iaa_lab3.o
 .text.sendBufferViaCPXBlocking
                0x000000001c002098       0x6e /media/sf_Projets_HEIG/BA6/IAA/IAA_Labs/lab3/code/gap8/BUILD/GAP8_V2/GCC_RISCV_FREERTOS/iaa_lab3.o
                0x000000001c002098                sendBufferViaCPXBlocking
 .text.pi_camera_control
                0x000000001c002106       0x26 /media/sf_Projets_HEIG/BA6/IAA/IAA_Labs/lab3/code/gap8/BUILD/GAP8_V2/GCC_RISCV_FREERTOS/iaa_lab3.o
 .text.pi_camera_capture_async
                0x000000001c00212c       0x28 /media/sf_Projets_HEIG/BA6/IAA/IAA_Labs/lab3/code/gap8/BUILD/GAP8_V2/GCC_RISCV_FREERTOS/iaa_lab3.o
 .text.pi_camera_reg_set
                0x000000001c002154       0x26 /media/sf_Projets_HEIG/BA6/IAA/IAA_Labs/lab3/code/gap8/BUILD/GAP8_V2/GCC_RISCV_FREERTOS/iaa_lab3.o
 .text.pi_camera_reg_get
                0x000000001c00217a       0x26 /media/sf_Projets_HEIG/BA6/IAA/IAA_Labs/lab3/code/gap8/BUILD/GAP8_V2/GCC_RISCV_FREERTOS/iaa_lab3.o
 .text.pi_buffer_init
                0x000000001c0021a0       0x20 /media/sf_Projets_HEIG/BA6/IAA/IAA_Labs/lab3/code/gap8/BUILD/GAP8_V2/GCC_RISCV_FREERTOS/iaa_lab3.o
 .text.pi_buffer_set_format
                0x000000001c0021c0       0x2a /media/sf_Projets_HEIG/BA6/IAA/IAA_Labs/lab3/code/gap8/BUILD/GAP8_V2/GCC_RISCV_FREERTOS/iaa_lab3.o
 .text.start    0x000000001c0021ea       0xd4 /media/sf_Projets_HEIG/BA6/IAA/IAA_Labs/lab3/code/gap8/BUILD/GAP8_V2/GCC_RISCV_FREERTOS/iaa_lab3.o
                0x000000001c0021ea                start
 .text.sendToSTM32
                0x000000001c0022be       0x86 /media/sf_Projets_HEIG/BA6/IAA/IAA_Labs/lab3/code/gap8/BUILD/GAP8_V2/GCC_RISCV_FREERTOS/iaa_lab3.o
                0x000000001c0022be                sendToSTM32
 .text.rx_wifi_task
                0x000000001c002344       0x92 /media/sf_Projets_HEIG/BA6/IAA/IAA_Labs/lab3/code/gap8/BUILD/GAP8_V2/GCC_RISCV_FREERTOS/iaa_lab3.o
                0x000000001c002344                rx_wifi_task
 .text.send_image_via_wifi
                0x000000001c0023d6       0xa8 /media/sf_Projets_HEIG/BA6/IAA/IAA_Labs/lab3/code/gap8/BUILD/GAP8_V2/GCC_RISCV_FREERTOS/iaa_lab3.o
                0x000000001c0023d6                send_image_via_wifi
 .text.capture_done_cb
                0x000000001c00247e       0x30 /media/sf_Projets_HEIG/BA6/IAA/IAA_Labs/lab3/code/gap8/BUILD/GAP8_V2/GCC_RISCV_FREERTOS/iaa_lab3.o
 .text.camera_task
                0x000000001c0024ae      0x17c /media/sf_Projets_HEIG/BA6/IAA/IAA_Labs/lab3/code/gap8/BUILD/GAP8_V2/GCC_RISCV_FREERTOS/iaa_lab3.o
                0x000000001c0024ae                camera_task
 .text.open_pi_camera_himax
                0x000000001c00262a       0x96 /media/sf_Projets_HEIG/BA6/IAA/IAA_Labs/lab3/code/gap8/BUILD/GAP8_V2/GCC_RISCV_FREERTOS/iaa_lab3.o
                0x000000001c00262a                open_pi_camera_himax
 .text.main     0x000000001c0026c0       0x1c /media/sf_Projets_HEIG/BA6/IAA/IAA_Labs/lab3/code/gap8/BUILD/GAP8_V2/GCC_RISCV_FREERTOS/iaa_lab3.o
                0x000000001c0026c0                main
 .text.__os_native_exit
                0x000000001c0026dc        0xc /media/sf_Projets_HEIG/BA6/IAA/IAA_Labs/lab3/code/gap8/BUILD/GAP8_V2/GCC_RISCV_FREERTOS/lib/cpx/src/cpx.o
 .text.pmsis_exit
                0x000000001c0026e8       0x12 /media/sf_Projets_HEIG/BA6/IAA/IAA_Labs/lab3/code/gap8/BUILD/GAP8_V2/GCC_RISCV_FREERTOS/lib/cpx/src/cpx.o
 .text.cpx_rx_task
                0x000000001c0026fa      0x124 /media/sf_Projets_HEIG/BA6/IAA/IAA_Labs/lab3/code/gap8/BUILD/GAP8_V2/GCC_RISCV_FREERTOS/lib/cpx/src/cpx.o
 .text.cpxEnableFunction
                0x000000001c00281e       0x2c /media/sf_Projets_HEIG/BA6/IAA/IAA_Labs/lab3/code/gap8/BUILD/GAP8_V2/GCC_RISCV_FREERTOS/lib/cpx/src/cpx.o
                0x000000001c00281e                cpxEnableFunction
 .text.cpxReceivePacketBlocking
                0x000000001c00284a       0x38 /media/sf_Projets_HEIG/BA6/IAA/IAA_Labs/lab3/code/gap8/BUILD/GAP8_V2/GCC_RISCV_FREERTOS/lib/cpx/src/cpx.o
                0x000000001c00284a                cpxReceivePacketBlocking
 .text.cpxSendPacketBlocking
                0x000000001c002882       0xe0 /media/sf_Projets_HEIG/BA6/IAA/IAA_Labs/lab3/code/gap8/BUILD/GAP8_V2/GCC_RISCV_FREERTOS/lib/cpx/src/cpx.o
                0x000000001c002882                cpxSendPacketBlocking
 .text.cpxPrintToConsole
                0x000000001c002962       0xa8 /media/sf_Projets_HEIG/BA6/IAA/IAA_Labs/lab3/code/gap8/BUILD/GAP8_V2/GCC_RISCV_FREERTOS/lib/cpx/src/cpx.o
                0x000000001c002962                cpxPrintToConsole
 .text.cpxInitRoute
                0x000000001c002a0a       0x2a /media/sf_Projets_HEIG/BA6/IAA/IAA_Labs/lab3/code/gap8/BUILD/GAP8_V2/GCC_RISCV_FREERTOS/lib/cpx/src/cpx.o
                0x000000001c002a0a                cpxInitRoute
 .text.cpxInit  0x000000001c002a34       0xa2 /media/sf_Projets_HEIG/BA6/IAA/IAA_Labs/lab3/code/gap8/BUILD/GAP8_V2/GCC_RISCV_FREERTOS/lib/cpx/src/cpx.o
                0x000000001c002a34                cpxInit
 .text.pi_gpio_callback_init
                0x000000001c002ad6       0x2e /media/sf_Projets_HEIG/BA6/IAA/IAA_Labs/lab3/code/gap8/BUILD/GAP8_V2/GCC_RISCV_FREERTOS/lib/cpx/src/com.o
 .text.__os_native_exit
                0x000000001c002b04        0xc /media/sf_Projets_HEIG/BA6/IAA/IAA_Labs/lab3/code/gap8/BUILD/GAP8_V2/GCC_RISCV_FREERTOS/lib/cpx/src/com.o
 .text.pmsis_exit
                0x000000001c002b10       0x12 /media/sf_Projets_HEIG/BA6/IAA/IAA_Labs/lab3/code/gap8/BUILD/GAP8_V2/GCC_RISCV_FREERTOS/lib/cpx/src/com.o
 .text.vDataReadyISR
                0x000000001c002b22       0x32 /media/sf_Projets_HEIG/BA6/IAA/IAA_Labs/lab3/code/gap8/BUILD/GAP8_V2/GCC_RISCV_FREERTOS/lib/cpx/src/com.o
                0x000000001c002b22                vDataReadyISR
 .text.setup_nina_rtt_pin
                0x000000001c002b54       0x74 /media/sf_Projets_HEIG/BA6/IAA/IAA_Labs/lab3/code/gap8/BUILD/GAP8_V2/GCC_RISCV_FREERTOS/lib/cpx/src/com.o
 .text.setup_gap8_rtt_pin
                0x000000001c002bc8       0x38 /media/sf_Projets_HEIG/BA6/IAA/IAA_Labs/lab3/code/gap8/BUILD/GAP8_V2/GCC_RISCV_FREERTOS/lib/cpx/src/com.o
 .text.set_gap8_rtt_pin
                0x000000001c002c00       0x22 /media/sf_Projets_HEIG/BA6/IAA/IAA_Labs/lab3/code/gap8/BUILD/GAP8_V2/GCC_RISCV_FREERTOS/lib/cpx/src/com.o
                0x000000001c002c00                set_gap8_rtt_pin
 .text.init_spi
                0x000000001c002c22       0x8e /media/sf_Projets_HEIG/BA6/IAA/IAA_Labs/lab3/code/gap8/BUILD/GAP8_V2/GCC_RISCV_FREERTOS/lib/cpx/src/com.o
 .text.com_task
                0x000000001c002cb0      0x1ea /media/sf_Projets_HEIG/BA6/IAA/IAA_Labs/lab3/code/gap8/BUILD/GAP8_V2/GCC_RISCV_FREERTOS/lib/cpx/src/com.o
                0x000000001c002cb0                com_task
 .text.com_init
                0x000000001c002e9a       0xb4 /media/sf_Projets_HEIG/BA6/IAA/IAA_Labs/lab3/code/gap8/BUILD/GAP8_V2/GCC_RISCV_FREERTOS/lib/cpx/src/com.o
                0x000000001c002e9a                com_init
 .text.com_read
                0x000000001c002f4e       0x20 /media/sf_Projets_HEIG/BA6/IAA/IAA_Labs/lab3/code/gap8/BUILD/GAP8_V2/GCC_RISCV_FREERTOS/lib/cpx/src/com.o
                0x000000001c002f4e                com_read
 .text.com_write
                0x000000001c002f6e       0x40 /media/sf_Projets_HEIG/BA6/IAA/IAA_Labs/lab3/code/gap8/BUILD/GAP8_V2/GCC_RISCV_FREERTOS/lib/cpx/src/com.o
                0x000000001c002f6e                com_write
 .text.hal_compiler_barrier
                0x000000001c002fae        0x4 /media/sf_Projets_HEIG/BA6/IAA/IAA_Labs/lab3/code/gap8/BUILD/GAP8_V2/GCC_RISCV_FREERTOS//home/bitcraze/projects/gap_sdk/rtos/freeRTOS/vendors/gwt/gap8/src/device/gap8_it.o
 .text.hal_write32
                0x000000001c002fb2       0x1a /media/sf_Projets_HEIG/BA6/IAA/IAA_Labs/lab3/code/gap8/BUILD/GAP8_V2/GCC_RISCV_FREERTOS//home/bitcraze/projects/gap_sdk/rtos/freeRTOS/vendors/gwt/gap8/src/device/gap8_it.o
 .text.hal_eu_fc_evt_trig_set
                0x000000001c002fcc       0x26 /media/sf_Projets_HEIG/BA6/IAA/IAA_Labs/lab3/code/gap8/BUILD/GAP8_V2/GCC_RISCV_FREERTOS//home/bitcraze/projects/gap_sdk/rtos/freeRTOS/vendors/gwt/gap8/src/device/gap8_it.o
 .text.__os_native_exit
                0x000000001c002ff2        0xc /media/sf_Projets_HEIG/BA6/IAA/IAA_Labs/lab3/code/gap8/BUILD/GAP8_V2/GCC_RISCV_FREERTOS//home/bitcraze/projects/gap_sdk/rtos/freeRTOS/vendors/gwt/gap8/src/device/gap8_it.o
 .text.pmsis_exit
                0x000000001c002ffe       0x12 /media/sf_Projets_HEIG/BA6/IAA/IAA_Labs/lab3/code/gap8/BUILD/GAP8_V2/GCC_RISCV_FREERTOS//home/bitcraze/projects/gap_sdk/rtos/freeRTOS/vendors/gwt/gap8/src/device/gap8_it.o
 .text.vSetPendSV
                0x000000001c003010       0x12 /media/sf_Projets_HEIG/BA6/IAA/IAA_Labs/lab3/code/gap8/BUILD/GAP8_V2/GCC_RISCV_FREERTOS//home/bitcraze/projects/gap_sdk/rtos/freeRTOS/vendors/gwt/gap8/src/device/gap8_it.o
                0x000000001c003010                vSetPendSV
 .text._procid  0x000000001c003022       0x1a /media/sf_Projets_HEIG/BA6/IAA/IAA_Labs/lab3/code/gap8/BUILD/GAP8_V2/GCC_RISCV_FREERTOS//home/bitcraze/projects/gap_sdk/rtos/freeRTOS/vendors/gwt/gap8/src/device/gap8_it.o
                0x000000001c003022                _procid
 .text._clusterid
                0x000000001c00303c       0x18 /media/sf_Projets_HEIG/BA6/IAA/IAA_Labs/lab3/code/gap8/BUILD/GAP8_V2/GCC_RISCV_FREERTOS//home/bitcraze/projects/gap_sdk/rtos/freeRTOS/vendors/gwt/gap8/src/device/gap8_it.o
                0x000000001c00303c                _clusterid
 .text._isr_default
                0x000000001c003054       0x1a /media/sf_Projets_HEIG/BA6/IAA/IAA_Labs/lab3/code/gap8/BUILD/GAP8_V2/GCC_RISCV_FREERTOS//home/bitcraze/projects/gap_sdk/rtos/freeRTOS/vendors/gwt/gap8/src/device/gap8_it.o
                0x000000001c003054                _isr_default
 .text._ill_insn_print
                0x000000001c00306e       0x14 /media/sf_Projets_HEIG/BA6/IAA/IAA_Labs/lab3/code/gap8/BUILD/GAP8_V2/GCC_RISCV_FREERTOS//home/bitcraze/projects/gap_sdk/rtos/freeRTOS/vendors/gwt/gap8/src/device/gap8_it.o
                0x000000001c00306e                _ill_insn_print
 .text.__NVIC_EnableIRQ
                0x000000001c003082       0x26 /media/sf_Projets_HEIG/BA6/IAA/IAA_Labs/lab3/code/gap8/BUILD/GAP8_V2/GCC_RISCV_FREERTOS//home/bitcraze/projects/gap_sdk/rtos/freeRTOS/vendors/gwt/gap8/src/device/system_gap8.o
 .text.__native_cluster_id
                0x000000001c0030a8       0x16 /media/sf_Projets_HEIG/BA6/IAA/IAA_Labs/lab3/code/gap8/BUILD/GAP8_V2/GCC_RISCV_FREERTOS//home/bitcraze/projects/gap_sdk/rtos/freeRTOS/vendors/gwt/gap8/src/device/system_gap8.o
 .text.__native_is_fc
                0x000000001c0030be       0x1a /media/sf_Projets_HEIG/BA6/IAA/IAA_Labs/lab3/code/gap8/BUILD/GAP8_V2/GCC_RISCV_FREERTOS//home/bitcraze/projects/gap_sdk/rtos/freeRTOS/vendors/gwt/gap8/src/device/system_gap8.o
 .text.hal_compiler_barrier
                0x000000001c0030d8        0x4 /media/sf_Projets_HEIG/BA6/IAA/IAA_Labs/lab3/code/gap8/BUILD/GAP8_V2/GCC_RISCV_FREERTOS//home/bitcraze/projects/gap_sdk/rtos/freeRTOS/vendors/gwt/gap8/src/device/system_gap8.o
 .text.hal_write32
                0x000000001c0030dc       0x1a /media/sf_Projets_HEIG/BA6/IAA/IAA_Labs/lab3/code/gap8/BUILD/GAP8_V2/GCC_RISCV_FREERTOS//home/bitcraze/projects/gap_sdk/rtos/freeRTOS/vendors/gwt/gap8/src/device/system_gap8.o
 .text.pi_is_fc
                0x000000001c0030f6       0x10 /media/sf_Projets_HEIG/BA6/IAA/IAA_Labs/lab3/code/gap8/BUILD/GAP8_V2/GCC_RISCV_FREERTOS//home/bitcraze/projects/gap_sdk/rtos/freeRTOS/vendors/gwt/gap8/src/device/system_gap8.o
 .text.hal_evt_read32
                0x000000001c003106       0x16 /media/sf_Projets_HEIG/BA6/IAA/IAA_Labs/lab3/code/gap8/BUILD/GAP8_V2/GCC_RISCV_FREERTOS//home/bitcraze/projects/gap_sdk/rtos/freeRTOS/vendors/gwt/gap8/src/device/system_gap8.o
 .text.hal_eu_evt_mask_clr
                0x000000001c00311c       0x12 /media/sf_Projets_HEIG/BA6/IAA/IAA_Labs/lab3/code/gap8/BUILD/GAP8_V2/GCC_RISCV_FREERTOS//home/bitcraze/projects/gap_sdk/rtos/freeRTOS/vendors/gwt/gap8/src/device/system_gap8.o
 .text.hal_eu_evt_wait
                0x000000001c00312e       0x1a /media/sf_Projets_HEIG/BA6/IAA/IAA_Labs/lab3/code/gap8/BUILD/GAP8_V2/GCC_RISCV_FREERTOS//home/bitcraze/projects/gap_sdk/rtos/freeRTOS/vendors/gwt/gap8/src/device/system_gap8.o
 .text.soc_ctrl_corestatus_set
                0x000000001c003148       0x22 /media/sf_Projets_HEIG/BA6/IAA/IAA_Labs/lab3/code/gap8/BUILD/GAP8_V2/GCC_RISCV_FREERTOS//home/bitcraze/projects/gap_sdk/rtos/freeRTOS/vendors/gwt/gap8/src/device/system_gap8.o
 .text.__internal_semihost
                0x000000001c00316a       0x1e /media/sf_Projets_HEIG/BA6/IAA/IAA_Labs/lab3/code/gap8/BUILD/GAP8_V2/GCC_RISCV_FREERTOS//home/bitcraze/projects/gap_sdk/rtos/freeRTOS/vendors/gwt/gap8/src/device/system_gap8.o
 .text.semihost_exit
                0x000000001c003188       0x16 /media/sf_Projets_HEIG/BA6/IAA/IAA_Labs/lab3/code/gap8/BUILD/GAP8_V2/GCC_RISCV_FREERTOS//home/bitcraze/projects/gap_sdk/rtos/freeRTOS/vendors/gwt/gap8/src/device/system_gap8.o
 .text.system_init
                0x000000001c00319e       0x6e /media/sf_Projets_HEIG/BA6/IAA/IAA_Labs/lab3/code/gap8/BUILD/GAP8_V2/GCC_RISCV_FREERTOS//home/bitcraze/projects/gap_sdk/rtos/freeRTOS/vendors/gwt/gap8/src/device/system_gap8.o
                0x000000001c00319e                system_init
 .text.system_setup_systick
                0x000000001c00320c       0x78 /media/sf_Projets_HEIG/BA6/IAA/IAA_Labs/lab3/code/gap8/BUILD/GAP8_V2/GCC_RISCV_FREERTOS//home/bitcraze/projects/gap_sdk/rtos/freeRTOS/vendors/gwt/gap8/src/device/system_gap8.o
                0x000000001c00320c                system_setup_systick
 .text.system_core_clock_update
                0x000000001c003284       0xdc /media/sf_Projets_HEIG/BA6/IAA/IAA_Labs/lab3/code/gap8/BUILD/GAP8_V2/GCC_RISCV_FREERTOS//home/bitcraze/projects/gap_sdk/rtos/freeRTOS/vendors/gwt/gap8/src/device/system_gap8.o
                0x000000001c003284                system_core_clock_update
 .text.system_setup_timer
                0x000000001c003360       0x62 /media/sf_Projets_HEIG/BA6/IAA/IAA_Labs/lab3/code/gap8/BUILD/GAP8_V2/GCC_RISCV_FREERTOS//home/bitcraze/projects/gap_sdk/rtos/freeRTOS/vendors/gwt/gap8/src/device/system_gap8.o
                0x000000001c003360                system_setup_timer
 .text.system_core_clock_get
                0x000000001c0033c2        0xc /media/sf_Projets_HEIG/BA6/IAA/IAA_Labs/lab3/code/gap8/BUILD/GAP8_V2/GCC_RISCV_FREERTOS//home/bitcraze/projects/gap_sdk/rtos/freeRTOS/vendors/gwt/gap8/src/device/system_gap8.o
                0x000000001c0033c2                system_core_clock_get
 .text.system_exit
                0x000000001c0033ce       0x3a /media/sf_Projets_HEIG/BA6/IAA/IAA_Labs/lab3/code/gap8/BUILD/GAP8_V2/GCC_RISCV_FREERTOS//home/bitcraze/projects/gap_sdk/rtos/freeRTOS/vendors/gwt/gap8/src/device/system_gap8.o
                0x000000001c0033ce                system_exit
 .text.__native_core_id
                0x000000001c003408       0x14 /media/sf_Projets_HEIG/BA6/IAA/IAA_Labs/lab3/code/gap8/BUILD/GAP8_V2/GCC_RISCV_FREERTOS//home/bitcraze/projects/gap_sdk/rtos/freeRTOS/vendors/gwt/gap8/src/driver/gap_io.o
 .text.__native_cluster_id
                0x000000001c00341c       0x16 /media/sf_Projets_HEIG/BA6/IAA/IAA_Labs/lab3/code/gap8/BUILD/GAP8_V2/GCC_RISCV_FREERTOS//home/bitcraze/projects/gap_sdk/rtos/freeRTOS/vendors/gwt/gap8/src/driver/gap_io.o
 .text.__native_is_fc
                0x000000001c003432       0x1a /media/sf_Projets_HEIG/BA6/IAA/IAA_Labs/lab3/code/gap8/BUILD/GAP8_V2/GCC_RISCV_FREERTOS//home/bitcraze/projects/gap_sdk/rtos/freeRTOS/vendors/gwt/gap8/src/driver/gap_io.o
 .text.pi_core_id
                0x000000001c00344c       0x10 /media/sf_Projets_HEIG/BA6/IAA/IAA_Labs/lab3/code/gap8/BUILD/GAP8_V2/GCC_RISCV_FREERTOS//home/bitcraze/projects/gap_sdk/rtos/freeRTOS/vendors/gwt/gap8/src/driver/gap_io.o
 .text.pi_cluster_id
                0x000000001c00345c       0x10 /media/sf_Projets_HEIG/BA6/IAA/IAA_Labs/lab3/code/gap8/BUILD/GAP8_V2/GCC_RISCV_FREERTOS//home/bitcraze/projects/gap_sdk/rtos/freeRTOS/vendors/gwt/gap8/src/driver/gap_io.o
 .text.pi_task_callback
                0x000000001c00346c       0x42 /media/sf_Projets_HEIG/BA6/IAA/IAA_Labs/lab3/code/gap8/BUILD/GAP8_V2/GCC_RISCV_FREERTOS//home/bitcraze/projects/gap_sdk/rtos/freeRTOS/vendors/gwt/gap8/src/driver/gap_io.o
 .text.__os_native_exit
                0x000000001c0034ae        0xa /media/sf_Projets_HEIG/BA6/IAA/IAA_Labs/lab3/code/gap8/BUILD/GAP8_V2/GCC_RISCV_FREERTOS//home/bitcraze/projects/gap_sdk/rtos/freeRTOS/vendors/gwt/gap8/src/driver/gap_io.o
 .text.pmsis_exit
                0x000000001c0034b8       0x12 /media/sf_Projets_HEIG/BA6/IAA/IAA_Labs/lab3/code/gap8/BUILD/GAP8_V2/GCC_RISCV_FREERTOS//home/bitcraze/projects/gap_sdk/rtos/freeRTOS/vendors/gwt/gap8/src/driver/gap_io.o
 .text.printf_uart_init
                0x000000001c0034ca       0x82 /media/sf_Projets_HEIG/BA6/IAA/IAA_Labs/lab3/code/gap8/BUILD/GAP8_V2/GCC_RISCV_FREERTOS//home/bitcraze/projects/gap_sdk/rtos/freeRTOS/vendors/gwt/gap8/src/driver/gap_io.o
                0x000000001c0034ca                printf_uart_init
 .text.__uart_write_exec
                0x000000001c00354c       0x4e /media/sf_Projets_HEIG/BA6/IAA/IAA_Labs/lab3/code/gap8/BUILD/GAP8_V2/GCC_RISCV_FREERTOS//home/bitcraze/projects/gap_sdk/rtos/freeRTOS/vendors/gwt/gap8/src/driver/gap_io.o
 .text.__uart_putc_cluster_req
                0x000000001c00359a       0x20 /media/sf_Projets_HEIG/BA6/IAA/IAA_Labs/lab3/code/gap8/BUILD/GAP8_V2/GCC_RISCV_FREERTOS//home/bitcraze/projects/gap_sdk/rtos/freeRTOS/vendors/gwt/gap8/src/driver/gap_io.o
 .text.__uart_putc
                0x000000001c0035ba      0x14a /media/sf_Projets_HEIG/BA6/IAA/IAA_Labs/lab3/code/gap8/BUILD/GAP8_V2/GCC_RISCV_FREERTOS//home/bitcraze/projects/gap_sdk/rtos/freeRTOS/vendors/gwt/gap8/src/driver/gap_io.o
 .text.__uart_printf_flush
                0x000000001c003704       0x80 /media/sf_Projets_HEIG/BA6/IAA/IAA_Labs/lab3/code/gap8/BUILD/GAP8_V2/GCC_RISCV_FREERTOS//home/bitcraze/projects/gap_sdk/rtos/freeRTOS/vendors/gwt/gap8/src/driver/gap_io.o
 .text.tfp_putc
                0x000000001c003784       0x26 /media/sf_Projets_HEIG/BA6/IAA/IAA_Labs/lab3/code/gap8/BUILD/GAP8_V2/GCC_RISCV_FREERTOS//home/bitcraze/projects/gap_sdk/rtos/freeRTOS/vendors/gwt/gap8/src/driver/gap_io.o
 .text._putchar
                0x000000001c0037aa       0x1c /media/sf_Projets_HEIG/BA6/IAA/IAA_Labs/lab3/code/gap8/BUILD/GAP8_V2/GCC_RISCV_FREERTOS//home/bitcraze/projects/gap_sdk/rtos/freeRTOS/vendors/gwt/gap8/src/driver/gap_io.o
                0x000000001c0037aa                _putchar
 .text.system_exit_printf_flush
                0x000000001c0037c6       0x26 /media/sf_Projets_HEIG/BA6/IAA/IAA_Labs/lab3/code/gap8/BUILD/GAP8_V2/GCC_RISCV_FREERTOS//home/bitcraze/projects/gap_sdk/rtos/freeRTOS/vendors/gwt/gap8/src/driver/gap_io.o
                0x000000001c0037c6                system_exit_printf_flush
 .text.exit     0x000000001c0037ec        0xe /media/sf_Projets_HEIG/BA6/IAA/IAA_Labs/lab3/code/gap8/BUILD/GAP8_V2/GCC_RISCV_FREERTOS//home/bitcraze/projects/gap_sdk/rtos/freeRTOS/vendors/gwt/libs/src/stdlib.o
                0x000000001c0037ec                exit
 .text.memcpy   0x000000001c0037fa       0x3e /media/sf_Projets_HEIG/BA6/IAA/IAA_Labs/lab3/code/gap8/BUILD/GAP8_V2/GCC_RISCV_FREERTOS//home/bitcraze/projects/gap_sdk/rtos/freeRTOS/vendors/gwt/libs/src/string.o
                0x000000001c0037fa                memcpy
 .text.memset   0x000000001c003838       0x36 /media/sf_Projets_HEIG/BA6/IAA/IAA_Labs/lab3/code/gap8/BUILD/GAP8_V2/GCC_RISCV_FREERTOS//home/bitcraze/projects/gap_sdk/rtos/freeRTOS/vendors/gwt/libs/src/string.o
                0x000000001c003838                memset
 .text.hal_compiler_barrier
                0x000000001c00386e        0x4 /media/sf_Projets_HEIG/BA6/IAA/IAA_Labs/lab3/code/gap8/BUILD/GAP8_V2/GCC_RISCV_FREERTOS//home/bitcraze/projects/gap_sdk/rtos/freeRTOS/vendors/gwt/gap8/pmsis/cluster/drivers/cluster_synchronisation/cl_to_fc_delegate.o
 .text.hal_write32
                0x000000001c003872       0x1a /media/sf_Projets_HEIG/BA6/IAA/IAA_Labs/lab3/code/gap8/BUILD/GAP8_V2/GCC_RISCV_FREERTOS//home/bitcraze/projects/gap_sdk/rtos/freeRTOS/vendors/gwt/gap8/pmsis/cluster/drivers/cluster_synchronisation/cl_to_fc_delegate.o
 .text.hal_evt_read32
                0x000000001c00388c       0x16 /media/sf_Projets_HEIG/BA6/IAA/IAA_Labs/lab3/code/gap8/BUILD/GAP8_V2/GCC_RISCV_FREERTOS//home/bitcraze/projects/gap_sdk/rtos/freeRTOS/vendors/gwt/gap8/pmsis/cluster/drivers/cluster_synchronisation/cl_to_fc_delegate.o
 .text.hal_eu_evt_mask_set
                0x000000001c0038a2       0x12 /media/sf_Projets_HEIG/BA6/IAA/IAA_Labs/lab3/code/gap8/BUILD/GAP8_V2/GCC_RISCV_FREERTOS//home/bitcraze/projects/gap_sdk/rtos/freeRTOS/vendors/gwt/gap8/pmsis/cluster/drivers/cluster_synchronisation/cl_to_fc_delegate.o
 .text.hal_eu_evt_mask_clr
                0x000000001c0038b4       0x12 /media/sf_Projets_HEIG/BA6/IAA/IAA_Labs/lab3/code/gap8/BUILD/GAP8_V2/GCC_RISCV_FREERTOS//home/bitcraze/projects/gap_sdk/rtos/freeRTOS/vendors/gwt/gap8/pmsis/cluster/drivers/cluster_synchronisation/cl_to_fc_delegate.o
 .text.hal_eu_evt_wait_and_clr
                0x000000001c0038c6       0x1a /media/sf_Projets_HEIG/BA6/IAA/IAA_Labs/lab3/code/gap8/BUILD/GAP8_V2/GCC_RISCV_FREERTOS//home/bitcraze/projects/gap_sdk/rtos/freeRTOS/vendors/gwt/gap8/pmsis/cluster/drivers/cluster_synchronisation/cl_to_fc_delegate.o
 .text.hal_eu_evt_mask_wait_and_clr
                0x000000001c0038e0       0x1c /media/sf_Projets_HEIG/BA6/IAA/IAA_Labs/lab3/code/gap8/BUILD/GAP8_V2/GCC_RISCV_FREERTOS//home/bitcraze/projects/gap_sdk/rtos/freeRTOS/vendors/gwt/gap8/pmsis/cluster/drivers/cluster_synchronisation/cl_to_fc_delegate.o
 .text.hal_eu_cluster_evt_trig_set
                0x000000001c0038fc       0x1e /media/sf_Projets_HEIG/BA6/IAA/IAA_Labs/lab3/code/gap8/BUILD/GAP8_V2/GCC_RISCV_FREERTOS//home/bitcraze/projects/gap_sdk/rtos/freeRTOS/vendors/gwt/gap8/pmsis/cluster/drivers/cluster_synchronisation/cl_to_fc_delegate.o
 .text.hal_eu_fc_evt_trig_set
                0x000000001c00391a       0x26 /media/sf_Projets_HEIG/BA6/IAA/IAA_Labs/lab3/code/gap8/BUILD/GAP8_V2/GCC_RISCV_FREERTOS//home/bitcraze/projects/gap_sdk/rtos/freeRTOS/vendors/gwt/gap8/pmsis/cluster/drivers/cluster_synchronisation/cl_to_fc_delegate.o
 .text.hal_eu_mutex_lock
                0x000000001c003940       0x24 /media/sf_Projets_HEIG/BA6/IAA/IAA_Labs/lab3/code/gap8/BUILD/GAP8_V2/GCC_RISCV_FREERTOS//home/bitcraze/projects/gap_sdk/rtos/freeRTOS/vendors/gwt/gap8/pmsis/cluster/drivers/cluster_synchronisation/cl_to_fc_delegate.o
 .text.hal_eu_mutex_unlock
                0x000000001c003964       0x1c /media/sf_Projets_HEIG/BA6/IAA/IAA_Labs/lab3/code/gap8/BUILD/GAP8_V2/GCC_RISCV_FREERTOS//home/bitcraze/projects/gap_sdk/rtos/freeRTOS/vendors/gwt/gap8/pmsis/cluster/drivers/cluster_synchronisation/cl_to_fc_delegate.o
 .text.pi_task_push
                0x000000001c003980       0x20 /media/sf_Projets_HEIG/BA6/IAA/IAA_Labs/lab3/code/gap8/BUILD/GAP8_V2/GCC_RISCV_FREERTOS//home/bitcraze/projects/gap_sdk/rtos/freeRTOS/vendors/gwt/gap8/pmsis/cluster/drivers/cluster_synchronisation/cl_to_fc_delegate.o
 .text.__os_native_api_disable_irq
                0x000000001c0039a0       0x12 /media/sf_Projets_HEIG/BA6/IAA/IAA_Labs/lab3/code/gap8/BUILD/GAP8_V2/GCC_RISCV_FREERTOS//home/bitcraze/projects/gap_sdk/rtos/freeRTOS/vendors/gwt/gap8/pmsis/cluster/drivers/cluster_synchronisation/cl_to_fc_delegate.o
 .text.__os_native_api_restore_irq
                0x000000001c0039b2       0x14 /media/sf_Projets_HEIG/BA6/IAA/IAA_Labs/lab3/code/gap8/BUILD/GAP8_V2/GCC_RISCV_FREERTOS//home/bitcraze/projects/gap_sdk/rtos/freeRTOS/vendors/gwt/gap8/pmsis/cluster/drivers/cluster_synchronisation/cl_to_fc_delegate.o
 .text.pi_irq_disable
                0x000000001c0039c6       0x12 /media/sf_Projets_HEIG/BA6/IAA/IAA_Labs/lab3/code/gap8/BUILD/GAP8_V2/GCC_RISCV_FREERTOS//home/bitcraze/projects/gap_sdk/rtos/freeRTOS/vendors/gwt/gap8/pmsis/cluster/drivers/cluster_synchronisation/cl_to_fc_delegate.o
 .text.pi_irq_restore
                0x000000001c0039d8       0x14 /media/sf_Projets_HEIG/BA6/IAA/IAA_Labs/lab3/code/gap8/BUILD/GAP8_V2/GCC_RISCV_FREERTOS//home/bitcraze/projects/gap_sdk/rtos/freeRTOS/vendors/gwt/gap8/pmsis/cluster/drivers/cluster_synchronisation/cl_to_fc_delegate.o
 .text.cl_notify_fc_event_handler
                0x000000001c0039ec       0xe8 /media/sf_Projets_HEIG/BA6/IAA/IAA_Labs/lab3/code/gap8/BUILD/GAP8_V2/GCC_RISCV_FREERTOS//home/bitcraze/projects/gap_sdk/rtos/freeRTOS/vendors/gwt/gap8/pmsis/cluster/drivers/cluster_synchronisation/cl_to_fc_delegate.o
                0x000000001c0039ec                cl_notify_fc_event_handler
 .text.pi_cl_send_task_to_fc
                0x000000001c003ad4       0x3c /media/sf_Projets_HEIG/BA6/IAA/IAA_Labs/lab3/code/gap8/BUILD/GAP8_V2/GCC_RISCV_FREERTOS//home/bitcraze/projects/gap_sdk/rtos/freeRTOS/vendors/gwt/gap8/pmsis/cluster/drivers/cluster_synchronisation/cl_to_fc_delegate.o
                0x000000001c003ad4                pi_cl_send_task_to_fc
 .text.__native_cluster_id
                0x000000001c003b10       0x16 /media/sf_Projets_HEIG/BA6/IAA/IAA_Labs/lab3/code/gap8/BUILD/GAP8_V2/GCC_RISCV_FREERTOS//home/bitcraze/projects/gap_sdk/rtos/freeRTOS/vendors/gwt/gap8/pmsis/cluster/drivers/cluster_synchronisation/fc_to_cl_delegate.o
 .text.hal_compiler_barrier
                0x000000001c003b26        0x4 /media/sf_Projets_HEIG/BA6/IAA/IAA_Labs/lab3/code/gap8/BUILD/GAP8_V2/GCC_RISCV_FREERTOS//home/bitcraze/projects/gap_sdk/rtos/freeRTOS/vendors/gwt/gap8/pmsis/cluster/drivers/cluster_synchronisation/fc_to_cl_delegate.o
 .text.cl_sync_test_and_set_lock
                0x000000001c003b2a       0x1c /media/sf_Projets_HEIG/BA6/IAA/IAA_Labs/lab3/code/gap8/BUILD/GAP8_V2/GCC_RISCV_FREERTOS//home/bitcraze/projects/gap_sdk/rtos/freeRTOS/vendors/gwt/gap8/pmsis/cluster/drivers/cluster_synchronisation/fc_to_cl_delegate.o
 .text.cl_sync_spinlock_take
                0x000000001c003b46       0x1a /media/sf_Projets_HEIG/BA6/IAA/IAA_Labs/lab3/code/gap8/BUILD/GAP8_V2/GCC_RISCV_FREERTOS//home/bitcraze/projects/gap_sdk/rtos/freeRTOS/vendors/gwt/gap8/pmsis/cluster/drivers/cluster_synchronisation/fc_to_cl_delegate.o
 .text.cl_sync_spinlock_release
                0x000000001c003b60       0x1a /media/sf_Projets_HEIG/BA6/IAA/IAA_Labs/lab3/code/gap8/BUILD/GAP8_V2/GCC_RISCV_FREERTOS//home/bitcraze/projects/gap_sdk/rtos/freeRTOS/vendors/gwt/gap8/pmsis/cluster/drivers/cluster_synchronisation/fc_to_cl_delegate.o
 .text.cl_task_finish
                0x000000001c003b7a       0x3c /media/sf_Projets_HEIG/BA6/IAA/IAA_Labs/lab3/code/gap8/BUILD/GAP8_V2/GCC_RISCV_FREERTOS//home/bitcraze/projects/gap_sdk/rtos/freeRTOS/vendors/gwt/gap8/pmsis/cluster/drivers/cluster_synchronisation/fc_to_cl_delegate.o
                0x000000001c003b7a                cl_task_finish
 .text.cl_pop_cluster_task
                0x000000001c003bb6       0x7a /media/sf_Projets_HEIG/BA6/IAA/IAA_Labs/lab3/code/gap8/BUILD/GAP8_V2/GCC_RISCV_FREERTOS//home/bitcraze/projects/gap_sdk/rtos/freeRTOS/vendors/gwt/gap8/pmsis/cluster/drivers/cluster_synchronisation/fc_to_cl_delegate.o
 .text.hal_compiler_barrier
                0x000000001c003c30        0x4 /media/sf_Projets_HEIG/BA6/IAA/IAA_Labs/lab3/code/gap8/BUILD/GAP8_V2/GCC_RISCV_FREERTOS//home/bitcraze/projects/gap_sdk/rtos/freeRTOS/vendors/gwt/gap8/pmsis/cluster/drivers/dma/cl_dma_irq.o
 .text.hal_write32
                0x000000001c003c34       0x1a /media/sf_Projets_HEIG/BA6/IAA/IAA_Labs/lab3/code/gap8/BUILD/GAP8_V2/GCC_RISCV_FREERTOS//home/bitcraze/projects/gap_sdk/rtos/freeRTOS/vendors/gwt/gap8/pmsis/cluster/drivers/dma/cl_dma_irq.o
 .text.hal_read32
                0x000000001c003c4e       0x1a /media/sf_Projets_HEIG/BA6/IAA/IAA_Labs/lab3/code/gap8/BUILD/GAP8_V2/GCC_RISCV_FREERTOS//home/bitcraze/projects/gap_sdk/rtos/freeRTOS/vendors/gwt/gap8/pmsis/cluster/drivers/dma/cl_dma_irq.o
 .text.hal_eu_cluster_evt_trig_set
                0x000000001c003c68       0x1e /media/sf_Projets_HEIG/BA6/IAA/IAA_Labs/lab3/code/gap8/BUILD/GAP8_V2/GCC_RISCV_FREERTOS//home/bitcraze/projects/gap_sdk/rtos/freeRTOS/vendors/gwt/gap8/pmsis/cluster/drivers/dma/cl_dma_irq.o
 .text.cl_dma_cmd_set
                0x000000001c003c86       0x1e /media/sf_Projets_HEIG/BA6/IAA/IAA_Labs/lab3/code/gap8/BUILD/GAP8_V2/GCC_RISCV_FREERTOS//home/bitcraze/projects/gap_sdk/rtos/freeRTOS/vendors/gwt/gap8/pmsis/cluster/drivers/dma/cl_dma_irq.o
 .text.cl_dma_cmd_get
                0x000000001c003ca4       0x18 /media/sf_Projets_HEIG/BA6/IAA/IAA_Labs/lab3/code/gap8/BUILD/GAP8_V2/GCC_RISCV_FREERTOS//home/bitcraze/projects/gap_sdk/rtos/freeRTOS/vendors/gwt/gap8/pmsis/cluster/drivers/dma/cl_dma_irq.o
 .text.cl_dma_status_set
                0x000000001c003cbc       0x1e /media/sf_Projets_HEIG/BA6/IAA/IAA_Labs/lab3/code/gap8/BUILD/GAP8_V2/GCC_RISCV_FREERTOS//home/bitcraze/projects/gap_sdk/rtos/freeRTOS/vendors/gwt/gap8/pmsis/cluster/drivers/dma/cl_dma_irq.o
 .text.hal_cl_dma_tid_get
                0x000000001c003cda       0x14 /media/sf_Projets_HEIG/BA6/IAA/IAA_Labs/lab3/code/gap8/BUILD/GAP8_V2/GCC_RISCV_FREERTOS//home/bitcraze/projects/gap_sdk/rtos/freeRTOS/vendors/gwt/gap8/pmsis/cluster/drivers/dma/cl_dma_irq.o
 .text.hal_cl_dma_1d_transfer_push
                0x000000001c003cee       0x1e /media/sf_Projets_HEIG/BA6/IAA/IAA_Labs/lab3/code/gap8/BUILD/GAP8_V2/GCC_RISCV_FREERTOS//home/bitcraze/projects/gap_sdk/rtos/freeRTOS/vendors/gwt/gap8/pmsis/cluster/drivers/dma/cl_dma_irq.o
 .text.hal_cl_dma_tid_free
                0x000000001c003d0c       0x20 /media/sf_Projets_HEIG/BA6/IAA/IAA_Labs/lab3/code/gap8/BUILD/GAP8_V2/GCC_RISCV_FREERTOS//home/bitcraze/projects/gap_sdk/rtos/freeRTOS/vendors/gwt/gap8/pmsis/cluster/drivers/dma/cl_dma_irq.o
 .text.pi_cl_dma_2d_handler
                0x000000001c003d2c       0xca /media/sf_Projets_HEIG/BA6/IAA/IAA_Labs/lab3/code/gap8/BUILD/GAP8_V2/GCC_RISCV_FREERTOS//home/bitcraze/projects/gap_sdk/rtos/freeRTOS/vendors/gwt/gap8/pmsis/cluster/drivers/dma/cl_dma_irq.o
                0x000000001c003d2c                pi_cl_dma_2d_handler
 .text.__NVIC_EnableIRQ
                0x000000001c003df6       0x26 /media/sf_Projets_HEIG/BA6/IAA/IAA_Labs/lab3/code/gap8/BUILD/GAP8_V2/GCC_RISCV_FREERTOS//home/bitcraze/projects/gap_sdk/rtos/freeRTOS/vendors/gwt/gap8/pmsis/drivers/fc_event/fc_event.o
 .text.hal_compiler_barrier
                0x000000001c003e1c        0x4 /media/sf_Projets_HEIG/BA6/IAA/IAA_Labs/lab3/code/gap8/BUILD/GAP8_V2/GCC_RISCV_FREERTOS//home/bitcraze/projects/gap_sdk/rtos/freeRTOS/vendors/gwt/gap8/pmsis/drivers/fc_event/fc_event.o
 .text.hal_write32
                0x000000001c003e20       0x1a /media/sf_Projets_HEIG/BA6/IAA/IAA_Labs/lab3/code/gap8/BUILD/GAP8_V2/GCC_RISCV_FREERTOS//home/bitcraze/projects/gap_sdk/rtos/freeRTOS/vendors/gwt/gap8/pmsis/drivers/fc_event/fc_event.o
 .text.hal_read32
                0x000000001c003e3a       0x1a /media/sf_Projets_HEIG/BA6/IAA/IAA_Labs/lab3/code/gap8/BUILD/GAP8_V2/GCC_RISCV_FREERTOS//home/bitcraze/projects/gap_sdk/rtos/freeRTOS/vendors/gwt/gap8/pmsis/drivers/fc_event/fc_event.o
 .text.hal_eu_fc_evt_demux_trig_set
                0x000000001c003e54       0x26 /media/sf_Projets_HEIG/BA6/IAA/IAA_Labs/lab3/code/gap8/BUILD/GAP8_V2/GCC_RISCV_FREERTOS//home/bitcraze/projects/gap_sdk/rtos/freeRTOS/vendors/gwt/gap8/pmsis/drivers/fc_event/fc_event.o
 .text.fc_event_null_event
                0x000000001c003e7a        0xa /media/sf_Projets_HEIG/BA6/IAA/IAA_Labs/lab3/code/gap8/BUILD/GAP8_V2/GCC_RISCV_FREERTOS//home/bitcraze/projects/gap_sdk/rtos/freeRTOS/vendors/gwt/gap8/pmsis/drivers/fc_event/fc_event.o
 .text.pi_fc_event_handler_init
                0x000000001c003e84       0x2c /media/sf_Projets_HEIG/BA6/IAA/IAA_Labs/lab3/code/gap8/BUILD/GAP8_V2/GCC_RISCV_FREERTOS//home/bitcraze/projects/gap_sdk/rtos/freeRTOS/vendors/gwt/gap8/pmsis/drivers/fc_event/fc_event.o
                0x000000001c003e84                pi_fc_event_handler_init
 .text.pi_fc_event_handler_set
                0x000000001c003eb0       0x1e /media/sf_Projets_HEIG/BA6/IAA/IAA_Labs/lab3/code/gap8/BUILD/GAP8_V2/GCC_RISCV_FREERTOS//home/bitcraze/projects/gap_sdk/rtos/freeRTOS/vendors/gwt/gap8/pmsis/drivers/fc_event/fc_event.o
                0x000000001c003eb0                pi_fc_event_handler_set
 .text.pi_fc_event_handler_clear
                0x000000001c003ece       0x22 /media/sf_Projets_HEIG/BA6/IAA/IAA_Labs/lab3/code/gap8/BUILD/GAP8_V2/GCC_RISCV_FREERTOS//home/bitcraze/projects/gap_sdk/rtos/freeRTOS/vendors/gwt/gap8/pmsis/drivers/fc_event/fc_event.o
                0x000000001c003ece                pi_fc_event_handler_clear
 .text.hal_compiler_barrier
                0x000000001c003ef0        0x4 /media/sf_Projets_HEIG/BA6/IAA/IAA_Labs/lab3/code/gap8/BUILD/GAP8_V2/GCC_RISCV_FREERTOS//home/bitcraze/projects/gap_sdk/rtos/freeRTOS/vendors/gwt/gap8/pmsis/drivers/fll/fll.o
 .text.hal_write32
                0x000000001c003ef4       0x1a /media/sf_Projets_HEIG/BA6/IAA/IAA_Labs/lab3/code/gap8/BUILD/GAP8_V2/GCC_RISCV_FREERTOS//home/bitcraze/projects/gap_sdk/rtos/freeRTOS/vendors/gwt/gap8/pmsis/drivers/fll/fll.o
 .text.hal_read32
                0x000000001c003f0e       0x1a /media/sf_Projets_HEIG/BA6/IAA/IAA_Labs/lab3/code/gap8/BUILD/GAP8_V2/GCC_RISCV_FREERTOS//home/bitcraze/projects/gap_sdk/rtos/freeRTOS/vendors/gwt/gap8/pmsis/drivers/fll/fll.o
 .text.fll_ctrl_status_get
                0x000000001c003f28       0x16 /media/sf_Projets_HEIG/BA6/IAA/IAA_Labs/lab3/code/gap8/BUILD/GAP8_V2/GCC_RISCV_FREERTOS//home/bitcraze/projects/gap_sdk/rtos/freeRTOS/vendors/gwt/gap8/pmsis/drivers/fll/fll.o
 .text.fll_ctrl_conf1_get
                0x000000001c003f3e       0x18 /media/sf_Projets_HEIG/BA6/IAA/IAA_Labs/lab3/code/gap8/BUILD/GAP8_V2/GCC_RISCV_FREERTOS//home/bitcraze/projects/gap_sdk/rtos/freeRTOS/vendors/gwt/gap8/pmsis/drivers/fll/fll.o
 .text.fll_ctrl_conf1_set
                0x000000001c003f56       0x1a /media/sf_Projets_HEIG/BA6/IAA/IAA_Labs/lab3/code/gap8/BUILD/GAP8_V2/GCC_RISCV_FREERTOS//home/bitcraze/projects/gap_sdk/rtos/freeRTOS/vendors/gwt/gap8/pmsis/drivers/fll/fll.o
 .text.fll_ctrl_conf2_set
                0x000000001c003f70       0x1a /media/sf_Projets_HEIG/BA6/IAA/IAA_Labs/lab3/code/gap8/BUILD/GAP8_V2/GCC_RISCV_FREERTOS//home/bitcraze/projects/gap_sdk/rtos/freeRTOS/vendors/gwt/gap8/pmsis/drivers/fll/fll.o
 .text.fll_ctrl_integrator_set
                0x000000001c003f8a       0x1a /media/sf_Projets_HEIG/BA6/IAA/IAA_Labs/lab3/code/gap8/BUILD/GAP8_V2/GCC_RISCV_FREERTOS//home/bitcraze/projects/gap_sdk/rtos/freeRTOS/vendors/gwt/gap8/pmsis/drivers/fll/fll.o
 .text.hal_fll_status_mult_factor_get
                0x000000001c003fa4       0x30 /media/sf_Projets_HEIG/BA6/IAA/IAA_Labs/lab3/code/gap8/BUILD/GAP8_V2/GCC_RISCV_FREERTOS//home/bitcraze/projects/gap_sdk/rtos/freeRTOS/vendors/gwt/gap8/pmsis/drivers/fll/fll.o
 .text.hal_fll_conf1_get
                0x000000001c003fd4       0x28 /media/sf_Projets_HEIG/BA6/IAA/IAA_Labs/lab3/code/gap8/BUILD/GAP8_V2/GCC_RISCV_FREERTOS//home/bitcraze/projects/gap_sdk/rtos/freeRTOS/vendors/gwt/gap8/pmsis/drivers/fll/fll.o
 .text.hal_fll_conf1_mask_set
                0x000000001c003ffc       0x2a /media/sf_Projets_HEIG/BA6/IAA/IAA_Labs/lab3/code/gap8/BUILD/GAP8_V2/GCC_RISCV_FREERTOS//home/bitcraze/projects/gap_sdk/rtos/freeRTOS/vendors/gwt/gap8/pmsis/drivers/fll/fll.o
 .text.hal_fll_conf1_div_get
                0x000000001c004026       0x2c /media/sf_Projets_HEIG/BA6/IAA/IAA_Labs/lab3/code/gap8/BUILD/GAP8_V2/GCC_RISCV_FREERTOS//home/bitcraze/projects/gap_sdk/rtos/freeRTOS/vendors/gwt/gap8/pmsis/drivers/fll/fll.o
 .text.hal_fll_conf2_mask_set
                0x000000001c004052       0x2a /media/sf_Projets_HEIG/BA6/IAA/IAA_Labs/lab3/code/gap8/BUILD/GAP8_V2/GCC_RISCV_FREERTOS//home/bitcraze/projects/gap_sdk/rtos/freeRTOS/vendors/gwt/gap8/pmsis/drivers/fll/fll.o
 .text.hal_fll_integrator_set
                0x000000001c00407c       0x2a /media/sf_Projets_HEIG/BA6/IAA/IAA_Labs/lab3/code/gap8/BUILD/GAP8_V2/GCC_RISCV_FREERTOS//home/bitcraze/projects/gap_sdk/rtos/freeRTOS/vendors/gwt/gap8/pmsis/drivers/fll/fll.o
 .text.__pi_fll_mult_div_from_frequency_get
                0x000000001c0040a6       0x56 /media/sf_Projets_HEIG/BA6/IAA/IAA_Labs/lab3/code/gap8/BUILD/GAP8_V2/GCC_RISCV_FREERTOS//home/bitcraze/projects/gap_sdk/rtos/freeRTOS/vendors/gwt/gap8/pmsis/drivers/fll/fll.o
 .text.__pi_fll_frequency_from_mult_div_get
                0x000000001c0040fc       0x22 /media/sf_Projets_HEIG/BA6/IAA/IAA_Labs/lab3/code/gap8/BUILD/GAP8_V2/GCC_RISCV_FREERTOS//home/bitcraze/projects/gap_sdk/rtos/freeRTOS/vendors/gwt/gap8/pmsis/drivers/fll/fll.o
 .text.pi_fll_init
                0x000000001c00411e       0xcc /media/sf_Projets_HEIG/BA6/IAA/IAA_Labs/lab3/code/gap8/BUILD/GAP8_V2/GCC_RISCV_FREERTOS//home/bitcraze/projects/gap_sdk/rtos/freeRTOS/vendors/gwt/gap8/pmsis/drivers/fll/fll.o
                0x000000001c00411e                pi_fll_init
 .text.pi_fll_frequency_set
                0x000000001c0041ea       0xd0 /media/sf_Projets_HEIG/BA6/IAA/IAA_Labs/lab3/code/gap8/BUILD/GAP8_V2/GCC_RISCV_FREERTOS//home/bitcraze/projects/gap_sdk/rtos/freeRTOS/vendors/gwt/gap8/pmsis/drivers/fll/fll.o
                0x000000001c0041ea                pi_fll_frequency_set
 .text.pi_fll_frequency_get
                0x000000001c0042ba       0x70 /media/sf_Projets_HEIG/BA6/IAA/IAA_Labs/lab3/code/gap8/BUILD/GAP8_V2/GCC_RISCV_FREERTOS//home/bitcraze/projects/gap_sdk/rtos/freeRTOS/vendors/gwt/gap8/pmsis/drivers/fll/fll.o
                0x000000001c0042ba                pi_fll_frequency_get
 .text.pi_freq_callback_add
                0x000000001c00432a       0x4c /media/sf_Projets_HEIG/BA6/IAA/IAA_Labs/lab3/code/gap8/BUILD/GAP8_V2/GCC_RISCV_FREERTOS//home/bitcraze/projects/gap_sdk/rtos/freeRTOS/vendors/gwt/gap8/pmsis/drivers/fll/fll.o
                0x000000001c00432a                pi_freq_callback_add
 .text.pi_freq_callback_remove
                0x000000001c004376       0x9e /media/sf_Projets_HEIG/BA6/IAA/IAA_Labs/lab3/code/gap8/BUILD/GAP8_V2/GCC_RISCV_FREERTOS//home/bitcraze/projects/gap_sdk/rtos/freeRTOS/vendors/gwt/gap8/pmsis/drivers/fll/fll.o
                0x000000001c004376                pi_freq_callback_remove
 .text.pi_freq_callback_exec
                0x000000001c004414       0x2e /media/sf_Projets_HEIG/BA6/IAA/IAA_Labs/lab3/code/gap8/BUILD/GAP8_V2/GCC_RISCV_FREERTOS//home/bitcraze/projects/gap_sdk/rtos/freeRTOS/vendors/gwt/gap8/pmsis/drivers/fll/fll.o
                0x000000001c004414                pi_freq_callback_exec
 .text.hal_compiler_barrier
                0x000000001c004442        0x4 /media/sf_Projets_HEIG/BA6/IAA/IAA_Labs/lab3/code/gap8/BUILD/GAP8_V2/GCC_RISCV_FREERTOS//home/bitcraze/projects/gap_sdk/rtos/freeRTOS/vendors/gwt/gap8/pmsis/drivers/gpio/gpio.o
 .text.hal_write32
                0x000000001c004446       0x1a /media/sf_Projets_HEIG/BA6/IAA/IAA_Labs/lab3/code/gap8/BUILD/GAP8_V2/GCC_RISCV_FREERTOS//home/bitcraze/projects/gap_sdk/rtos/freeRTOS/vendors/gwt/gap8/pmsis/drivers/gpio/gpio.o
 .text.hal_read32
                0x000000001c004460       0x1a /media/sf_Projets_HEIG/BA6/IAA/IAA_Labs/lab3/code/gap8/BUILD/GAP8_V2/GCC_RISCV_FREERTOS//home/bitcraze/projects/gap_sdk/rtos/freeRTOS/vendors/gwt/gap8/pmsis/drivers/gpio/gpio.o
 .text.gpio_paddir_set
                0x000000001c00447a       0x16 /media/sf_Projets_HEIG/BA6/IAA/IAA_Labs/lab3/code/gap8/BUILD/GAP8_V2/GCC_RISCV_FREERTOS//home/bitcraze/projects/gap_sdk/rtos/freeRTOS/vendors/gwt/gap8/pmsis/drivers/gpio/gpio.o
 .text.gpio_paddir_get
                0x000000001c004490       0x14 /media/sf_Projets_HEIG/BA6/IAA/IAA_Labs/lab3/code/gap8/BUILD/GAP8_V2/GCC_RISCV_FREERTOS//home/bitcraze/projects/gap_sdk/rtos/freeRTOS/vendors/gwt/gap8/pmsis/drivers/gpio/gpio.o
 .text.gpio_padin_get
                0x000000001c0044a4       0x18 /media/sf_Projets_HEIG/BA6/IAA/IAA_Labs/lab3/code/gap8/BUILD/GAP8_V2/GCC_RISCV_FREERTOS//home/bitcraze/projects/gap_sdk/rtos/freeRTOS/vendors/gwt/gap8/pmsis/drivers/gpio/gpio.o
 .text.gpio_padout_set
                0x000000001c0044bc       0x1a /media/sf_Projets_HEIG/BA6/IAA/IAA_Labs/lab3/code/gap8/BUILD/GAP8_V2/GCC_RISCV_FREERTOS//home/bitcraze/projects/gap_sdk/rtos/freeRTOS/vendors/gwt/gap8/pmsis/drivers/gpio/gpio.o
 .text.gpio_padout_get
                0x000000001c0044d6       0x18 /media/sf_Projets_HEIG/BA6/IAA/IAA_Labs/lab3/code/gap8/BUILD/GAP8_V2/GCC_RISCV_FREERTOS//home/bitcraze/projects/gap_sdk/rtos/freeRTOS/vendors/gwt/gap8/pmsis/drivers/gpio/gpio.o
 .text.gpio_inten_set
                0x000000001c0044ee       0x1a /media/sf_Projets_HEIG/BA6/IAA/IAA_Labs/lab3/code/gap8/BUILD/GAP8_V2/GCC_RISCV_FREERTOS//home/bitcraze/projects/gap_sdk/rtos/freeRTOS/vendors/gwt/gap8/pmsis/drivers/gpio/gpio.o
 .text.gpio_inten_get
                0x000000001c004508       0x18 /media/sf_Projets_HEIG/BA6/IAA/IAA_Labs/lab3/code/gap8/BUILD/GAP8_V2/GCC_RISCV_FREERTOS//home/bitcraze/projects/gap_sdk/rtos/freeRTOS/vendors/gwt/gap8/pmsis/drivers/gpio/gpio.o
 .text.gpio_inttype_set
                0x000000001c004520       0x2a /media/sf_Projets_HEIG/BA6/IAA/IAA_Labs/lab3/code/gap8/BUILD/GAP8_V2/GCC_RISCV_FREERTOS//home/bitcraze/projects/gap_sdk/rtos/freeRTOS/vendors/gwt/gap8/pmsis/drivers/gpio/gpio.o
 .text.gpio_inttype_get
                0x000000001c00454a       0x28 /media/sf_Projets_HEIG/BA6/IAA/IAA_Labs/lab3/code/gap8/BUILD/GAP8_V2/GCC_RISCV_FREERTOS//home/bitcraze/projects/gap_sdk/rtos/freeRTOS/vendors/gwt/gap8/pmsis/drivers/gpio/gpio.o
 .text.gpio_intstatus_get
                0x000000001c004572       0x18 /media/sf_Projets_HEIG/BA6/IAA/IAA_Labs/lab3/code/gap8/BUILD/GAP8_V2/GCC_RISCV_FREERTOS//home/bitcraze/projects/gap_sdk/rtos/freeRTOS/vendors/gwt/gap8/pmsis/drivers/gpio/gpio.o
 .text.gpio_gpioen_set
                0x000000001c00458a       0x1a /media/sf_Projets_HEIG/BA6/IAA/IAA_Labs/lab3/code/gap8/BUILD/GAP8_V2/GCC_RISCV_FREERTOS//home/bitcraze/projects/gap_sdk/rtos/freeRTOS/vendors/gwt/gap8/pmsis/drivers/gpio/gpio.o
 .text.gpio_gpioen_get
                0x000000001c0045a4       0x18 /media/sf_Projets_HEIG/BA6/IAA/IAA_Labs/lab3/code/gap8/BUILD/GAP8_V2/GCC_RISCV_FREERTOS//home/bitcraze/projects/gap_sdk/rtos/freeRTOS/vendors/gwt/gap8/pmsis/drivers/gpio/gpio.o
 .text.gpio_padcfg_set
                0x000000001c0045bc       0x2e /media/sf_Projets_HEIG/BA6/IAA/IAA_Labs/lab3/code/gap8/BUILD/GAP8_V2/GCC_RISCV_FREERTOS//home/bitcraze/projects/gap_sdk/rtos/freeRTOS/vendors/gwt/gap8/pmsis/drivers/gpio/gpio.o
 .text.gpio_padcfg_get
                0x000000001c0045ea       0x2c /media/sf_Projets_HEIG/BA6/IAA/IAA_Labs/lab3/code/gap8/BUILD/GAP8_V2/GCC_RISCV_FREERTOS//home/bitcraze/projects/gap_sdk/rtos/freeRTOS/vendors/gwt/gap8/pmsis/drivers/gpio/gpio.o
 .text.hal_gpio_pin_direction_set
                0x000000001c004616       0x4e /media/sf_Projets_HEIG/BA6/IAA/IAA_Labs/lab3/code/gap8/BUILD/GAP8_V2/GCC_RISCV_FREERTOS//home/bitcraze/projects/gap_sdk/rtos/freeRTOS/vendors/gwt/gap8/pmsis/drivers/gpio/gpio.o
 .text.hal_gpio_pin_input_value_get
                0x000000001c004664       0x32 /media/sf_Projets_HEIG/BA6/IAA/IAA_Labs/lab3/code/gap8/BUILD/GAP8_V2/GCC_RISCV_FREERTOS//home/bitcraze/projects/gap_sdk/rtos/freeRTOS/vendors/gwt/gap8/pmsis/drivers/gpio/gpio.o
 .text.hal_gpio_pin_output_value_set
                0x000000001c004696       0x4e /media/sf_Projets_HEIG/BA6/IAA/IAA_Labs/lab3/code/gap8/BUILD/GAP8_V2/GCC_RISCV_FREERTOS//home/bitcraze/projects/gap_sdk/rtos/freeRTOS/vendors/gwt/gap8/pmsis/drivers/gpio/gpio.o
 .text.hal_gpio_pin_output_value_get
                0x000000001c0046e4       0x32 /media/sf_Projets_HEIG/BA6/IAA/IAA_Labs/lab3/code/gap8/BUILD/GAP8_V2/GCC_RISCV_FREERTOS//home/bitcraze/projects/gap_sdk/rtos/freeRTOS/vendors/gwt/gap8/pmsis/drivers/gpio/gpio.o
 .text.hal_gpio_pin_irq_set
                0x000000001c004716       0x4e /media/sf_Projets_HEIG/BA6/IAA/IAA_Labs/lab3/code/gap8/BUILD/GAP8_V2/GCC_RISCV_FREERTOS//home/bitcraze/projects/gap_sdk/rtos/freeRTOS/vendors/gwt/gap8/pmsis/drivers/gpio/gpio.o
 .text.hal_gpio_pin_irq_type_set
                0x000000001c004764       0x72 /media/sf_Projets_HEIG/BA6/IAA/IAA_Labs/lab3/code/gap8/BUILD/GAP8_V2/GCC_RISCV_FREERTOS//home/bitcraze/projects/gap_sdk/rtos/freeRTOS/vendors/gwt/gap8/pmsis/drivers/gpio/gpio.o
 .text.hal_gpio_irq_status_get
                0x000000001c0047d6       0x12 /media/sf_Projets_HEIG/BA6/IAA/IAA_Labs/lab3/code/gap8/BUILD/GAP8_V2/GCC_RISCV_FREERTOS//home/bitcraze/projects/gap_sdk/rtos/freeRTOS/vendors/gwt/gap8/pmsis/drivers/gpio/gpio.o
 .text.hal_gpio_pin_enable
                0x000000001c0047e8       0x4e /media/sf_Projets_HEIG/BA6/IAA/IAA_Labs/lab3/code/gap8/BUILD/GAP8_V2/GCC_RISCV_FREERTOS//home/bitcraze/projects/gap_sdk/rtos/freeRTOS/vendors/gwt/gap8/pmsis/drivers/gpio/gpio.o
 .text.hal_gpio_pin_config_set
                0x000000001c004836       0x84 /media/sf_Projets_HEIG/BA6/IAA/IAA_Labs/lab3/code/gap8/BUILD/GAP8_V2/GCC_RISCV_FREERTOS//home/bitcraze/projects/gap_sdk/rtos/freeRTOS/vendors/gwt/gap8/pmsis/drivers/gpio/gpio.o
 .text.hal_soc_eu_set_fc_mask
                0x000000001c0048ba       0x5a /media/sf_Projets_HEIG/BA6/IAA/IAA_Labs/lab3/code/gap8/BUILD/GAP8_V2/GCC_RISCV_FREERTOS//home/bitcraze/projects/gap_sdk/rtos/freeRTOS/vendors/gwt/gap8/pmsis/drivers/gpio/gpio.o
 .text.__pi_irq_handle_end_of_task
                0x000000001c004914       0x26 /media/sf_Projets_HEIG/BA6/IAA/IAA_Labs/lab3/code/gap8/BUILD/GAP8_V2/GCC_RISCV_FREERTOS//home/bitcraze/projects/gap_sdk/rtos/freeRTOS/vendors/gwt/gap8/pmsis/drivers/gpio/gpio.o
 .text.pi_task_push
                0x000000001c00493a       0x20 /media/sf_Projets_HEIG/BA6/IAA/IAA_Labs/lab3/code/gap8/BUILD/GAP8_V2/GCC_RISCV_FREERTOS//home/bitcraze/projects/gap_sdk/rtos/freeRTOS/vendors/gwt/gap8/pmsis/drivers/gpio/gpio.o
 .text.__os_native_api_disable_irq
                0x000000001c00495a       0x12 /media/sf_Projets_HEIG/BA6/IAA/IAA_Labs/lab3/code/gap8/BUILD/GAP8_V2/GCC_RISCV_FREERTOS//home/bitcraze/projects/gap_sdk/rtos/freeRTOS/vendors/gwt/gap8/pmsis/drivers/gpio/gpio.o
 .text.__os_native_api_restore_irq
                0x000000001c00496c       0x14 /media/sf_Projets_HEIG/BA6/IAA/IAA_Labs/lab3/code/gap8/BUILD/GAP8_V2/GCC_RISCV_FREERTOS//home/bitcraze/projects/gap_sdk/rtos/freeRTOS/vendors/gwt/gap8/pmsis/drivers/gpio/gpio.o
 .text.pi_irq_disable
                0x000000001c004980       0x14 /media/sf_Projets_HEIG/BA6/IAA/IAA_Labs/lab3/code/gap8/BUILD/GAP8_V2/GCC_RISCV_FREERTOS//home/bitcraze/projects/gap_sdk/rtos/freeRTOS/vendors/gwt/gap8/pmsis/drivers/gpio/gpio.o
 .text.pi_irq_restore
                0x000000001c004994       0x16 /media/sf_Projets_HEIG/BA6/IAA/IAA_Labs/lab3/code/gap8/BUILD/GAP8_V2/GCC_RISCV_FREERTOS//home/bitcraze/projects/gap_sdk/rtos/freeRTOS/vendors/gwt/gap8/pmsis/drivers/gpio/gpio.o
 .text.__pi_gpio_callback_add
                0x000000001c0049aa       0x40 /media/sf_Projets_HEIG/BA6/IAA/IAA_Labs/lab3/code/gap8/BUILD/GAP8_V2/GCC_RISCV_FREERTOS//home/bitcraze/projects/gap_sdk/rtos/freeRTOS/vendors/gwt/gap8/pmsis/drivers/gpio/gpio.o
 .text.__pi_gpio_callback_fire
                0x000000001c0049ea       0x3c /media/sf_Projets_HEIG/BA6/IAA/IAA_Labs/lab3/code/gap8/BUILD/GAP8_V2/GCC_RISCV_FREERTOS//home/bitcraze/projects/gap_sdk/rtos/freeRTOS/vendors/gwt/gap8/pmsis/drivers/gpio/gpio.o
 .text.gpio_handler
                0x000000001c004a26       0x80 /media/sf_Projets_HEIG/BA6/IAA/IAA_Labs/lab3/code/gap8/BUILD/GAP8_V2/GCC_RISCV_FREERTOS//home/bitcraze/projects/gap_sdk/rtos/freeRTOS/vendors/gwt/gap8/pmsis/drivers/gpio/gpio.o
 .text.pi_gpio_conf_init
                0x000000001c004aa6       0x16 /media/sf_Projets_HEIG/BA6/IAA/IAA_Labs/lab3/code/gap8/BUILD/GAP8_V2/GCC_RISCV_FREERTOS//home/bitcraze/projects/gap_sdk/rtos/freeRTOS/vendors/gwt/gap8/pmsis/drivers/gpio/gpio.o
                0x000000001c004aa6                pi_gpio_conf_init
 .text.pi_gpio_open
                0x000000001c004abc       0xee /media/sf_Projets_HEIG/BA6/IAA/IAA_Labs/lab3/code/gap8/BUILD/GAP8_V2/GCC_RISCV_FREERTOS//home/bitcraze/projects/gap_sdk/rtos/freeRTOS/vendors/gwt/gap8/pmsis/drivers/gpio/gpio.o
                0x000000001c004abc                pi_gpio_open
 .text.pi_gpio_pin_configure
                0x000000001c004baa       0xfa /media/sf_Projets_HEIG/BA6/IAA/IAA_Labs/lab3/code/gap8/BUILD/GAP8_V2/GCC_RISCV_FREERTOS//home/bitcraze/projects/gap_sdk/rtos/freeRTOS/vendors/gwt/gap8/pmsis/drivers/gpio/gpio.o
                0x000000001c004baa                pi_gpio_pin_configure
 .text.pi_gpio_pin_write
                0x000000001c004ca4       0x5e /media/sf_Projets_HEIG/BA6/IAA/IAA_Labs/lab3/code/gap8/BUILD/GAP8_V2/GCC_RISCV_FREERTOS//home/bitcraze/projects/gap_sdk/rtos/freeRTOS/vendors/gwt/gap8/pmsis/drivers/gpio/gpio.o
                0x000000001c004ca4                pi_gpio_pin_write
 .text.pi_gpio_pin_read
                0x000000001c004d02       0x86 /media/sf_Projets_HEIG/BA6/IAA/IAA_Labs/lab3/code/gap8/BUILD/GAP8_V2/GCC_RISCV_FREERTOS//home/bitcraze/projects/gap_sdk/rtos/freeRTOS/vendors/gwt/gap8/pmsis/drivers/gpio/gpio.o
                0x000000001c004d02                pi_gpio_pin_read
 .text.pi_gpio_pin_notif_configure
                0x000000001c004d88       0x7a /media/sf_Projets_HEIG/BA6/IAA/IAA_Labs/lab3/code/gap8/BUILD/GAP8_V2/GCC_RISCV_FREERTOS//home/bitcraze/projects/gap_sdk/rtos/freeRTOS/vendors/gwt/gap8/pmsis/drivers/gpio/gpio.o
                0x000000001c004d88                pi_gpio_pin_notif_configure
 .text.pi_gpio_callback_add
                0x000000001c004e02       0x20 /media/sf_Projets_HEIG/BA6/IAA/IAA_Labs/lab3/code/gap8/BUILD/GAP8_V2/GCC_RISCV_FREERTOS//home/bitcraze/projects/gap_sdk/rtos/freeRTOS/vendors/gwt/gap8/pmsis/drivers/gpio/gpio.o
                0x000000001c004e02                pi_gpio_callback_add
 .text.hal_compiler_barrier
                0x000000001c004e22        0x4 /media/sf_Projets_HEIG/BA6/IAA/IAA_Labs/lab3/code/gap8/BUILD/GAP8_V2/GCC_RISCV_FREERTOS//home/bitcraze/projects/gap_sdk/rtos/freeRTOS/vendors/gwt/gap8/pmsis/drivers/pad/pad.o
 .text.hal_write32
                0x000000001c004e26       0x1a /media/sf_Projets_HEIG/BA6/IAA/IAA_Labs/lab3/code/gap8/BUILD/GAP8_V2/GCC_RISCV_FREERTOS//home/bitcraze/projects/gap_sdk/rtos/freeRTOS/vendors/gwt/gap8/pmsis/drivers/pad/pad.o
 .text.hal_read32
                0x000000001c004e40       0x1a /media/sf_Projets_HEIG/BA6/IAA/IAA_Labs/lab3/code/gap8/BUILD/GAP8_V2/GCC_RISCV_FREERTOS//home/bitcraze/projects/gap_sdk/rtos/freeRTOS/vendors/gwt/gap8/pmsis/drivers/pad/pad.o
 .text.soc_ctrl_safe_padfun_set
                0x000000001c004e5a       0x2c /media/sf_Projets_HEIG/BA6/IAA/IAA_Labs/lab3/code/gap8/BUILD/GAP8_V2/GCC_RISCV_FREERTOS//home/bitcraze/projects/gap_sdk/rtos/freeRTOS/vendors/gwt/gap8/pmsis/drivers/pad/pad.o
 .text.soc_ctrl_safe_padfun_get
                0x000000001c004e86       0x2a /media/sf_Projets_HEIG/BA6/IAA/IAA_Labs/lab3/code/gap8/BUILD/GAP8_V2/GCC_RISCV_FREERTOS//home/bitcraze/projects/gap_sdk/rtos/freeRTOS/vendors/gwt/gap8/pmsis/drivers/pad/pad.o
 .text.hal_pad_function_set
                0x000000001c004eb0       0x72 /media/sf_Projets_HEIG/BA6/IAA/IAA_Labs/lab3/code/gap8/BUILD/GAP8_V2/GCC_RISCV_FREERTOS//home/bitcraze/projects/gap_sdk/rtos/freeRTOS/vendors/gwt/gap8/pmsis/drivers/pad/pad.o
 .text.hal_pad_padfunc_set
                0x000000001c004f22       0x20 /media/sf_Projets_HEIG/BA6/IAA/IAA_Labs/lab3/code/gap8/BUILD/GAP8_V2/GCC_RISCV_FREERTOS//home/bitcraze/projects/gap_sdk/rtos/freeRTOS/vendors/gwt/gap8/pmsis/drivers/pad/pad.o
 .text.pi_pad_set_function
                0x000000001c004f42       0x24 /media/sf_Projets_HEIG/BA6/IAA/IAA_Labs/lab3/code/gap8/BUILD/GAP8_V2/GCC_RISCV_FREERTOS//home/bitcraze/projects/gap_sdk/rtos/freeRTOS/vendors/gwt/gap8/pmsis/drivers/pad/pad.o
                0x000000001c004f42                pi_pad_set_function
 .text.pi_pad_init
                0x000000001c004f66       0x38 /media/sf_Projets_HEIG/BA6/IAA/IAA_Labs/lab3/code/gap8/BUILD/GAP8_V2/GCC_RISCV_FREERTOS//home/bitcraze/projects/gap_sdk/rtos/freeRTOS/vendors/gwt/gap8/pmsis/drivers/pad/pad.o
                0x000000001c004f66                pi_pad_init
 .text.hal_compiler_barrier
                0x000000001c004f9e        0x4 /media/sf_Projets_HEIG/BA6/IAA/IAA_Labs/lab3/code/gap8/BUILD/GAP8_V2/GCC_RISCV_FREERTOS//home/bitcraze/projects/gap_sdk/rtos/freeRTOS/vendors/gwt/gap8/pmsis/drivers/pmu/pmu_internal.o
 .text.hal_write32
                0x000000001c004fa2       0x1a /media/sf_Projets_HEIG/BA6/IAA/IAA_Labs/lab3/code/gap8/BUILD/GAP8_V2/GCC_RISCV_FREERTOS//home/bitcraze/projects/gap_sdk/rtos/freeRTOS/vendors/gwt/gap8/pmsis/drivers/pmu/pmu_internal.o
 .text.hal_read32
                0x000000001c004fbc       0x1a /media/sf_Projets_HEIG/BA6/IAA/IAA_Labs/lab3/code/gap8/BUILD/GAP8_V2/GCC_RISCV_FREERTOS//home/bitcraze/projects/gap_sdk/rtos/freeRTOS/vendors/gwt/gap8/pmsis/drivers/pmu/pmu_internal.o
 .text.soc_ctrl_cl_bypass_set
                0x000000001c004fd6       0x1c /media/sf_Projets_HEIG/BA6/IAA/IAA_Labs/lab3/code/gap8/BUILD/GAP8_V2/GCC_RISCV_FREERTOS//home/bitcraze/projects/gap_sdk/rtos/freeRTOS/vendors/gwt/gap8/pmsis/drivers/pmu/pmu_internal.o
 .text.soc_ctrl_cl_bypass_get
                0x000000001c004ff2       0x1a /media/sf_Projets_HEIG/BA6/IAA/IAA_Labs/lab3/code/gap8/BUILD/GAP8_V2/GCC_RISCV_FREERTOS//home/bitcraze/projects/gap_sdk/rtos/freeRTOS/vendors/gwt/gap8/pmsis/drivers/pmu/pmu_internal.o
 .text.soc_ctrl_safe_pmu_rar_get
                0x000000001c00500c       0x1a /media/sf_Projets_HEIG/BA6/IAA/IAA_Labs/lab3/code/gap8/BUILD/GAP8_V2/GCC_RISCV_FREERTOS//home/bitcraze/projects/gap_sdk/rtos/freeRTOS/vendors/gwt/gap8/pmsis/drivers/pmu/pmu_internal.o
 .text.soc_ctrl_safe_pmu_sleepctrl_get
                0x000000001c005026       0x1a /media/sf_Projets_HEIG/BA6/IAA/IAA_Labs/lab3/code/gap8/BUILD/GAP8_V2/GCC_RISCV_FREERTOS//home/bitcraze/projects/gap_sdk/rtos/freeRTOS/vendors/gwt/gap8/pmsis/drivers/pmu/pmu_internal.o
 .text.hal_soc_ctrl_cl_bypass_get
                0x000000001c005040       0x12 /media/sf_Projets_HEIG/BA6/IAA/IAA_Labs/lab3/code/gap8/BUILD/GAP8_V2/GCC_RISCV_FREERTOS//home/bitcraze/projects/gap_sdk/rtos/freeRTOS/vendors/gwt/gap8/pmsis/drivers/pmu/pmu_internal.o
 .text.hal_soc_ctrl_cl_bypass_mask_set
                0x000000001c005052       0x14 /media/sf_Projets_HEIG/BA6/IAA/IAA_Labs/lab3/code/gap8/BUILD/GAP8_V2/GCC_RISCV_FREERTOS//home/bitcraze/projects/gap_sdk/rtos/freeRTOS/vendors/gwt/gap8/pmsis/drivers/pmu/pmu_internal.o
 .text.hal_soc_ctrl_pmu_rar_get
                0x000000001c005066       0x12 /media/sf_Projets_HEIG/BA6/IAA/IAA_Labs/lab3/code/gap8/BUILD/GAP8_V2/GCC_RISCV_FREERTOS//home/bitcraze/projects/gap_sdk/rtos/freeRTOS/vendors/gwt/gap8/pmsis/drivers/pmu/pmu_internal.o
 .text.hal_soc_ctrl_pmu_sleepctrl_get
                0x000000001c005078       0x12 /media/sf_Projets_HEIG/BA6/IAA/IAA_Labs/lab3/code/gap8/BUILD/GAP8_V2/GCC_RISCV_FREERTOS//home/bitcraze/projects/gap_sdk/rtos/freeRTOS/vendors/gwt/gap8/pmsis/drivers/pmu/pmu_internal.o
 .text.pmu_dlc_dlc_imr_set
                0x000000001c00508a       0x1c /media/sf_Projets_HEIG/BA6/IAA/IAA_Labs/lab3/code/gap8/BUILD/GAP8_V2/GCC_RISCV_FREERTOS//home/bitcraze/projects/gap_sdk/rtos/freeRTOS/vendors/gwt/gap8/pmsis/drivers/pmu/pmu_internal.o
 .text.pmu_dlc_dlc_ifr_set
                0x000000001c0050a6       0x1c /media/sf_Projets_HEIG/BA6/IAA/IAA_Labs/lab3/code/gap8/BUILD/GAP8_V2/GCC_RISCV_FREERTOS//home/bitcraze/projects/gap_sdk/rtos/freeRTOS/vendors/gwt/gap8/pmsis/drivers/pmu/pmu_internal.o
 .text.hal_pmu_dlc_imr_mask_set
                0x000000001c0050c2       0x14 /media/sf_Projets_HEIG/BA6/IAA/IAA_Labs/lab3/code/gap8/BUILD/GAP8_V2/GCC_RISCV_FREERTOS//home/bitcraze/projects/gap_sdk/rtos/freeRTOS/vendors/gwt/gap8/pmsis/drivers/pmu/pmu_internal.o
 .text.hal_pmu_dlc_ifr_mask_clear
                0x000000001c0050d6       0x14 /media/sf_Projets_HEIG/BA6/IAA/IAA_Labs/lab3/code/gap8/BUILD/GAP8_V2/GCC_RISCV_FREERTOS//home/bitcraze/projects/gap_sdk/rtos/freeRTOS/vendors/gwt/gap8/pmsis/drivers/pmu/pmu_internal.o
 .text.hal_soc_eu_set_fc_mask
                0x000000001c0050ea       0x5a /media/sf_Projets_HEIG/BA6/IAA/IAA_Labs/lab3/code/gap8/BUILD/GAP8_V2/GCC_RISCV_FREERTOS//home/bitcraze/projects/gap_sdk/rtos/freeRTOS/vendors/gwt/gap8/pmsis/drivers/pmu/pmu_internal.o
 .text.__pi_pmu_handler
                0x000000001c005144       0x32 /media/sf_Projets_HEIG/BA6/IAA/IAA_Labs/lab3/code/gap8/BUILD/GAP8_V2/GCC_RISCV_FREERTOS//home/bitcraze/projects/gap_sdk/rtos/freeRTOS/vendors/gwt/gap8/pmsis/drivers/pmu/pmu_internal.o
 .text.__pi_pmu_task_fifo_pop
                0x000000001c005176       0x32 /media/sf_Projets_HEIG/BA6/IAA/IAA_Labs/lab3/code/gap8/BUILD/GAP8_V2/GCC_RISCV_FREERTOS//home/bitcraze/projects/gap_sdk/rtos/freeRTOS/vendors/gwt/gap8/pmsis/drivers/pmu/pmu_internal.o
 .text.__pi_pmu_init
                0x000000001c0051a8      0x1ae /media/sf_Projets_HEIG/BA6/IAA/IAA_Labs/lab3/code/gap8/BUILD/GAP8_V2/GCC_RISCV_FREERTOS//home/bitcraze/projects/gap_sdk/rtos/freeRTOS/vendors/gwt/gap8/pmsis/drivers/pmu/pmu_internal.o
                0x000000001c0051a8                __pi_pmu_init
 .text.hal_compiler_barrier
                0x000000001c005356        0x4 /media/sf_Projets_HEIG/BA6/IAA/IAA_Labs/lab3/code/gap8/BUILD/GAP8_V2/GCC_RISCV_FREERTOS//home/bitcraze/projects/gap_sdk/rtos/freeRTOS/vendors/gwt/gap8/pmsis/drivers/timer/timer.o
 .text.hal_write32
                0x000000001c00535a       0x1e /media/sf_Projets_HEIG/BA6/IAA/IAA_Labs/lab3/code/gap8/BUILD/GAP8_V2/GCC_RISCV_FREERTOS//home/bitcraze/projects/gap_sdk/rtos/freeRTOS/vendors/gwt/gap8/pmsis/drivers/timer/timer.o
 .text.hal_read32
                0x000000001c005378       0x1e /media/sf_Projets_HEIG/BA6/IAA/IAA_Labs/lab3/code/gap8/BUILD/GAP8_V2/GCC_RISCV_FREERTOS//home/bitcraze/projects/gap_sdk/rtos/freeRTOS/vendors/gwt/gap8/pmsis/drivers/timer/timer.o
 .text.timer_cfg_set
                0x000000001c005396       0x2c /media/sf_Projets_HEIG/BA6/IAA/IAA_Labs/lab3/code/gap8/BUILD/GAP8_V2/GCC_RISCV_FREERTOS//home/bitcraze/projects/gap_sdk/rtos/freeRTOS/vendors/gwt/gap8/pmsis/drivers/timer/timer.o
 .text.timer_cfg_get
                0x000000001c0053c2       0x2a /media/sf_Projets_HEIG/BA6/IAA/IAA_Labs/lab3/code/gap8/BUILD/GAP8_V2/GCC_RISCV_FREERTOS//home/bitcraze/projects/gap_sdk/rtos/freeRTOS/vendors/gwt/gap8/pmsis/drivers/timer/timer.o
 .text.timer_cnt_set
                0x000000001c0053ec       0x2e /media/sf_Projets_HEIG/BA6/IAA/IAA_Labs/lab3/code/gap8/BUILD/GAP8_V2/GCC_RISCV_FREERTOS//home/bitcraze/projects/gap_sdk/rtos/freeRTOS/vendors/gwt/gap8/pmsis/drivers/timer/timer.o
 .text.timer_cmp_set
                0x000000001c00541a       0x2e /media/sf_Projets_HEIG/BA6/IAA/IAA_Labs/lab3/code/gap8/BUILD/GAP8_V2/GCC_RISCV_FREERTOS//home/bitcraze/projects/gap_sdk/rtos/freeRTOS/vendors/gwt/gap8/pmsis/drivers/timer/timer.o
 .text.hal_timer_cfg_set
                0x000000001c005448       0x44 /media/sf_Projets_HEIG/BA6/IAA/IAA_Labs/lab3/code/gap8/BUILD/GAP8_V2/GCC_RISCV_FREERTOS//home/bitcraze/projects/gap_sdk/rtos/freeRTOS/vendors/gwt/gap8/pmsis/drivers/timer/timer.o
 .text.hal_timer_stop_set
                0x000000001c00548c       0x40 /media/sf_Projets_HEIG/BA6/IAA/IAA_Labs/lab3/code/gap8/BUILD/GAP8_V2/GCC_RISCV_FREERTOS//home/bitcraze/projects/gap_sdk/rtos/freeRTOS/vendors/gwt/gap8/pmsis/drivers/timer/timer.o
 .text.pi_timer_init
                0x000000001c0054cc       0x4e /media/sf_Projets_HEIG/BA6/IAA/IAA_Labs/lab3/code/gap8/BUILD/GAP8_V2/GCC_RISCV_FREERTOS//home/bitcraze/projects/gap_sdk/rtos/freeRTOS/vendors/gwt/gap8/pmsis/drivers/timer/timer.o
                0x000000001c0054cc                pi_timer_init
 .text.pi_timer_stop
                0x000000001c00551a       0x44 /media/sf_Projets_HEIG/BA6/IAA/IAA_Labs/lab3/code/gap8/BUILD/GAP8_V2/GCC_RISCV_FREERTOS//home/bitcraze/projects/gap_sdk/rtos/freeRTOS/vendors/gwt/gap8/pmsis/drivers/timer/timer.o
                0x000000001c00551a                pi_timer_stop
 .text.hal_compiler_barrier
                0x000000001c00555e        0x4 /media/sf_Projets_HEIG/BA6/IAA/IAA_Labs/lab3/code/gap8/BUILD/GAP8_V2/GCC_RISCV_FREERTOS//home/bitcraze/projects/gap_sdk/rtos/freeRTOS/vendors/gwt/gap8/pmsis/drivers/udma/hyperbus/hyperbus_internal.o
 .text.hal_write32
                0x000000001c005562       0x1e /media/sf_Projets_HEIG/BA6/IAA/IAA_Labs/lab3/code/gap8/BUILD/GAP8_V2/GCC_RISCV_FREERTOS//home/bitcraze/projects/gap_sdk/rtos/freeRTOS/vendors/gwt/gap8/pmsis/drivers/udma/hyperbus/hyperbus_internal.o
 .text.udma_enqueue_channel
                0x000000001c005580       0x6c /media/sf_Projets_HEIG/BA6/IAA/IAA_Labs/lab3/code/gap8/BUILD/GAP8_V2/GCC_RISCV_FREERTOS//home/bitcraze/projects/gap_sdk/rtos/freeRTOS/vendors/gwt/gap8/pmsis/drivers/udma/hyperbus/hyperbus_internal.o
 .text.hyper_udma_channel_set
                0x000000001c0055ec       0x2a /media/sf_Projets_HEIG/BA6/IAA/IAA_Labs/lab3/code/gap8/BUILD/GAP8_V2/GCC_RISCV_FREERTOS//home/bitcraze/projects/gap_sdk/rtos/freeRTOS/vendors/gwt/gap8/pmsis/drivers/udma/hyperbus/hyperbus_internal.o
 .text.hyper_ext_addr_set
                0x000000001c005616       0x1c /media/sf_Projets_HEIG/BA6/IAA/IAA_Labs/lab3/code/gap8/BUILD/GAP8_V2/GCC_RISCV_FREERTOS//home/bitcraze/projects/gap_sdk/rtos/freeRTOS/vendors/gwt/gap8/pmsis/drivers/udma/hyperbus/hyperbus_internal.o
 .text.hal_hyper_enqueue
                0x000000001c005632       0x34 /media/sf_Projets_HEIG/BA6/IAA/IAA_Labs/lab3/code/gap8/BUILD/GAP8_V2/GCC_RISCV_FREERTOS//home/bitcraze/projects/gap_sdk/rtos/freeRTOS/vendors/gwt/gap8/pmsis/drivers/udma/hyperbus/hyperbus_internal.o
 .text.l2_memcpy
                0x000000001c005666       0x1e /media/sf_Projets_HEIG/BA6/IAA/IAA_Labs/lab3/code/gap8/BUILD/GAP8_V2/GCC_RISCV_FREERTOS//home/bitcraze/projects/gap_sdk/rtos/freeRTOS/vendors/gwt/gap8/pmsis/drivers/udma/hyperbus/hyperbus_internal.o
 .text.__pi_hyper_handle_end_of_task
                0x000000001c005684       0x4c /media/sf_Projets_HEIG/BA6/IAA/IAA_Labs/lab3/code/gap8/BUILD/GAP8_V2/GCC_RISCV_FREERTOS//home/bitcraze/projects/gap_sdk/rtos/freeRTOS/vendors/gwt/gap8/pmsis/drivers/udma/hyperbus/hyperbus_internal.o
 .text.__pi_hyper_task_fifo_pop
                0x000000001c0056d0       0x42 /media/sf_Projets_HEIG/BA6/IAA/IAA_Labs/lab3/code/gap8/BUILD/GAP8_V2/GCC_RISCV_FREERTOS//home/bitcraze/projects/gap_sdk/rtos/freeRTOS/vendors/gwt/gap8/pmsis/drivers/udma/hyperbus/hyperbus_internal.o
 .text.__pi_hyper_resume_emu_task
                0x000000001c005712       0x1a /media/sf_Projets_HEIG/BA6/IAA/IAA_Labs/lab3/code/gap8/BUILD/GAP8_V2/GCC_RISCV_FREERTOS//home/bitcraze/projects/gap_sdk/rtos/freeRTOS/vendors/gwt/gap8/pmsis/drivers/udma/hyperbus/hyperbus_internal.o
 .text.__pi_hyper_copy_misaligned
                0x000000001c00572c       0x34 /media/sf_Projets_HEIG/BA6/IAA/IAA_Labs/lab3/code/gap8/BUILD/GAP8_V2/GCC_RISCV_FREERTOS//home/bitcraze/projects/gap_sdk/rtos/freeRTOS/vendors/gwt/gap8/pmsis/drivers/udma/hyperbus/hyperbus_internal.o
 .text.__pi_hyper_copy_aligned
                0x000000001c005760       0x46 /media/sf_Projets_HEIG/BA6/IAA/IAA_Labs/lab3/code/gap8/BUILD/GAP8_V2/GCC_RISCV_FREERTOS//home/bitcraze/projects/gap_sdk/rtos/freeRTOS/vendors/gwt/gap8/pmsis/drivers/udma/hyperbus/hyperbus_internal.o
 .text.__pi_hyper_copy_exec
                0x000000001c0057a6       0x8a /media/sf_Projets_HEIG/BA6/IAA/IAA_Labs/lab3/code/gap8/BUILD/GAP8_V2/GCC_RISCV_FREERTOS//home/bitcraze/projects/gap_sdk/rtos/freeRTOS/vendors/gwt/gap8/pmsis/drivers/udma/hyperbus/hyperbus_internal.o
 .text.__pi_hyper_copy_2d_exec
                0x000000001c005830       0x4e /media/sf_Projets_HEIG/BA6/IAA/IAA_Labs/lab3/code/gap8/BUILD/GAP8_V2/GCC_RISCV_FREERTOS//home/bitcraze/projects/gap_sdk/rtos/freeRTOS/vendors/gwt/gap8/pmsis/drivers/udma/hyperbus/hyperbus_internal.o
 .text.__pi_hyper_resume_misaligned_write
                0x000000001c00587e      0x2a8 /media/sf_Projets_HEIG/BA6/IAA/IAA_Labs/lab3/code/gap8/BUILD/GAP8_V2/GCC_RISCV_FREERTOS//home/bitcraze/projects/gap_sdk/rtos/freeRTOS/vendors/gwt/gap8/pmsis/drivers/udma/hyperbus/hyperbus_internal.o
 .text.__pi_hyper_resume_misaligned_read
                0x000000001c005b26      0x24e /media/sf_Projets_HEIG/BA6/IAA/IAA_Labs/lab3/code/gap8/BUILD/GAP8_V2/GCC_RISCV_FREERTOS//home/bitcraze/projects/gap_sdk/rtos/freeRTOS/vendors/gwt/gap8/pmsis/drivers/udma/hyperbus/hyperbus_internal.o
 .text.pi_cpi_conf_init
                0x000000001c005d74       0x12 /media/sf_Projets_HEIG/BA6/IAA/IAA_Labs/lab3/code/gap8/BUILD/GAP8_V2/GCC_RISCV_FREERTOS//home/bitcraze/projects/gap_sdk/rtos/freeRTOS/vendors/gwt/gap8/pmsis/drivers/udma/cpi/cpi.o
                0x000000001c005d74                pi_cpi_conf_init
 .text.pi_cpi_open
                0x000000001c005d86       0x26 /media/sf_Projets_HEIG/BA6/IAA/IAA_Labs/lab3/code/gap8/BUILD/GAP8_V2/GCC_RISCV_FREERTOS//home/bitcraze/projects/gap_sdk/rtos/freeRTOS/vendors/gwt/gap8/pmsis/drivers/udma/cpi/cpi.o
                0x000000001c005d86                pi_cpi_open
 .text.pi_cpi_close
                0x000000001c005dac       0x24 /media/sf_Projets_HEIG/BA6/IAA/IAA_Labs/lab3/code/gap8/BUILD/GAP8_V2/GCC_RISCV_FREERTOS//home/bitcraze/projects/gap_sdk/rtos/freeRTOS/vendors/gwt/gap8/pmsis/drivers/udma/cpi/cpi.o
                0x000000001c005dac                pi_cpi_close
 .text.pi_cpi_capture_async
                0x000000001c005dd0       0x28 /media/sf_Projets_HEIG/BA6/IAA/IAA_Labs/lab3/code/gap8/BUILD/GAP8_V2/GCC_RISCV_FREERTOS//home/bitcraze/projects/gap_sdk/rtos/freeRTOS/vendors/gwt/gap8/pmsis/drivers/udma/cpi/cpi.o
                0x000000001c005dd0                pi_cpi_capture_async
 .text.hal_compiler_barrier
                0x000000001c005df8        0x4 /media/sf_Projets_HEIG/BA6/IAA/IAA_Labs/lab3/code/gap8/BUILD/GAP8_V2/GCC_RISCV_FREERTOS//home/bitcraze/projects/gap_sdk/rtos/freeRTOS/vendors/gwt/gap8/pmsis/drivers/udma/cpi/cpi_internal.o
 .text.hal_write32
                0x000000001c005dfc       0x1e /media/sf_Projets_HEIG/BA6/IAA/IAA_Labs/lab3/code/gap8/BUILD/GAP8_V2/GCC_RISCV_FREERTOS//home/bitcraze/projects/gap_sdk/rtos/freeRTOS/vendors/gwt/gap8/pmsis/drivers/udma/cpi/cpi_internal.o
 .text.hal_or32
                0x000000001c005e1a       0x24 /media/sf_Projets_HEIG/BA6/IAA/IAA_Labs/lab3/code/gap8/BUILD/GAP8_V2/GCC_RISCV_FREERTOS//home/bitcraze/projects/gap_sdk/rtos/freeRTOS/vendors/gwt/gap8/pmsis/drivers/udma/cpi/cpi_internal.o
 .text.hal_and32
                0x000000001c005e3e       0x24 /media/sf_Projets_HEIG/BA6/IAA/IAA_Labs/lab3/code/gap8/BUILD/GAP8_V2/GCC_RISCV_FREERTOS//home/bitcraze/projects/gap_sdk/rtos/freeRTOS/vendors/gwt/gap8/pmsis/drivers/udma/cpi/cpi_internal.o
 .text.hal_soc_eu_set_fc_mask
                0x000000001c005e62       0x5a /media/sf_Projets_HEIG/BA6/IAA/IAA_Labs/lab3/code/gap8/BUILD/GAP8_V2/GCC_RISCV_FREERTOS//home/bitcraze/projects/gap_sdk/rtos/freeRTOS/vendors/gwt/gap8/pmsis/drivers/udma/cpi/cpi_internal.o